Archive member included to satisfy reference by file (symbol)

D:/Program Files (x86)/STM32CubeIDE_1.11.2/STM32CubeIDE/plugins/com.st.stm32cube.ide.mcu.externaltools.gnu-tools-for-stm32.11.3.rel1.win32_1.1.100.202309141235/tools/bin/../lib/gcc/arm-none-eabi/11.3.1/../../../../arm-none-eabi/lib/thumb/v7-m/nofp\libc_nano.a(libc_a-exit.o)
                              D:/Program Files (x86)/STM32CubeIDE_1.11.2/STM32CubeIDE/plugins/com.st.stm32cube.ide.mcu.externaltools.gnu-tools-for-stm32.11.3.rel1.win32_1.1.100.202309141235/tools/bin/../lib/gcc/arm-none-eabi/11.3.1/../../../../arm-none-eabi/lib/thumb/v7-m/nofp/crt0.o (exit)
D:/Program Files (x86)/STM32CubeIDE_1.11.2/STM32CubeIDE/plugins/com.st.stm32cube.ide.mcu.externaltools.gnu-tools-for-stm32.11.3.rel1.win32_1.1.100.202309141235/tools/bin/../lib/gcc/arm-none-eabi/11.3.1/../../../../arm-none-eabi/lib/thumb/v7-m/nofp\libc_nano.a(libc_a-findfp.o)
                              D:/Program Files (x86)/STM32CubeIDE_1.11.2/STM32CubeIDE/plugins/com.st.stm32cube.ide.mcu.externaltools.gnu-tools-for-stm32.11.3.rel1.win32_1.1.100.202309141235/tools/bin/../lib/gcc/arm-none-eabi/11.3.1/../../../../arm-none-eabi/lib/thumb/v7-m/nofp\libc_nano.a(libc_a-exit.o) (__stdio_exit_handler)
D:/Program Files (x86)/STM32CubeIDE_1.11.2/STM32CubeIDE/plugins/com.st.stm32cube.ide.mcu.externaltools.gnu-tools-for-stm32.11.3.rel1.win32_1.1.100.202309141235/tools/bin/../lib/gcc/arm-none-eabi/11.3.1/../../../../arm-none-eabi/lib/thumb/v7-m/nofp\libc_nano.a(libc_a-fwalk.o)
                              D:/Program Files (x86)/STM32CubeIDE_1.11.2/STM32CubeIDE/plugins/com.st.stm32cube.ide.mcu.externaltools.gnu-tools-for-stm32.11.3.rel1.win32_1.1.100.202309141235/tools/bin/../lib/gcc/arm-none-eabi/11.3.1/../../../../arm-none-eabi/lib/thumb/v7-m/nofp\libc_nano.a(libc_a-findfp.o) (_fwalk_sglue)
D:/Program Files (x86)/STM32CubeIDE_1.11.2/STM32CubeIDE/plugins/com.st.stm32cube.ide.mcu.externaltools.gnu-tools-for-stm32.11.3.rel1.win32_1.1.100.202309141235/tools/bin/../lib/gcc/arm-none-eabi/11.3.1/../../../../arm-none-eabi/lib/thumb/v7-m/nofp\libc_nano.a(libc_a-stdio.o)
                              D:/Program Files (x86)/STM32CubeIDE_1.11.2/STM32CubeIDE/plugins/com.st.stm32cube.ide.mcu.externaltools.gnu-tools-for-stm32.11.3.rel1.win32_1.1.100.202309141235/tools/bin/../lib/gcc/arm-none-eabi/11.3.1/../../../../arm-none-eabi/lib/thumb/v7-m/nofp\libc_nano.a(libc_a-findfp.o) (__sread)
D:/Program Files (x86)/STM32CubeIDE_1.11.2/STM32CubeIDE/plugins/com.st.stm32cube.ide.mcu.externaltools.gnu-tools-for-stm32.11.3.rel1.win32_1.1.100.202309141235/tools/bin/../lib/gcc/arm-none-eabi/11.3.1/../../../../arm-none-eabi/lib/thumb/v7-m/nofp\libc_nano.a(libc_a-memset.o)
                              D:/Program Files (x86)/STM32CubeIDE_1.11.2/STM32CubeIDE/plugins/com.st.stm32cube.ide.mcu.externaltools.gnu-tools-for-stm32.11.3.rel1.win32_1.1.100.202309141235/tools/bin/../lib/gcc/arm-none-eabi/11.3.1/../../../../arm-none-eabi/lib/thumb/v7-m/nofp/crt0.o (memset)
D:/Program Files (x86)/STM32CubeIDE_1.11.2/STM32CubeIDE/plugins/com.st.stm32cube.ide.mcu.externaltools.gnu-tools-for-stm32.11.3.rel1.win32_1.1.100.202309141235/tools/bin/../lib/gcc/arm-none-eabi/11.3.1/../../../../arm-none-eabi/lib/thumb/v7-m/nofp\libc_nano.a(libc_a-closer.o)
                              D:/Program Files (x86)/STM32CubeIDE_1.11.2/STM32CubeIDE/plugins/com.st.stm32cube.ide.mcu.externaltools.gnu-tools-for-stm32.11.3.rel1.win32_1.1.100.202309141235/tools/bin/../lib/gcc/arm-none-eabi/11.3.1/../../../../arm-none-eabi/lib/thumb/v7-m/nofp\libc_nano.a(libc_a-stdio.o) (_close_r)
D:/Program Files (x86)/STM32CubeIDE_1.11.2/STM32CubeIDE/plugins/com.st.stm32cube.ide.mcu.externaltools.gnu-tools-for-stm32.11.3.rel1.win32_1.1.100.202309141235/tools/bin/../lib/gcc/arm-none-eabi/11.3.1/../../../../arm-none-eabi/lib/thumb/v7-m/nofp\libc_nano.a(libc_a-reent.o)
                              D:/Program Files (x86)/STM32CubeIDE_1.11.2/STM32CubeIDE/plugins/com.st.stm32cube.ide.mcu.externaltools.gnu-tools-for-stm32.11.3.rel1.win32_1.1.100.202309141235/tools/bin/../lib/gcc/arm-none-eabi/11.3.1/../../../../arm-none-eabi/lib/thumb/v7-m/nofp\libc_nano.a(libc_a-closer.o) (errno)
D:/Program Files (x86)/STM32CubeIDE_1.11.2/STM32CubeIDE/plugins/com.st.stm32cube.ide.mcu.externaltools.gnu-tools-for-stm32.11.3.rel1.win32_1.1.100.202309141235/tools/bin/../lib/gcc/arm-none-eabi/11.3.1/../../../../arm-none-eabi/lib/thumb/v7-m/nofp\libc_nano.a(libc_a-impure.o)
                              D:/Program Files (x86)/STM32CubeIDE_1.11.2/STM32CubeIDE/plugins/com.st.stm32cube.ide.mcu.externaltools.gnu-tools-for-stm32.11.3.rel1.win32_1.1.100.202309141235/tools/bin/../lib/gcc/arm-none-eabi/11.3.1/../../../../arm-none-eabi/lib/thumb/v7-m/nofp\libc_nano.a(libc_a-reent.o) (_impure_ptr)
[...]
Memory Configuration

Name             Origin             Length             Attributes
RAM              0x0000000020000000 0x0000000000005000 xrw
FLASH            0x0000000008000000 0x0000000000020000 xr
*default*        0x0000000000000000 0xffffffffffffffff

Linker script and memory map

LOAD D:/Program Files (x86)/STM32CubeIDE_1.11.2/STM32CubeIDE/plugins/com.st.stm32cube.ide.mcu.externaltools.gnu-tools-for-stm32.11.3.rel1.win32_1.1.100.202309141235/tools/bin/../lib/gcc/arm-none-eabi/11.3.1/thumb/v7-m/nofp/crti.o
LOAD D:/Program Files (x86)/STM32CubeIDE_1.11.2/STM32CubeIDE/plugins/com.st.stm32cube.ide.mcu.externaltools.gnu-tools-for-stm32.11.3.rel1.win32_1.1.100.202309141235/tools/bin/../lib/gcc/arm-none-eabi/11.3.1/thumb/v7-m/nofp/crtbegin.o
LOAD D:/Program Files (x86)/STM32CubeIDE_1.11.2/STM32CubeIDE/plugins/com.st.stm32cube.ide.mcu.externaltools.gnu-tools-for-stm32.11.3.rel1.win32_1.1.100.202309141235/tools/bin/../lib/gcc/arm-none-eabi/11.3.1/../../../../arm-none-eabi/lib/thumb/v7-m/nofp/crt0.o
LOAD ./Drivers/STM32F1xx_HAL_Driver/Src/stm32f1xx_hal.o
LOAD ./Drivers/STM32F1xx_HAL_Driver/Src/stm32f1xx_hal_adc.o
LOAD ./Drivers/STM32F1xx_HAL_Driver/Src/stm32f1xx_hal_adc_ex.o
LOAD ./Drivers/STM32F1xx_HAL_Driver/Src/stm32f1xx_hal_can.o
LOAD ./Drivers/STM32F1xx_HAL_Driver/Src/stm32f1xx_hal_cortex.o
LOAD ./Drivers/STM32F1xx_HAL_Driver/Src/stm32f1xx_hal_dma.o
LOAD ./Drivers/STM32F1xx_HAL_Driver/Src/stm32f1xx_hal_flash.o
LOAD ./Drivers/STM32F1xx_HAL_Driver/Src/stm32f1xx_hal_flash_ex.o
LOAD ./Drivers/STM32F1xx_HAL_Driver/Src/stm32f1xx_hal_gpio.o
LOAD ./Drivers/STM32F1xx_HAL_Driver/Src/stm32f1xx_hal_gpio_ex.o
LOAD ./Drivers/STM32F1xx_HAL_Driver/Src/stm32f1xx_hal_pwr.o
LOAD ./Drivers/STM32F1xx_HAL_Driver/Src/stm32f1xx_hal_rcc.o
LOAD ./Drivers/STM32F1xx_HAL_Driver/Src/stm32f1xx_hal_rcc_ex.o
LOAD ./Drivers/STM32F1xx_HAL_Driver/Src/stm32f1xx_hal_tim.o
LOAD ./Drivers/STM32F1xx_HAL_Driver/Src/stm32f1xx_hal_tim_ex.o
LOAD ./Drivers/STM32F1xx_HAL_Driver/Src/stm32f1xx_hal_uart.o
LOAD ./Drivers/STM32F1xx_HAL_Driver/Src/stm32f1xx_hal_usart.o
LOAD ./Src/FLASH_PAGE_F1.o
LOAD ./Src/adc.o
LOAD ./Src/calibrate.o
LOAD ./Src/can.o
LOAD ./Src/control.o
LOAD ./Src/dma.o
LOAD ./Src/gpio.o
LOAD ./Src/main.o
LOAD ./Src/power.o
LOAD ./Src/steering.o
LOAD ./Src/stm32f1xx_hal_msp.o
LOAD ./Src/stm32f1xx_it.o
LOAD ./Src/system_stm32f1xx.o
LOAD ./Src/tim.o
LOAD ./Src/timer.o
LOAD ./Src/usart.o
LOAD ./Src/wheels.o
LOAD ./Startup/startup_stm32f103rbtx.o
START GROUP
LOAD D:/Program Files (x86)/STM32CubeIDE_1.11.2/STM32CubeIDE/plugins/com.st.stm32cube.ide.mcu.externaltools.gnu-tools-for-stm32.11.3.rel1.win32_1.1.100.202309141235/tools/bin/../lib/gcc/arm-none-eabi/11.3.1/../../../../arm-none-eabi/lib/thumb/v7-m/nofp\libc_nano.a
LOAD D:/Program Files (x86)/STM32CubeIDE_1.11.2/STM32CubeIDE/plugins/com.st.stm32cube.ide.mcu.externaltools.gnu-tools-for-stm32.11.3.rel1.win32_1.1.100.202309141235/tools/bin/../lib/gcc/arm-none-eabi/11.3.1/../../../../arm-none-eabi/lib/thumb/v7-m/nofp\libm.a
END GROUP
START GROUP
LOAD D:/Program Files (x86)/STM32CubeIDE_1.11.2/STM32CubeIDE/plugins/com.st.stm32cube.ide.mcu.externaltools.gnu-tools-for-stm32.11.3.rel1.win32_1.1.100.202309141235/tools/bin/../lib/gcc/arm-none-eabi/11.3.1/thumb/v7-m/nofp\libgcc.a
LOAD D:/Program Files (x86)/STM32CubeIDE_1.11.2/STM32CubeIDE/plugins/com.st.stm32cube.ide.mcu.externaltools.gnu-tools-for-stm32.11.3.rel1.win32_1.1.100.202309141235/tools/bin/../lib/gcc/arm-none-eabi/11.3.1/../../../../arm-none-eabi/lib/thumb/v7-m/nofp\libc_nano.a
END GROUP
START GROUP
LOAD D:/Program Files (x86)/STM32CubeIDE_1.11.2/STM32CubeIDE/plugins/com.st.stm32cube.ide.mcu.externaltools.gnu-tools-for-stm32.11.3.rel1.win32_1.1.100.202309141235/tools/bin/../lib/gcc/arm-none-eabi/11.3.1/thumb/v7-m/nofp\libgcc.a
LOAD D:/Program Files (x86)/STM32CubeIDE_1.11.2/STM32CubeIDE/plugins/com.st.stm32cube.ide.mcu.externaltools.gnu-tools-for-stm32.11.3.rel1.win32_1.1.100.202309141235/tools/bin/../lib/gcc/arm-none-eabi/11.3.1/../../../../arm-none-eabi/lib/thumb/v7-m/nofp\libc_nano.a
LOAD D:/Program Files (x86)/STM32CubeIDE_1.11.2/STM32CubeIDE/plugins/com.st.stm32cube.ide.mcu.externaltools.gnu-tools-for-stm32.11.3.rel1.win32_1.1.100.202309141235/tools/bin/../lib/gcc/arm-none-eabi/11.3.1/../../../../arm-none-eabi/lib/thumb/v7-m/nofp\libnosys.a
END GROUP
START GROUP
LOAD D:/Program Files (x86)/STM32CubeIDE_1.11.2/STM32CubeIDE/plugins/com.st.stm32cube.ide.mcu.externaltools.gnu-tools-for-stm32.11.3.rel1.win32_1.1.100.202309141235/tools/bin/../lib/gcc/arm-none-eabi/11.3.1/thumb/v7-m/nofp\libgcc.a
LOAD D:/Program Files (x86)/STM32CubeIDE_1.11.2/STM32CubeIDE/plugins/com.st.stm32cube.ide.mcu.externaltools.gnu-tools-for-stm32.11.3.rel1.win32_1.1.100.202309141235/tools/bin/../lib/gcc/arm-none-eabi/11.3.1/../../../../arm-none-eabi/lib/thumb/v7-m/nofp\libc_nano.a
LOAD D:/Program Files (x86)/STM32CubeIDE_1.11.2/STM32CubeIDE/plugins/com.st.stm32cube.ide.mcu.externaltools.gnu-tools-for-stm32.11.3.rel1.win32_1.1.100.202309141235/tools/bin/../lib/gcc/arm-none-eabi/11.3.1/../../../../arm-none-eabi/lib/thumb/v7-m/nofp\libnosys.a
END GROUP
LOAD D:/Program Files (x86)/STM32CubeIDE_1.11.2/STM32CubeIDE/plugins/com.st.stm32cube.ide.mcu.externaltools.gnu-tools-for-stm32.11.3.rel1.win32_1.1.100.202309141235/tools/bin/../lib/gcc/arm-none-eabi/11.3.1/thumb/v7-m/nofp/crtend.o
LOAD D:/Program Files (x86)/STM32CubeIDE_1.11.2/STM32CubeIDE/plugins/com.st.stm32cube.ide.mcu.externaltools.gnu-tools-for-stm32.11.3.rel1.win32_1.1.100.202309141235/tools/bin/../lib/gcc/arm-none-eabi/11.3.1/thumb/v7-m/nofp/crtn.o
                0x0000000020005000                _estack = (ORIGIN (RAM) + LENGTH (RAM))
                0x0000000000000200                _Min_Heap_Size = 0x200
                0x0000000000000400                _Min_Stack_Size = 0x400

.isr_vector     0x0000000008000000      0x130
                0x0000000008000000                . = ALIGN (0x4)
 *(.isr_vector)
 .isr_vector    0x0000000008000000      0x130 ./Startup/startup_stm32f103rbtx.o
                0x0000000008000000                g_pfnVectors
                0x0000000008000130                . = ALIGN (0x4)

.text           0x0000000008000130     0x7398
                0x0000000008000130                . = ALIGN (0x4)
 *(.text)
 .text          0x0000000008000130       0x40 D:/Program Files (x86)/STM32CubeIDE_1.11.2/STM32CubeIDE/plugins/com.st.stm32cube.ide.mcu.externaltools.gnu-tools-for-stm32.11.3.rel1.win32_1.1.100.202309141235/tools/bin/../lib/gcc/arm-none-eabi/11.3.1/thumb/v7-m/nofp/crtbegin.o
 .text          0x0000000008000170      0x378 D:/Program Files (x86)/STM32CubeIDE_1.11.2/STM32CubeIDE/plugins/com.st.stm32cube.ide.mcu.externaltools.gnu-tools-for-stm32.11.3.rel1.win32_1.1.100.202309141235/tools/bin/../lib/gcc/arm-none-eabi/11.3.1/thumb/v7-m/nofp\libgcc.a(_arm_addsubdf3.o)
                0x0000000008000170                __aeabi_drsub
                0x0000000008000178                __aeabi_dsub
                0x0000000008000178                __subdf3
                0x000000000800017c                __aeabi_dadd
                0x000000000800017c                __adddf3
                0x00000000080003f4                __floatunsidf
                0x00000000080003f4                __aeabi_ui2d
                0x0000000008000414                __floatsidf
                0x0000000008000414                __aeabi_i2d
                0x0000000008000438                __aeabi_f2d
                0x0000000008000438                __extendsfdf2
                0x000000000800047c                __floatundidf
                0x000000000800047c                __aeabi_ul2d
                0x000000000800048c                __floatdidf
                0x000000000800048c                __aeabi_l2d
 .text          0x00000000080004e8      0x424 D:/Program Files (x86)/STM32CubeIDE_1.11.2/STM32CubeIDE/plugins/com.st.stm32cube.ide.mcu.externaltools.gnu-tools-for-stm32.11.3.rel1.win32_1.1.100.202309141235/tools/bin/../lib/gcc/arm-none-eabi/11.3.1/thumb/v7-m/nofp\libgcc.a(_arm_muldivdf3.o)
                0x00000000080004e8                __aeabi_dmul
                0x00000000080004e8                __muldf3
                0x000000000800073c                __divdf3
                0x000000000800073c                __aeabi_ddiv
 .text          0x000000000800090c       0x50 D:/Program Files (x86)/STM32CubeIDE_1.11.2/STM32CubeIDE/plugins/com.st.stm32cube.ide.mcu.externaltools.gnu-tools-for-stm32.11.3.rel1.win32_1.1.100.202309141235/tools/bin/../lib/gcc/arm-none-eabi/11.3.1/thumb/v7-m/nofp\libgcc.a(_arm_fixdfsi.o)
                0x000000000800090c                __aeabi_d2iz
                0x000000000800090c                __fixdfsi
 .text          0x000000000800095c      0x21c D:/Program Files (x86)/STM32CubeIDE_1.11.2/STM32CubeIDE/plugins/com.st.stm32cube.ide.mcu.externaltools.gnu-tools-for-stm32.11.3.rel1.win32_1.1.100.202309141235/tools/bin/../lib/gcc/arm-none-eabi/11.3.1/thumb/v7-m/nofp\libgcc.a(_arm_addsubsf3.o)
                0x000000000800095c                __aeabi_frsub
                0x0000000008000964                __subsf3
                0x0000000008000964                __aeabi_fsub
                0x0000000008000968                __aeabi_fadd
                0x0000000008000968                __addsf3
                0x0000000008000ac8                __aeabi_ui2f
                0x0000000008000ac8                __floatunsisf
                0x0000000008000ad0                __aeabi_i2f
                0x0000000008000ad0                __floatsisf
                0x0000000008000aec                __aeabi_ul2f
                0x0000000008000aec                __floatundisf
                0x0000000008000afc                __aeabi_l2f
                0x0000000008000afc                __floatdisf
 .text          0x0000000008000b78      0x2a0 D:/Program Files (x86)/STM32CubeIDE_1.11.2/STM32CubeIDE/plugins/com.st.stm32cube.ide.mcu.externaltools.gnu-tools-for-stm32.11.3.rel1.win32_1.1.100.202309141235/tools/bin/../lib/gcc/arm-none-eabi/11.3.1/thumb/v7-m/nofp\libgcc.a(_arm_muldivsf3.o)
                0x0000000008000b78                __mulsf3
                0x0000000008000b78                __aeabi_fmul
                0x0000000008000ce0                __aeabi_fdiv
                0x0000000008000ce0                __divsf3
 .text          0x0000000008000e18       0xec D:/Program Files (x86)/STM32CubeIDE_1.11.2/STM32CubeIDE/plugins/com.st.stm32cube.ide.mcu.externaltools.gnu-tools-for-stm32.11.3.rel1.win32_1.1.100.202309141235/tools/bin/../lib/gcc/arm-none-eabi/11.3.1/thumb/v7-m/nofp\libgcc.a(_arm_cmpsf2.o)
                0x0000000008000e18                __gesf2
                0x0000000008000e18                __gtsf2
                0x0000000008000e20                __lesf2
                0x0000000008000e20                __ltsf2
                0x0000000008000e28                __nesf2
                0x0000000008000e28                __eqsf2
                0x0000000008000e28                __cmpsf2
                0x0000000008000e88                __aeabi_cfrcmple
                0x0000000008000e90                __aeabi_cfcmpeq
                0x0000000008000e90                __aeabi_cfcmple
                0x0000000008000ea0                __aeabi_fcmpeq
                0x0000000008000eb4                __aeabi_fcmplt
                0x0000000008000ec8                __aeabi_fcmple
                0x0000000008000edc                __aeabi_fcmpge
                0x0000000008000ef0                __aeabi_fcmpgt
 .text          0x0000000008000f04       0x4c D:/Program Files (x86)/STM32CubeIDE_1.11.2/STM32CubeIDE/plugins/com.st.stm32cube.ide.mcu.externaltools.gnu-tools-for-stm32.11.3.rel1.win32_1.1.100.202309141235/tools/bin/../lib/gcc/arm-none-eabi/11.3.1/thumb/v7-m/nofp\libgcc.a(_arm_fixsfsi.o)
                0x0000000008000f04                __aeabi_f2iz
                0x0000000008000f04                __fixsfsi
 .text          0x0000000008000f50       0x30 D:/Program Files (x86)/STM32CubeIDE_1.11.2/STM32CubeIDE/plugins/com.st.stm32cube.ide.mcu.externaltools.gnu-tools-for-stm32.11.3.rel1.win32_1.1.100.202309141235/tools/bin/../lib/gcc/arm-none-eabi/11.3.1/thumb/v7-m/nofp\libgcc.a(_aeabi_uldivmod.o)
                0x0000000008000f50                __aeabi_uldivmod
 .text          0x0000000008000f80      0x2cc D:/Program Files (x86)/STM32CubeIDE_1.11.2/STM32CubeIDE/plugins/com.st.stm32cube.ide.mcu.externaltools.gnu-tools-for-stm32.11.3.rel1.win32_1.1.100.202309141235/tools/bin/../lib/gcc/arm-none-eabi/11.3.1/thumb/v7-m/nofp\libgcc.a(_udivmoddi4.o)
                0x0000000008000f80                __udivmoddi4
 .text          0x000000000800124c        0x4 D:/Program Files (x86)/STM32CubeIDE_1.11.2/STM32CubeIDE/plugins/com.st.stm32cube.ide.mcu.externaltools.gnu-tools-for-stm32.11.3.rel1.win32_1.1.100.202309141235/tools/bin/../lib/gcc/arm-none-eabi/11.3.1/thumb/v7-m/nofp\libgcc.a(_dvmd_tls.o)
                0x000000000800124c                __aeabi_idiv0
                0x000000000800124c                __aeabi_ldiv0
 *(.text*)
 .text.HAL_Init
                0x0000000008001250       0x2c ./Drivers/STM32F1xx_HAL_Driver/Src/stm32f1xx_hal.o
                0x0000000008001250                HAL_Init
 .text.HAL_InitTick
                0x000000000800127c       0x38 ./Drivers/STM32F1xx_HAL_Driver/Src/stm32f1xx_hal.o
                0x000000000800127c                HAL_InitTick
 .text.HAL_IncTick
                0x00000000080012b4       0x1c ./Drivers/STM32F1xx_HAL_Driver/Src/stm32f1xx_hal.o
                0x00000000080012b4                HAL_IncTick
 .text.HAL_GetTick
                0x00000000080012d0       0x14 ./Drivers/STM32F1xx_HAL_Driver/Src/stm32f1xx_hal.o
                0x00000000080012d0                HAL_GetTick
 .text.HAL_Delay
                0x00000000080012e4       0x3c ./Drivers/STM32F1xx_HAL_Driver/Src/stm32f1xx_hal.o
                0x00000000080012e4                HAL_Delay
 .text.HAL_ADC_Init
                0x0000000008001320      0x1b0 ./Drivers/STM32F1xx_HAL_Driver/Src/stm32f1xx_hal_adc.o
                0x0000000008001320                HAL_ADC_Init
 .text.HAL_ADC_Start_DMA
                0x00000000080014d0      0x1bc ./Drivers/STM32F1xx_HAL_Driver/Src/stm32f1xx_hal_adc.o
                0x00000000080014d0                HAL_ADC_Start_DMA
 .text.HAL_ADC_ConvCpltCallback
                0x000000000800168c       0x12 ./Drivers/STM32F1xx_HAL_Driver/Src/stm32f1xx_hal_adc.o
                0x000000000800168c                HAL_ADC_ConvCpltCallback
 .text.HAL_ADC_ConvHalfCpltCallback
                0x000000000800169e       0x12 ./Drivers/STM32F1xx_HAL_Driver/Src/stm32f1xx_hal_adc.o
                0x000000000800169e                HAL_ADC_ConvHalfCpltCallback
 .text.HAL_ADC_ErrorCallback
                0x00000000080016b0       0x12 ./Drivers/STM32F1xx_HAL_Driver/Src/stm32f1xx_hal_adc.o
                0x00000000080016b0                HAL_ADC_ErrorCallback
 *fill*         0x00000000080016c2        0x2 
 .text.HAL_ADC_ConfigChannel
                0x00000000080016c4      0x1f0 ./Drivers/STM32F1xx_HAL_Driver/Src/stm32f1xx_hal_adc.o
                0x00000000080016c4                HAL_ADC_ConfigChannel
 .text.ADC_Enable
                0x00000000080018b4       0xa4 ./Drivers/STM32F1xx_HAL_Driver/Src/stm32f1xx_hal_adc.o
                0x00000000080018b4                ADC_Enable
 .text.ADC_ConversionStop_Disable
                0x0000000008001958       0x74 ./Drivers/STM32F1xx_HAL_Driver/Src/stm32f1xx_hal_adc.o
                0x0000000008001958                ADC_ConversionStop_Disable
 .text.ADC_DMAConvCplt
                0x00000000080019cc       0x7c ./Drivers/STM32F1xx_HAL_Driver/Src/stm32f1xx_hal_adc.o
                0x00000000080019cc                ADC_DMAConvCplt
 .text.ADC_DMAHalfConvCplt
                0x0000000008001a48       0x1c ./Drivers/STM32F1xx_HAL_Driver/Src/stm32f1xx_hal_adc.o
                0x0000000008001a48                ADC_DMAHalfConvCplt
 .text.ADC_DMAError
                0x0000000008001a64       0x34 ./Drivers/STM32F1xx_HAL_Driver/Src/stm32f1xx_hal_adc.o
                0x0000000008001a64                ADC_DMAError
 .text.HAL_CAN_Init
                0x0000000008001a98      0x202 ./Drivers/STM32F1xx_HAL_Driver/Src/stm32f1xx_hal_can.o
                0x0000000008001a98                HAL_CAN_Init
 .text.HAL_CAN_ConfigFilter
                0x0000000008001c9a      0x1a2 ./Drivers/STM32F1xx_HAL_Driver/Src/stm32f1xx_hal_can.o
                0x0000000008001c9a                HAL_CAN_ConfigFilter
 .text.HAL_CAN_Transmit
                0x0000000008001e3c      0x36c ./Drivers/STM32F1xx_HAL_Driver/Src/stm32f1xx_hal_can.o
                0x0000000008001e3c                HAL_CAN_Transmit
 .text.HAL_CAN_IRQHandler
                0x00000000080021a8      0x488 ./Drivers/STM32F1xx_HAL_Driver/Src/stm32f1xx_hal_can.o
                0x00000000080021a8                HAL_CAN_IRQHandler
 .text.HAL_CAN_TxCpltCallback
                0x0000000008002630       0x12 ./Drivers/STM32F1xx_HAL_Driver/Src/stm32f1xx_hal_can.o
                0x0000000008002630                HAL_CAN_TxCpltCallback
 .text.HAL_CAN_ErrorCallback
                0x0000000008002642       0x12 ./Drivers/STM32F1xx_HAL_Driver/Src/stm32f1xx_hal_can.o
                0x0000000008002642                HAL_CAN_ErrorCallback
 .text.CAN_Transmit_IT
                0x0000000008002654       0x86 ./Drivers/STM32F1xx_HAL_Driver/Src/stm32f1xx_hal_can.o
 .text.CAN_Receive_IT
                0x00000000080026da      0x278 ./Drivers/STM32F1xx_HAL_Driver/Src/stm32f1xx_hal_can.o
 *fill*         0x0000000008002952        0x2 
 .text.NVIC_SetPriorityGrouping
                0x0000000008002954       0x48 ./Drivers/STM32F1xx_HAL_Driver/Src/stm32f1xx_hal_cortex.o
 .text.NVIC_GetPriorityGrouping
                0x000000000800299c       0x1c ./Drivers/STM32F1xx_HAL_Driver/Src/stm32f1xx_hal_cortex.o
 .text.NVIC_EnableIRQ
                0x00000000080029b8       0x30 ./Drivers/STM32F1xx_HAL_Driver/Src/stm32f1xx_hal_cortex.o
 .text.NVIC_SetPriority
                0x00000000080029e8       0x54 ./Drivers/STM32F1xx_HAL_Driver/Src/stm32f1xx_hal_cortex.o
 .text.NVIC_EncodePriority
                0x0000000008002a3c       0x64 ./Drivers/STM32F1xx_HAL_Driver/Src/stm32f1xx_hal_cortex.o
 .text.SysTick_Config
                0x0000000008002aa0       0x44 ./Drivers/STM32F1xx_HAL_Driver/Src/stm32f1xx_hal_cortex.o
 .text.HAL_NVIC_SetPriorityGrouping
                0x0000000008002ae4       0x16 ./Drivers/STM32F1xx_HAL_Driver/Src/stm32f1xx_hal_cortex.o
                0x0000000008002ae4                HAL_NVIC_SetPriorityGrouping
 .text.HAL_NVIC_SetPriority
                0x0000000008002afa       0x38 ./Drivers/STM32F1xx_HAL_Driver/Src/stm32f1xx_hal_cortex.o
                0x0000000008002afa                HAL_NVIC_SetPriority
 .text.HAL_NVIC_EnableIRQ
                0x0000000008002b32       0x1c ./Drivers/STM32F1xx_HAL_Driver/Src/stm32f1xx_hal_cortex.o
                0x0000000008002b32                HAL_NVIC_EnableIRQ
 .text.HAL_SYSTICK_Config
                0x0000000008002b4e       0x18 ./Drivers/STM32F1xx_HAL_Driver/Src/stm32f1xx_hal_cortex.o
                0x0000000008002b4e                HAL_SYSTICK_Config
 *fill*         0x0000000008002b66        0x2 
 .text.HAL_SYSTICK_CLKSourceConfig
                0x0000000008002b68       0x38 ./Drivers/STM32F1xx_HAL_Driver/Src/stm32f1xx_hal_cortex.o
                0x0000000008002b68                HAL_SYSTICK_CLKSourceConfig
 .text.HAL_SYSTICK_IRQHandler
                0x0000000008002ba0        0xc ./Drivers/STM32F1xx_HAL_Driver/Src/stm32f1xx_hal_cortex.o
                0x0000000008002ba0                HAL_SYSTICK_IRQHandler
 .text.HAL_SYSTICK_Callback
                0x0000000008002bac        0xc ./Drivers/STM32F1xx_HAL_Driver/Src/stm32f1xx_hal_cortex.o
                0x0000000008002bac                HAL_SYSTICK_Callback
 .text.HAL_DMA_Init
                0x0000000008002bb8       0xcc ./Drivers/STM32F1xx_HAL_Driver/Src/stm32f1xx_hal_dma.o
                0x0000000008002bb8                HAL_DMA_Init
 .text.HAL_DMA_Start_IT
                0x0000000008002c84       0xbe ./Drivers/STM32F1xx_HAL_Driver/Src/stm32f1xx_hal_dma.o
                0x0000000008002c84                HAL_DMA_Start_IT
 *fill*         0x0000000008002d42        0x2 
 .text.HAL_DMA_IRQHandler
                0x0000000008002d44      0x20c ./Drivers/STM32F1xx_HAL_Driver/Src/stm32f1xx_hal_dma.o
                0x0000000008002d44                HAL_DMA_IRQHandler
 .text.DMA_SetConfig
                0x0000000008002f50       0x5a ./Drivers/STM32F1xx_HAL_Driver/Src/stm32f1xx_hal_dma.o
 *fill*         0x0000000008002faa        0x2 
 .text.HAL_FLASH_Program
                0x0000000008002fac       0xe0 ./Drivers/STM32F1xx_HAL_Driver/Src/stm32f1xx_hal_flash.o
                0x0000000008002fac                HAL_FLASH_Program
 .text.HAL_FLASH_Unlock
                0x000000000800308c       0x38 ./Drivers/STM32F1xx_HAL_Driver/Src/stm32f1xx_hal_flash.o
                0x000000000800308c                HAL_FLASH_Unlock
 .text.HAL_FLASH_Lock
                0x00000000080030c4       0x20 ./Drivers/STM32F1xx_HAL_Driver/Src/stm32f1xx_hal_flash.o
                0x00000000080030c4                HAL_FLASH_Lock
 .text.HAL_FLASH_GetError
                0x00000000080030e4       0x14 ./Drivers/STM32F1xx_HAL_Driver/Src/stm32f1xx_hal_flash.o
                0x00000000080030e4                HAL_FLASH_GetError
 .text.FLASH_Program_HalfWord
                0x00000000080030f8       0x38 ./Drivers/STM32F1xx_HAL_Driver/Src/stm32f1xx_hal_flash.o
 .text.FLASH_WaitForLastOperation
                0x0000000008003130       0x8c ./Drivers/STM32F1xx_HAL_Driver/Src/stm32f1xx_hal_flash.o
                0x0000000008003130                FLASH_WaitForLastOperation
 .text.FLASH_SetErrorCode
                0x00000000080031bc       0xa0 ./Drivers/STM32F1xx_HAL_Driver/Src/stm32f1xx_hal_flash.o
 .text.HAL_FLASHEx_Erase
                0x000000000800325c       0xd8 ./Drivers/STM32F1xx_HAL_Driver/Src/stm32f1xx_hal_flash_ex.o
                0x000000000800325c                HAL_FLASHEx_Erase
 .text.FLASH_MassErase
                0x0000000008003334       0x38 ./Drivers/STM32F1xx_HAL_Driver/Src/stm32f1xx_hal_flash_ex.o
 .text.FLASH_PageErase
                0x000000000800336c       0x40 ./Drivers/STM32F1xx_HAL_Driver/Src/stm32f1xx_hal_flash_ex.o
                0x000000000800336c                FLASH_PageErase
 .text.HAL_GPIO_Init
                0x00000000080033ac      0x310 ./Drivers/STM32F1xx_HAL_Driver/Src/stm32f1xx_hal_gpio.o
                0x00000000080033ac                HAL_GPIO_Init
 .text.HAL_GPIO_ReadPin
                0x00000000080036bc       0x2e ./Drivers/STM32F1xx_HAL_Driver/Src/stm32f1xx_hal_gpio.o
                0x00000000080036bc                HAL_GPIO_ReadPin
 .text.HAL_GPIO_WritePin
                0x00000000080036ea       0x30 ./Drivers/STM32F1xx_HAL_Driver/Src/stm32f1xx_hal_gpio.o
                0x00000000080036ea                HAL_GPIO_WritePin
 *fill*         0x000000000800371a        0x2 
 .text.HAL_GPIO_EXTI_IRQHandler
                0x000000000800371c       0x30 ./Drivers/STM32F1xx_HAL_Driver/Src/stm32f1xx_hal_gpio.o
                0x000000000800371c                HAL_GPIO_EXTI_IRQHandler
 .text.HAL_RCC_OscConfig
                0x000000000800374c      0x4c8 ./Drivers/STM32F1xx_HAL_Driver/Src/stm32f1xx_hal_rcc.o
                0x000000000800374c                HAL_RCC_OscConfig
 .text.HAL_RCC_ClockConfig
                0x0000000008003c14      0x1e8 ./Drivers/STM32F1xx_HAL_Driver/Src/stm32f1xx_hal_rcc.o
                0x0000000008003c14                HAL_RCC_ClockConfig
 .text.HAL_RCC_GetSysClockFreq
                0x0000000008003dfc       0xbc ./Drivers/STM32F1xx_HAL_Driver/Src/stm32f1xx_hal_rcc.o
                0x0000000008003dfc                HAL_RCC_GetSysClockFreq
 .text.HAL_RCC_GetHCLKFreq
                0x0000000008003eb8       0x14 ./Drivers/STM32F1xx_HAL_Driver/Src/stm32f1xx_hal_rcc.o
                0x0000000008003eb8                HAL_RCC_GetHCLKFreq
 .text.HAL_RCC_GetPCLK1Freq
                0x0000000008003ecc       0x28 ./Drivers/STM32F1xx_HAL_Driver/Src/stm32f1xx_hal_rcc.o
                0x0000000008003ecc                HAL_RCC_GetPCLK1Freq
 .text.HAL_RCC_GetPCLK2Freq
                0x0000000008003ef4       0x28 ./Drivers/STM32F1xx_HAL_Driver/Src/stm32f1xx_hal_rcc.o
                0x0000000008003ef4                HAL_RCC_GetPCLK2Freq
 .text.RCC_Delay
                0x0000000008003f1c       0x40 ./Drivers/STM32F1xx_HAL_Driver/Src/stm32f1xx_hal_rcc.o
 .text.HAL_RCCEx_PeriphCLKConfig
                0x0000000008003f5c      0x16c ./Drivers/STM32F1xx_HAL_Driver/Src/stm32f1xx_hal_rcc_ex.o
                0x0000000008003f5c                HAL_RCCEx_PeriphCLKConfig
 .text.HAL_TIM_Base_Init
                0x00000000080040c8       0x56 ./Drivers/STM32F1xx_HAL_Driver/Src/stm32f1xx_hal_tim.o
                0x00000000080040c8                HAL_TIM_Base_Init
 .text.HAL_TIM_PWM_Init
                0x000000000800411e       0x56 ./Drivers/STM32F1xx_HAL_Driver/Src/stm32f1xx_hal_tim.o
                0x000000000800411e                HAL_TIM_PWM_Init
 .text.HAL_TIM_PWM_Start
                0x0000000008004174       0x50 ./Drivers/STM32F1xx_HAL_Driver/Src/stm32f1xx_hal_tim.o
                0x0000000008004174                HAL_TIM_PWM_Start
 .text.HAL_TIM_IC_Init
                0x00000000080041c4       0x56 ./Drivers/STM32F1xx_HAL_Driver/Src/stm32f1xx_hal_tim.o
                0x00000000080041c4                HAL_TIM_IC_Init
 .text.HAL_TIM_IC_MspInit
                0x000000000800421a       0x12 ./Drivers/STM32F1xx_HAL_Driver/Src/stm32f1xx_hal_tim.o
                0x000000000800421a                HAL_TIM_IC_MspInit
 .text.HAL_TIM_IC_Start_IT
                0x000000000800422c       0xc0 ./Drivers/STM32F1xx_HAL_Driver/Src/stm32f1xx_hal_tim.o
                0x000000000800422c                HAL_TIM_IC_Start_IT
 .text.HAL_TIM_IRQHandler
                0x00000000080042ec      0x210 ./Drivers/STM32F1xx_HAL_Driver/Src/stm32f1xx_hal_tim.o
                0x00000000080042ec                HAL_TIM_IRQHandler
 .text.HAL_TIM_IC_ConfigChannel
                0x00000000080044fc      0x138 ./Drivers/STM32F1xx_HAL_Driver/Src/stm32f1xx_hal_tim.o
                0x00000000080044fc                HAL_TIM_IC_ConfigChannel
 .text.HAL_TIM_PWM_ConfigChannel
                0x0000000008004634      0x18c ./Drivers/STM32F1xx_HAL_Driver/Src/stm32f1xx_hal_tim.o
                0x0000000008004634                HAL_TIM_PWM_ConfigChannel
 .text.HAL_TIM_ConfigClockSource
                0x00000000080047c0      0x1d6 ./Drivers/STM32F1xx_HAL_Driver/Src/stm32f1xx_hal_tim.o
                0x00000000080047c0                HAL_TIM_ConfigClockSource
 *fill*         0x0000000008004996        0x2 
 .text.HAL_TIM_ReadCapturedValue
                0x0000000008004998       0xa4 ./Drivers/STM32F1xx_HAL_Driver/Src/stm32f1xx_hal_tim.o
                0x0000000008004998                HAL_TIM_ReadCapturedValue
 .text.HAL_TIM_OC_DelayElapsedCallback
                0x0000000008004a3c       0x12 ./Drivers/STM32F1xx_HAL_Driver/Src/stm32f1xx_hal_tim.o
                0x0000000008004a3c                HAL_TIM_OC_DelayElapsedCallback
 .text.HAL_TIM_PWM_PulseFinishedCallback
                0x0000000008004a4e       0x12 ./Drivers/STM32F1xx_HAL_Driver/Src/stm32f1xx_hal_tim.o
                0x0000000008004a4e                HAL_TIM_PWM_PulseFinishedCallback
 .text.HAL_TIM_TriggerCallback
                0x0000000008004a60       0x12 ./Drivers/STM32F1xx_HAL_Driver/Src/stm32f1xx_hal_tim.o
                0x0000000008004a60                HAL_TIM_TriggerCallback
 *fill*         0x0000000008004a72        0x2 
 .text.TIM_Base_SetConfig
                0x0000000008004a74       0xcc ./Drivers/STM32F1xx_HAL_Driver/Src/stm32f1xx_hal_tim.o
                0x0000000008004a74                TIM_Base_SetConfig
 .text.TIM_OC1_SetConfig
                0x0000000008004b40       0xd8 ./Drivers/STM32F1xx_HAL_Driver/Src/stm32f1xx_hal_tim.o
 .text.TIM_OC2_SetConfig
                0x0000000008004c18       0xe0 ./Drivers/STM32F1xx_HAL_Driver/Src/stm32f1xx_hal_tim.o
                0x0000000008004c18                TIM_OC2_SetConfig
 .text.TIM_OC3_SetConfig
                0x0000000008004cf8       0xe0 ./Drivers/STM32F1xx_HAL_Driver/Src/stm32f1xx_hal_tim.o
 .text.TIM_OC4_SetConfig
                0x0000000008004dd8       0xa8 ./Drivers/STM32F1xx_HAL_Driver/Src/stm32f1xx_hal_tim.o
 .text.TIM_TI1_SetConfig
                0x0000000008004e80       0xbc ./Drivers/STM32F1xx_HAL_Driver/Src/stm32f1xx_hal_tim.o
                0x0000000008004e80                TIM_TI1_SetConfig
 .text.TIM_TI1_ConfigInputStage
                0x0000000008004f3c       0x64 ./Drivers/STM32F1xx_HAL_Driver/Src/stm32f1xx_hal_tim.o
 .text.TIM_TI2_SetConfig
                0x0000000008004fa0       0x80 ./Drivers/STM32F1xx_HAL_Driver/Src/stm32f1xx_hal_tim.o
 .text.TIM_TI2_ConfigInputStage
                0x0000000008005020       0x66 ./Drivers/STM32F1xx_HAL_Driver/Src/stm32f1xx_hal_tim.o
 .text.TIM_TI3_SetConfig
                0x0000000008005086       0x7e ./Drivers/STM32F1xx_HAL_Driver/Src/stm32f1xx_hal_tim.o
 .text.TIM_TI4_SetConfig
                0x0000000008005104       0x80 ./Drivers/STM32F1xx_HAL_Driver/Src/stm32f1xx_hal_tim.o
 .text.TIM_ITRx_SetConfig
                0x0000000008005184       0x3e ./Drivers/STM32F1xx_HAL_Driver/Src/stm32f1xx_hal_tim.o
 .text.TIM_ETR_SetConfig
                0x00000000080051c2       0x42 ./Drivers/STM32F1xx_HAL_Driver/Src/stm32f1xx_hal_tim.o
 .text.TIM_CCxChannelCmd
                0x0000000008005204       0x44 ./Drivers/STM32F1xx_HAL_Driver/Src/stm32f1xx_hal_tim.o
                0x0000000008005204                TIM_CCxChannelCmd
 .text.HAL_TIMEx_OCN_Start
                0x0000000008005248       0x42 ./Drivers/STM32F1xx_HAL_Driver/Src/stm32f1xx_hal_tim_ex.o
                0x0000000008005248                HAL_TIMEx_OCN_Start
 .text.HAL_TIMEx_ConfigBreakDeadTime
                0x000000000800528a       0xb0 ./Drivers/STM32F1xx_HAL_Driver/Src/stm32f1xx_hal_tim_ex.o
                0x000000000800528a                HAL_TIMEx_ConfigBreakDeadTime
 .text.HAL_TIMEx_MasterConfigSynchronization
                0x000000000800533a       0x88 ./Drivers/STM32F1xx_HAL_Driver/Src/stm32f1xx_hal_tim_ex.o
                0x000000000800533a                HAL_TIMEx_MasterConfigSynchronization
 .text.HAL_TIMEx_CommutationCallback
                0x00000000080053c2       0x12 ./Drivers/STM32F1xx_HAL_Driver/Src/stm32f1xx_hal_tim_ex.o
                0x00000000080053c2                HAL_TIMEx_CommutationCallback
 .text.HAL_TIMEx_BreakCallback
                0x00000000080053d4       0x12 ./Drivers/STM32F1xx_HAL_Driver/Src/stm32f1xx_hal_tim_ex.o
                0x00000000080053d4                HAL_TIMEx_BreakCallback
 .text.TIM_CCxNChannelCmd
                0x00000000080053e6       0x44 ./Drivers/STM32F1xx_HAL_Driver/Src/stm32f1xx_hal_tim_ex.o
 .text.HAL_UART_Init
                0x000000000800542a       0x9a ./Drivers/STM32F1xx_HAL_Driver/Src/stm32f1xx_hal_uart.o
                0x000000000800542a                HAL_UART_Init
 .text.UART_SetConfig
                0x00000000080054c4      0x230 ./Drivers/STM32F1xx_HAL_Driver/Src/stm32f1xx_hal_uart.o
 .text.GetPage  0x00000000080056f4       0x4e ./Src/FLASH_PAGE_F1.o
 .text.float2Bytes
                0x0000000008005742       0x3e ./Src/FLASH_PAGE_F1.o
                0x0000000008005742                float2Bytes
 .text.Bytes2float
                0x0000000008005780       0x3c ./Src/FLASH_PAGE_F1.o
                0x0000000008005780                Bytes2float
 .text.Flash_Write_Data
                0x00000000080057bc       0xb8 ./Src/FLASH_PAGE_F1.o
                0x00000000080057bc                Flash_Write_Data
 .text.Flash_Read_Data
                0x0000000008005874       0x3a ./Src/FLASH_PAGE_F1.o
                0x0000000008005874                Flash_Read_Data
 *fill*         0x00000000080058ae        0x2 
 .text.Flash_Write_NUM
                0x00000000080058b0       0x28 ./Src/FLASH_PAGE_F1.o
                0x00000000080058b0                Flash_Write_NUM
 .text.Flash_Read_NUM
                0x00000000080058d8       0x2c ./Src/FLASH_PAGE_F1.o
                0x00000000080058d8                Flash_Read_NUM
 .text.MX_ADC1_Init
                0x0000000008005904      0x100 ./Src/adc.o
                0x0000000008005904                MX_ADC1_Init
 .text.HAL_ADC_MspInit
                0x0000000008005a04       0xcc ./Src/adc.o
                0x0000000008005a04                HAL_ADC_MspInit
 .text.is_blue_button_pressed
                0x0000000008005ad0       0x24 ./Src/calibrate.o
                0x0000000008005ad0                is_blue_button_pressed
 .text.calibrate
                0x0000000008005af4      0x1d4 ./Src/calibrate.o
                0x0000000008005af4                calibrate
 .text.MX_CAN_Init
                0x0000000008005cc8       0x88 ./Src/can.o
                0x0000000008005cc8                MX_CAN_Init
 .text.HAL_CAN_MspInit
                0x0000000008005d50       0x9c ./Src/can.o
                0x0000000008005d50                HAL_CAN_MspInit
 .text.CAN_FilterConfig
                0x0000000008005dec       0x58 ./Src/can.o
                0x0000000008005dec                CAN_FilterConfig
 .text.CAN_Send
                0x0000000008005e44       0x78 ./Src/can.o
                0x0000000008005e44                CAN_Send
 .text.read_mode
                0x0000000008005ebc       0x1a ./Src/can.o
                0x0000000008005ebc                read_mode
 *fill*         0x0000000008005ed6        0x2 
 .text.HAL_CAN_RxCpltCallback
                0x0000000008005ed8       0xbc ./Src/can.o
                0x0000000008005ed8                HAL_CAN_RxCpltCallback
 .text.car_control
                0x0000000008005f94       0x58 ./Src/control.o
                0x0000000008005f94                car_control
 .text.MX_DMA_Init
                0x0000000008005fec       0x3c ./Src/dma.o
                0x0000000008005fec                MX_DMA_Init
 .text.MX_GPIO_Init
                0x0000000008006028      0x154 ./Src/gpio.o
                0x0000000008006028                MX_GPIO_Init
 .text.HAL_TIM_PeriodElapsedCallback
                0x000000000800617c       0x54 ./Src/main.o
                0x000000000800617c                HAL_TIM_PeriodElapsedCallback
 .text.HAL_TIM_IC_CaptureCallback
                0x00000000080061d0       0xa8 ./Src/main.o
                0x00000000080061d0                HAL_TIM_IC_CaptureCallback
 .text.HAL_GPIO_EXTI_Callback
                0x0000000008006278       0x6c ./Src/main.o
                0x0000000008006278                HAL_GPIO_EXTI_Callback
 .text.SYS_MicroDelay
                0x00000000080062e4       0x30 ./Src/main.o
                0x00000000080062e4                SYS_MicroDelay
 .text.main     0x0000000008006314      0x420 ./Src/main.o
                0x0000000008006314                main
 .text.SystemClock_Config
                0x0000000008006734       0xc4 ./Src/main.o
                0x0000000008006734                SystemClock_Config
 .text._Error_Handler
                0x00000000080067f8       0x14 ./Src/main.o
                0x00000000080067f8                _Error_Handler
 .text.power_boostrap
                0x000000000800680c       0x18 ./Src/power.o
                0x000000000800680c                power_boostrap
 *fill*         0x0000000008006824        0x4 
 .text.steering_set_speed
                0x0000000008006828       0xc4 ./Src/steering.o
                0x0000000008006828                steering_set_speed
 .text.steering_get_angle
                0x00000000080068ec       0x80 ./Src/steering.o
                0x00000000080068ec                steering_get_angle
 .text.steering_move_with_button
                0x000000000800696c       0xc4 ./Src/steering.o
                0x000000000800696c                steering_move_with_button
 .text.readCalibrationData
                0x0000000008006a30       0x30 ./Src/steering.o
                0x0000000008006a30                readCalibrationData
 .text.HAL_MspInit
                0x0000000008006a60       0xa0 ./Src/stm32f1xx_hal_msp.o
                0x0000000008006a60                HAL_MspInit
 .text.SVC_Handler
                0x0000000008006b00        0xc ./Src/stm32f1xx_it.o
                0x0000000008006b00                SVC_Handler
 .text.PendSV_Handler
                0x0000000008006b0c        0xc ./Src/stm32f1xx_it.o
                0x0000000008006b0c                PendSV_Handler
 .text.SysTick_Handler
                0x0000000008006b18       0x84 ./Src/stm32f1xx_it.o
                0x0000000008006b18                SysTick_Handler
 .text.DMA1_Channel1_IRQHandler
                0x0000000008006b9c       0x14 ./Src/stm32f1xx_it.o
                0x0000000008006b9c                DMA1_Channel1_IRQHandler
 .text.USB_LP_CAN_RX0_IRQHandler
                0x0000000008006bb0       0x14 ./Src/stm32f1xx_it.o
                0x0000000008006bb0                USB_LP_CAN_RX0_IRQHandler
 .text.TIM2_IRQHandler
                0x0000000008006bc4       0x14 ./Src/stm32f1xx_it.o
                0x0000000008006bc4                TIM2_IRQHandler
 .text.TIM3_IRQHandler
                0x0000000008006bd8       0x14 ./Src/stm32f1xx_it.o
                0x0000000008006bd8                TIM3_IRQHandler
 .text.TIM4_IRQHandler
                0x0000000008006bec       0x14 ./Src/stm32f1xx_it.o
                0x0000000008006bec                TIM4_IRQHandler
 .text.EXTI9_5_IRQHandler
                0x0000000008006c00       0x1e ./Src/stm32f1xx_it.o
                0x0000000008006c00                EXTI9_5_IRQHandler
 *fill*         0x0000000008006c1e        0x2 
 .text.SystemInit
                0x0000000008006c20       0x68 ./Src/system_stm32f1xx.o
                0x0000000008006c20                SystemInit
 .text.MX_TIM1_Init
                0x0000000008006c88      0x130 ./Src/tim.o
                0x0000000008006c88                MX_TIM1_Init
 .text.MX_TIM2_Init
                0x0000000008006db8       0xd4 ./Src/tim.o
                0x0000000008006db8                MX_TIM2_Init
 .text.MX_TIM3_Init
                0x0000000008006e8c       0x50 ./Src/tim.o
                0x0000000008006e8c                MX_TIM3_Init
 .text.MX_TIM4_Init
                0x0000000008006edc       0xd8 ./Src/tim.o
                0x0000000008006edc                MX_TIM4_Init
 .text.HAL_TIM_PWM_MspInit
                0x0000000008006fb4       0x3c ./Src/tim.o
                0x0000000008006fb4                HAL_TIM_PWM_MspInit
 .text.HAL_TIM_Base_MspInit
                0x0000000008006ff0      0x10c ./Src/tim.o
                0x0000000008006ff0                HAL_TIM_Base_MspInit
 .text.HAL_TIM_MspPostInit
                0x00000000080070fc       0x74 ./Src/tim.o
                0x00000000080070fc                HAL_TIM_MspPostInit
 .text.startMicroSecondCounter
                0x0000000008007170       0x1c ./Src/timer.o
                0x0000000008007170                startMicroSecondCounter
 .text.microSecondTimerOverflow
                0x000000000800718c       0x24 ./Src/timer.o
                0x000000000800718c                microSecondTimerOverflow
 .text.microSecond
                0x00000000080071b0       0x60 ./Src/timer.o
                0x00000000080071b0                microSecond
 .text.MX_USART2_UART_Init
                0x0000000008007210       0x5c ./Src/usart.o
                0x0000000008007210                MX_USART2_UART_Init
 .text.HAL_UART_MspInit
                0x000000000800726c       0x58 ./Src/usart.o
                0x000000000800726c                HAL_UART_MspInit
 .text.wheels_set_speed
                0x00000000080072c4      0x150 ./Src/wheels.o
                0x00000000080072c4                wheels_set_speed
 .text.Reset_Handler
                0x0000000008007414       0x50 ./Startup/startup_stm32f103rbtx.o
                0x0000000008007414                Reset_Handler
 .text.Default_Handler
                0x0000000008007464        0x2 ./Startup/startup_stm32f103rbtx.o
                0x0000000008007464                EXTI2_IRQHandler
                0x0000000008007464                TIM8_TRG_COM_IRQHandler
                0x0000000008007464                TIM8_CC_IRQHandler
                0x0000000008007464                DebugMon_Handler
                0x0000000008007464                TIM1_CC_IRQHandler
                0x0000000008007464                HardFault_Handler
                0x0000000008007464                TIM6_IRQHandler
                0x0000000008007464                PVD_IRQHandler
                0x0000000008007464                SDIO_IRQHandler
                0x0000000008007464                NMI_Handler
                0x0000000008007464                EXTI3_IRQHandler
                0x0000000008007464                USB_HP_CAN_TX_IRQHandler
                0x0000000008007464                EXTI0_IRQHandler
                0x0000000008007464                I2C2_EV_IRQHandler
                0x0000000008007464                UsageFault_Handler
                0x0000000008007464                ADC1_2_IRQHandler
                0x0000000008007464                SPI1_IRQHandler
                0x0000000008007464                CAN_SCE_IRQHandler
                0x0000000008007464                TAMPER_IRQHandler
                0x0000000008007464                TIM8_UP_IRQHandler
                0x0000000008007464                DMA2_Channel2_IRQHandler
                0x0000000008007464                DMA1_Channel4_IRQHandler
                0x0000000008007464                USART3_IRQHandler
                0x0000000008007464                RTC_IRQHandler
                0x0000000008007464                DMA1_Channel7_IRQHandler
                0x0000000008007464                UART5_IRQHandler
                0x0000000008007464                ADC3_IRQHandler
                0x0000000008007464                CAN_RX1_IRQHandler
                0x0000000008007464                DMA2_Channel1_IRQHandler
                0x0000000008007464                I2C1_EV_IRQHandler
                0x0000000008007464                DMA1_Channel6_IRQHandler
                0x0000000008007464                UART4_IRQHandler
                0x0000000008007464                RCC_IRQHandler
                0x0000000008007464                TIM1_TRG_COM_IRQHandler
                0x0000000008007464                Default_Handler
                0x0000000008007464                EXTI15_10_IRQHandler
                0x0000000008007464                TIM7_IRQHandler
                0x0000000008007464                TIM5_IRQHandler
                0x0000000008007464                SPI2_IRQHandler
                0x0000000008007464                MemManage_Handler
                0x0000000008007464                DMA1_Channel5_IRQHandler
                0x0000000008007464                EXTI4_IRQHandler
                0x0000000008007464                DMA1_Channel3_IRQHandler
                0x0000000008007464                FSMC_IRQHandler
                0x0000000008007464                TIM1_UP_IRQHandler
                0x0000000008007464                WWDG_IRQHandler
                0x0000000008007464                TIM1_BRK_IRQHandler
                0x0000000008007464                EXTI1_IRQHandler
                0x0000000008007464                RTCAlarm_IRQHandler
                0x0000000008007464                DMA2_Channel4_5_IRQHandler
                0x0000000008007464                USART2_IRQHandler
                0x0000000008007464                I2C2_ER_IRQHandler
                0x0000000008007464                DMA1_Channel2_IRQHandler
                0x0000000008007464                TIM8_BRK_IRQHandler
                0x0000000008007464                FLASH_IRQHandler
                0x0000000008007464                BusFault_Handler
                0x0000000008007464                USART1_IRQHandler
                0x0000000008007464                SPI3_IRQHandler
                0x0000000008007464                I2C1_ER_IRQHandler
                0x0000000008007464                DMA2_Channel3_IRQHandler
 *fill*         0x0000000008007466        0x2 
 .text.__libc_init_array
                0x0000000008007468       0x48 D:/Program Files (x86)/STM32CubeIDE_1.11.2/STM32CubeIDE/plugins/com.st.stm32cube.ide.mcu.externaltools.gnu-tools-for-stm32.11.3.rel1.win32_1.1.100.202309141235/tools/bin/../lib/gcc/arm-none-eabi/11.3.1/../../../../arm-none-eabi/lib/thumb/v7-m/nofp\libc_nano.a(libc_a-init.o)
                0x0000000008007468                __libc_init_array
 *(.glue_7)
 .glue_7        0x00000000080074b0        0x0 linker stubs
 *(.glue_7t)
 .glue_7t       0x00000000080074b0        0x0 linker stubs
 *(.eh_frame)
 .eh_frame      0x00000000080074b0        0x0 D:/Program Files (x86)/STM32CubeIDE_1.11.2/STM32CubeIDE/plugins/com.st.stm32cube.ide.mcu.externaltools.gnu-tools-for-stm32.11.3.rel1.win32_1.1.100.202309141235/tools/bin/../lib/gcc/arm-none-eabi/11.3.1/thumb/v7-m/nofp/crtbegin.o
 *(.init)
 .init          0x00000000080074b0        0x4 D:/Program Files (x86)/STM32CubeIDE_1.11.2/STM32CubeIDE/plugins/com.st.stm32cube.ide.mcu.externaltools.gnu-tools-for-stm32.11.3.rel1.win32_1.1.100.202309141235/tools/bin/../lib/gcc/arm-none-eabi/11.3.1/thumb/v7-m/nofp/crti.o
                0x00000000080074b0                _init
 .init          0x00000000080074b4        0x8 D:/Program Files (x86)/STM32CubeIDE_1.11.2/STM32CubeIDE/plugins/com.st.stm32cube.ide.mcu.externaltools.gnu-tools-for-stm32.11.3.rel1.win32_1.1.100.202309141235/tools/bin/../lib/gcc/arm-none-eabi/11.3.1/thumb/v7-m/nofp/crtn.o
 *(.fini)
 .fini          0x00000000080074bc        0x4 D:/Program Files (x86)/STM32CubeIDE_1.11.2/STM32CubeIDE/plugins/com.st.stm32cube.ide.mcu.externaltools.gnu-tools-for-stm32.11.3.rel1.win32_1.1.100.202309141235/tools/bin/../lib/gcc/arm-none-eabi/11.3.1/thumb/v7-m/nofp/crti.o
                0x00000000080074bc                _fini
 .fini          0x00000000080074c0        0x8 D:/Program Files (x86)/STM32CubeIDE_1.11.2/STM32CubeIDE/plugins/com.st.stm32cube.ide.mcu.externaltools.gnu-tools-for-stm32.11.3.rel1.win32_1.1.100.202309141235/tools/bin/../lib/gcc/arm-none-eabi/11.3.1/thumb/v7-m/nofp/crtn.o
                0x00000000080074c8                . = ALIGN (0x4)
                0x00000000080074c8                _etext = .

.vfp11_veneer   0x00000000080074c8        0x0
 .vfp11_veneer  0x00000000080074c8        0x0 linker stubs

.v4_bx          0x00000000080074c8        0x0
 .v4_bx         0x00000000080074c8        0x0 linker stubs

.iplt           0x00000000080074c8        0x0
 .iplt          0x00000000080074c8        0x0 D:/Program Files (x86)/STM32CubeIDE_1.11.2/STM32CubeIDE/plugins/com.st.stm32cube.ide.mcu.externaltools.gnu-tools-for-stm32.11.3.rel1.win32_1.1.100.202309141235/tools/bin/../lib/gcc/arm-none-eabi/11.3.1/thumb/v7-m/nofp/crtbegin.o

.rodata         0x00000000080074c8       0x80
                0x00000000080074c8                . = ALIGN (0x4)
 *(.rodata)
 .rodata        0x00000000080074c8       0x10 ./Drivers/STM32F1xx_HAL_Driver/Src/stm32f1xx_hal_rcc.o
 .rodata        0x00000000080074d8        0xd ./Src/adc.o
 *fill*         0x00000000080074e5        0x3 
 .rodata        0x00000000080074e8        0x8 ./Src/calibrate.o
 .rodata        0x00000000080074f0        0xd ./Src/can.o
 *fill*         0x00000000080074fd        0x3 
 .rodata        0x0000000008007500        0xe ./Src/main.o
 *fill*         0x000000000800750e        0x2 
 .rodata        0x0000000008007510        0xd ./Src/tim.o
 *fill*         0x000000000800751d        0x3 
 .rodata        0x0000000008007520        0xf ./Src/usart.o
 *(.rodata*)
 *fill*         0x000000000800752f        0x1 
 .rodata.AHBPrescTable
                0x0000000008007530       0x10 ./Src/system_stm32f1xx.o
                0x0000000008007530                AHBPrescTable
 .rodata.APBPrescTable
                0x0000000008007540        0x8 ./Src/system_stm32f1xx.o
                0x0000000008007540                APBPrescTable
                0x0000000008007548                . = ALIGN (0x4)

.ARM.extab      0x0000000008007548        0x0
                0x0000000008007548                . = ALIGN (0x4)
 *(.ARM.extab* .gnu.linkonce.armextab.*)
                0x0000000008007548                . = ALIGN (0x4)

.ARM            0x0000000008007548        0x8
                0x0000000008007548                . = ALIGN (0x4)
                0x0000000008007548                __exidx_start = .
 *(.ARM.exidx*)
 .ARM.exidx     0x0000000008007548        0x8 D:/Program Files (x86)/STM32CubeIDE_1.11.2/STM32CubeIDE/plugins/com.st.stm32cube.ide.mcu.externaltools.gnu-tools-for-stm32.11.3.rel1.win32_1.1.100.202309141235/tools/bin/../lib/gcc/arm-none-eabi/11.3.1/thumb/v7-m/nofp\libgcc.a(_udivmoddi4.o)
                0x0000000008007550                __exidx_end = .
                0x0000000008007550                . = ALIGN (0x4)

.rel.dyn        0x0000000008007550        0x0
 .rel.iplt      0x0000000008007550        0x0 D:/Program Files (x86)/STM32CubeIDE_1.11.2/STM32CubeIDE/plugins/com.st.stm32cube.ide.mcu.externaltools.gnu-tools-for-stm32.11.3.rel1.win32_1.1.100.202309141235/tools/bin/../lib/gcc/arm-none-eabi/11.3.1/thumb/v7-m/nofp/crtbegin.o

.preinit_array  0x0000000008007550        0x0
                0x0000000008007550                . = ALIGN (0x4)
                0x0000000008007550                PROVIDE (__preinit_array_start = .)
 *(.preinit_array*)
                0x0000000008007550                PROVIDE (__preinit_array_end = .)
                0x0000000008007550                . = ALIGN (0x4)

.init_array     0x0000000008007550        0x4
                0x0000000008007550                . = ALIGN (0x4)
                0x0000000008007550                PROVIDE (__init_array_start = .)
 *(SORT_BY_NAME(.init_array.*))
 *(.init_array*)
 .init_array    0x0000000008007550        0x4 D:/Program Files (x86)/STM32CubeIDE_1.11.2/STM32CubeIDE/plugins/com.st.stm32cube.ide.mcu.externaltools.gnu-tools-for-stm32.11.3.rel1.win32_1.1.100.202309141235/tools/bin/../lib/gcc/arm-none-eabi/11.3.1/thumb/v7-m/nofp/crtbegin.o
                0x0000000008007554                PROVIDE (__init_array_end = .)
                0x0000000008007554                . = ALIGN (0x4)

.fini_array     0x0000000008007554        0x4
                0x0000000008007554                . = ALIGN (0x4)
                [!provide]                        PROVIDE (__fini_array_start = .)
 *(SORT_BY_NAME(.fini_array.*))
 *(.fini_array*)
 .fini_array    0x0000000008007554        0x4 D:/Program Files (x86)/STM32CubeIDE_1.11.2/STM32CubeIDE/plugins/com.st.stm32cube.ide.mcu.externaltools.gnu-tools-for-stm32.11.3.rel1.win32_1.1.100.202309141235/tools/bin/../lib/gcc/arm-none-eabi/11.3.1/thumb/v7-m/nofp/crtbegin.o
                [!provide]                        PROVIDE (__fini_array_end = .)
                0x0000000008007558                . = ALIGN (0x4)
                0x0000000008007558                _sidata = LOADADDR (.data)

.data           0x0000000020000000       0x40 load address 0x0000000008007558
                0x0000000020000000                . = ALIGN (0x4)
                0x0000000020000000                _sdata = .
 *(.data)
 *(.data*)
 .data.mode     0x0000000020000000        0x4 ./Src/main.o
                0x0000000020000000                mode
 .data.UPDATE_CMD_FLAG
                0x0000000020000004        0x4 ./Src/main.o
                0x0000000020000004                UPDATE_CMD_FLAG
 .data.US_FLAG  0x0000000020000008        0x4 ./Src/main.o
                0x0000000020000008                US_FLAG
 .data.CAN_SEND_MOTORS
                0x000000002000000c        0x4 ./Src/main.o
                0x000000002000000c                CAN_SEND_MOTORS
 .data.CAN_SEND_BATT
                0x0000000020000010        0x4 ./Src/main.o
                0x0000000020000010                CAN_SEND_BATT
 .data.usEchoStart
                0x0000000020000014        0x4 ./Src/main.o
                0x0000000020000014                usEchoStart
 .data.usTriggerPin
                0x0000000020000018        0xc ./Src/main.o
                0x0000000020000018                usTriggerPin
 .data.data     0x0000000020000024        0x8 ./Src/main.o
                0x0000000020000024                data
 .data.leftRearSpeed
                0x000000002000002c        0x4 ./Src/main.o
                0x000000002000002c                leftRearSpeed
 .data.rightRearSpeed
                0x0000000020000030        0x4 ./Src/main.o
                0x0000000020000030                rightRearSpeed
 .data.steeringSpeed
                0x0000000020000034        0x4 ./Src/main.o
                0x0000000020000034                steeringSpeed
 .data.need_read_calibration
                0x0000000020000038        0x4 ./Src/steering.o
                0x0000000020000038                need_read_calibration
 .data.SystemCoreClock
                0x000000002000003c        0x4 ./Src/system_stm32f1xx.o
                0x000000002000003c                SystemCoreClock
 *(.RamFunc)
 *(.RamFunc*)
                0x0000000020000040                . = ALIGN (0x4)
                0x0000000020000040                _edata = .

.igot.plt       0x0000000020000040        0x0 load address 0x0000000008007598
 .igot.plt      0x0000000020000040        0x0 D:/Program Files (x86)/STM32CubeIDE_1.11.2/STM32CubeIDE/plugins/com.st.stm32cube.ide.mcu.externaltools.gnu-tools-for-stm32.11.3.rel1.win32_1.1.100.202309141235/tools/bin/../lib/gcc/arm-none-eabi/11.3.1/thumb/v7-m/nofp/crtbegin.o
                0x0000000020000040                . = ALIGN (0x4)

.bss            0x0000000020000040      0x310 load address 0x0000000008007598
                0x0000000020000040                _sbss = .
                0x0000000020000040                __bss_start__ = _sbss
 *(.bss)
 .bss           0x0000000020000040       0x1c D:/Program Files (x86)/STM32CubeIDE_1.11.2/STM32CubeIDE/plugins/com.st.stm32cube.ide.mcu.externaltools.gnu-tools-for-stm32.11.3.rel1.win32_1.1.100.202309141235/tools/bin/../lib/gcc/arm-none-eabi/11.3.1/thumb/v7-m/nofp/crtbegin.o
 *(.bss*)
 .bss.uwTick    0x000000002000005c        0x4 ./Drivers/STM32F1xx_HAL_Driver/Src/stm32f1xx_hal.o
                0x000000002000005c                uwTick
 .bss.pFlash    0x0000000020000060       0x20 ./Drivers/STM32F1xx_HAL_Driver/Src/stm32f1xx_hal_flash.o
                0x0000000020000060                pFlash
 .bss.bytes_temp
                0x0000000020000080        0x4 ./Src/FLASH_PAGE_F1.o
                0x0000000020000080                bytes_temp
 .bss.EraseInitStruct.0
                0x0000000020000084       0x10 ./Src/FLASH_PAGE_F1.o
 .bss.hadc1     0x0000000020000094       0x30 ./Src/adc.o
                0x0000000020000094                hadc1
 .bss.hdma_adc1
                0x00000000200000c4       0x44 ./Src/adc.o
                0x00000000200000c4                hdma_adc1
 .bss.hcan      0x0000000020000108       0x44 ./Src/can.o
                0x0000000020000108                hcan
 .bss.CAN_SEND_US
                0x000000002000014c        0x4 ./Src/main.o
                0x000000002000014c                CAN_SEND_US
 .bss.ADCBUF    0x0000000020000150       0x14 ./Src/main.o
                0x0000000020000150                ADCBUF
 .bss.VMG_mes   0x0000000020000164        0x4 ./Src/main.o
                0x0000000020000164                VMG_mes
 .bss.VMD_mes   0x0000000020000168        0x4 ./Src/main.o
                0x0000000020000168                VMD_mes
 .bss.per_vitesseG
                0x000000002000016c        0x4 ./Src/main.o
                0x000000002000016c                per_vitesseG
 .bss.per_vitesseD
                0x0000000020000170        0x4 ./Src/main.o
                0x0000000020000170                per_vitesseD
 .bss.nbImpulsionG
                0x0000000020000174        0x4 ./Src/main.o
                0x0000000020000174                nbImpulsionG
 .bss.nbImpulsionD
                0x0000000020000178        0x4 ./Src/main.o
                0x0000000020000178                nbImpulsionD
 .bss.usEchoReceived
                0x000000002000017c        0x4 ./Src/main.o
                0x000000002000017c                usEchoReceived
 .bss.usEchoRisingTime
                0x0000000020000180        0x8 ./Src/main.o
                0x0000000020000180                usEchoRisingTime
 .bss.usEchoDuration
                0x0000000020000188        0x8 ./Src/main.o
                0x0000000020000188                usEchoDuration
 .bss.currentUs
                0x0000000020000190        0x4 ./Src/main.o
                0x0000000020000190                currentUs
 .bss.usDistance
                0x0000000020000194        0xc ./Src/main.o
                0x0000000020000194                usDistance
 .bss.TxMessage
                0x00000000200001a0       0x1c ./Src/main.o
                0x00000000200001a0                TxMessage
 .bss.RxMessage
                0x00000000200001bc       0x24 ./Src/main.o
                0x00000000200001bc                RxMessage
 .bss.commCheckingRequest
                0x00000000200001e0        0x4 ./Src/main.o
                0x00000000200001e0                commCheckingRequest
 .bss.steering_sensor_coef_a
                0x00000000200001e4        0x4 ./Src/steering.o
                0x00000000200001e4                steering_sensor_coef_a
 .bss.steering_sensor_coef_b
                0x00000000200001e8        0x4 ./Src/steering.o
                0x00000000200001e8                steering_sensor_coef_b
 .bss.previous_value_right.1
                0x00000000200001ec        0x4 ./Src/steering.o
 .bss.previous_value_left.0
                0x00000000200001f0        0x4 ./Src/steering.o
 .bss.cmpt_can_motors.2
                0x00000000200001f4        0x4 ./Src/stm32f1xx_it.o
 .bss.cmpt_us.1
                0x00000000200001f8        0x4 ./Src/stm32f1xx_it.o
 .bss.cmpt_batt.0
                0x00000000200001fc        0x4 ./Src/stm32f1xx_it.o
 .bss.htim1     0x0000000020000200       0x40 ./Src/tim.o
                0x0000000020000200                htim1
 .bss.htim2     0x0000000020000240       0x40 ./Src/tim.o
                0x0000000020000240                htim2
 .bss.htim3     0x0000000020000280       0x40 ./Src/tim.o
                0x0000000020000280                htim3
 .bss.htim4     0x00000000200002c0       0x40 ./Src/tim.o
                0x00000000200002c0                htim4
 .bss.timerOverflow
                0x0000000020000300        0x8 ./Src/timer.o
                0x0000000020000300                timerOverflow
 .bss.microSecondTime
                0x0000000020000308        0x8 ./Src/timer.o
                0x0000000020000308                microSecondTime
 .bss.huart2    0x0000000020000310       0x40 ./Src/usart.o
                0x0000000020000310                huart2
 *(COMMON)
                0x0000000020000350                . = ALIGN (0x4)
                0x0000000020000350                _ebss = .
                0x0000000020000350                __bss_end__ = _ebss

._user_heap_stack
                0x0000000020000350      0x600 load address 0x0000000008007598
                0x0000000020000350                . = ALIGN (0x8)
                0x0000000020000350                PROVIDE (end = .)
                [!provide]                        PROVIDE (_end = .)
                0x0000000020000550                . = (. + _Min_Heap_Size)
 *fill*         0x0000000020000350      0x200 
                0x0000000020000950                . = (. + _Min_Stack_Size)
 *fill*         0x0000000020000550      0x400 
                0x0000000020000950                . = ALIGN (0x8)

/DISCARD/
 libc.a(*)
 libm.a(*)
 libgcc.a(*)

.ARM.attributes
                0x0000000000000000       0x29
 *(.ARM.attributes)
 .ARM.attributes
                0x0000000000000000       0x1d D:/Program Files (x86)/STM32CubeIDE_1.11.2/STM32CubeIDE/plugins/com.st.stm32cube.ide.mcu.externaltools.gnu-tools-for-stm32.11.3.rel1.win32_1.1.100.202309141235/tools/bin/../lib/gcc/arm-none-eabi/11.3.1/thumb/v7-m/nofp/crti.o
 .ARM.attributes
                0x000000000000001d       0x2d D:/Program Files (x86)/STM32CubeIDE_1.11.2/STM32CubeIDE/plugins/com.st.stm32cube.ide.mcu.externaltools.gnu-tools-for-stm32.11.3.rel1.win32_1.1.100.202309141235/tools/bin/../lib/gcc/arm-none-eabi/11.3.1/thumb/v7-m/nofp/crtbegin.o
 .ARM.attributes
                0x000000000000004a       0x2d ./Drivers/STM32F1xx_HAL_Driver/Src/stm32f1xx_hal.o
 .ARM.attributes
                0x0000000000000077       0x2d ./Drivers/STM32F1xx_HAL_Driver/Src/stm32f1xx_hal_adc.o
 .ARM.attributes
                0x00000000000000a4       0x2d ./Drivers/STM32F1xx_HAL_Driver/Src/stm32f1xx_hal_can.o
 .ARM.attributes
                0x00000000000000d1       0x2d ./Drivers/STM32F1xx_HAL_Driver/Src/stm32f1xx_hal_cortex.o
 .ARM.attributes
                0x00000000000000fe       0x2d ./Drivers/STM32F1xx_HAL_Driver/Src/stm32f1xx_hal_dma.o
 .ARM.attributes
                0x000000000000012b       0x2d ./Drivers/STM32F1xx_HAL_Driver/Src/stm32f1xx_hal_flash.o
 .ARM.attributes
                0x0000000000000158       0x2d ./Drivers/STM32F1xx_HAL_Driver/Src/stm32f1xx_hal_flash_ex.o
 .ARM.attributes
                0x0000000000000185       0x2d ./Drivers/STM32F1xx_HAL_Driver/Src/stm32f1xx_hal_gpio.o
 .ARM.attributes
                0x00000000000001b2       0x2d ./Drivers/STM32F1xx_HAL_Driver/Src/stm32f1xx_hal_rcc.o
 .ARM.attributes
                0x00000000000001df       0x2d ./Drivers/STM32F1xx_HAL_Driver/Src/stm32f1xx_hal_rcc_ex.o
 .ARM.attributes
                0x000000000000020c       0x2d ./Drivers/STM32F1xx_HAL_Driver/Src/stm32f1xx_hal_tim.o
 .ARM.attributes
                0x0000000000000239       0x2d ./Drivers/STM32F1xx_HAL_Driver/Src/stm32f1xx_hal_tim_ex.o
 .ARM.attributes
                0x0000000000000266       0x2d ./Drivers/STM32F1xx_HAL_Driver/Src/stm32f1xx_hal_uart.o
 .ARM.attributes
                0x0000000000000293       0x2d ./Src/FLASH_PAGE_F1.o
 .ARM.attributes
                0x00000000000002c0       0x2d ./Src/adc.o
 .ARM.attributes
                0x00000000000002ed       0x2d ./Src/calibrate.o
 .ARM.attributes
                0x000000000000031a       0x2d ./Src/can.o
 .ARM.attributes
                0x0000000000000347       0x2d ./Src/control.o
 .ARM.attributes
                0x0000000000000374       0x2d ./Src/dma.o
 .ARM.attributes
                0x00000000000003a1       0x2d ./Src/gpio.o
 .ARM.attributes
                0x00000000000003ce       0x2d ./Src/main.o
 .ARM.attributes
                0x00000000000003fb       0x2d ./Src/power.o
 .ARM.attributes
                0x0000000000000428       0x2d ./Src/steering.o
 .ARM.attributes
                0x0000000000000455       0x2d ./Src/stm32f1xx_hal_msp.o
 .ARM.attributes
                0x0000000000000482       0x2d ./Src/stm32f1xx_it.o
 .ARM.attributes
                0x00000000000004af       0x2d ./Src/system_stm32f1xx.o
 .ARM.attributes
                0x00000000000004dc       0x2d ./Src/tim.o
 .ARM.attributes
                0x0000000000000509       0x2d ./Src/timer.o
 .ARM.attributes
                0x0000000000000536       0x2d ./Src/usart.o
 .ARM.attributes
                0x0000000000000563       0x2d ./Src/wheels.o
 .ARM.attributes
                0x0000000000000590       0x21 ./Startup/startup_stm32f103rbtx.o
 .ARM.attributes
                0x00000000000005b1       0x2d D:/Program Files (x86)/STM32CubeIDE_1.11.2/STM32CubeIDE/plugins/com.st.stm32cube.ide.mcu.externaltools.gnu-tools-for-stm32.11.3.rel1.win32_1.1.100.202309141235/tools/bin/../lib/gcc/arm-none-eabi/11.3.1/../../../../arm-none-eabi/lib/thumb/v7-m/nofp\libc_nano.a(libc_a-init.o)
 .ARM.attributes
                0x00000000000005de       0x1d D:/Program Files (x86)/STM32CubeIDE_1.11.2/STM32CubeIDE/plugins/com.st.stm32cube.ide.mcu.externaltools.gnu-tools-for-stm32.11.3.rel1.win32_1.1.100.202309141235/tools/bin/../lib/gcc/arm-none-eabi/11.3.1/thumb/v7-m/nofp\libgcc.a(_arm_addsubdf3.o)
 .ARM.attributes
                0x00000000000005fb       0x1d D:/Program Files (x86)/STM32CubeIDE_1.11.2/STM32CubeIDE/plugins/com.st.stm32cube.ide.mcu.externaltools.gnu-tools-for-stm32.11.3.rel1.win32_1.1.100.202309141235/tools/bin/../lib/gcc/arm-none-eabi/11.3.1/thumb/v7-m/nofp\libgcc.a(_arm_muldivdf3.o)
 .ARM.attributes
                0x0000000000000618       0x1d D:/Program Files (x86)/STM32CubeIDE_1.11.2/STM32CubeIDE/plugins/com.st.stm32cube.ide.mcu.externaltools.gnu-tools-for-stm32.11.3.rel1.win32_1.1.100.202309141235/tools/bin/../lib/gcc/arm-none-eabi/11.3.1/thumb/v7-m/nofp\libgcc.a(_arm_fixdfsi.o)
 .ARM.attributes
                0x0000000000000635       0x1d D:/Program Files (x86)/STM32CubeIDE_1.11.2/STM32CubeIDE/plugins/com.st.stm32cube.ide.mcu.externaltools.gnu-tools-for-stm32.11.3.rel1.win32_1.1.100.202309141235/tools/bin/../lib/gcc/arm-none-eabi/11.3.1/thumb/v7-m/nofp\libgcc.a(_arm_addsubsf3.o)
 .ARM.attributes
                0x0000000000000652       0x1d D:/Program Files (x86)/STM32CubeIDE_1.11.2/STM32CubeIDE/plugins/com.st.stm32cube.ide.mcu.externaltools.gnu-tools-for-stm32.11.3.rel1.win32_1.1.100.202309141235/tools/bin/../lib/gcc/arm-none-eabi/11.3.1/thumb/v7-m/nofp\libgcc.a(_arm_muldivsf3.o)
 .ARM.attributes
                0x000000000000066f       0x1d D:/Program Files (x86)/STM32CubeIDE_1.11.2/STM32CubeIDE/plugins/com.st.stm32cube.ide.mcu.externaltools.gnu-tools-for-stm32.11.3.rel1.win32_1.1.100.202309141235/tools/bin/../lib/gcc/arm-none-eabi/11.3.1/thumb/v7-m/nofp\libgcc.a(_arm_cmpsf2.o)
 .ARM.attributes
                0x000000000000068c       0x1d D:/Program Files (x86)/STM32CubeIDE_1.11.2/STM32CubeIDE/plugins/com.st.stm32cube.ide.mcu.externaltools.gnu-tools-for-stm32.11.3.rel1.win32_1.1.100.202309141235/tools/bin/../lib/gcc/arm-none-eabi/11.3.1/thumb/v7-m/nofp\libgcc.a(_arm_fixsfsi.o)
 .ARM.attributes
                0x00000000000006a9       0x1d D:/Program Files (x86)/STM32CubeIDE_1.11.2/STM32CubeIDE/plugins/com.st.stm32cube.ide.mcu.externaltools.gnu-tools-for-stm32.11.3.rel1.win32_1.1.100.202309141235/tools/bin/../lib/gcc/arm-none-eabi/11.3.1/thumb/v7-m/nofp\libgcc.a(_aeabi_uldivmod.o)
 .ARM.attributes
                0x00000000000006c6       0x2d D:/Program Files (x86)/STM32CubeIDE_1.11.2/STM32CubeIDE/plugins/com.st.stm32cube.ide.mcu.externaltools.gnu-tools-for-stm32.11.3.rel1.win32_1.1.100.202309141235/tools/bin/../lib/gcc/arm-none-eabi/11.3.1/thumb/v7-m/nofp\libgcc.a(_udivmoddi4.o)
 .ARM.attributes
                0x00000000000006f3       0x1d D:/Program Files (x86)/STM32CubeIDE_1.11.2/STM32CubeIDE/plugins/com.st.stm32cube.ide.mcu.externaltools.gnu-tools-for-stm32.11.3.rel1.win32_1.1.100.202309141235/tools/bin/../lib/gcc/arm-none-eabi/11.3.1/thumb/v7-m/nofp\libgcc.a(_dvmd_tls.o)
 .ARM.attributes
                0x0000000000000710       0x1d D:/Program Files (x86)/STM32CubeIDE_1.11.2/STM32CubeIDE/plugins/com.st.stm32cube.ide.mcu.externaltools.gnu-tools-for-stm32.11.3.rel1.win32_1.1.100.202309141235/tools/bin/../lib/gcc/arm-none-eabi/11.3.1/thumb/v7-m/nofp/crtn.o
OUTPUT(F103.elf elf32-littlearm)
LOAD linker stubs
LOAD D:/Program Files (x86)/STM32CubeIDE_1.11.2/STM32CubeIDE/plugins/com.st.stm32cube.ide.mcu.externaltools.gnu-tools-for-stm32.11.3.rel1.win32_1.1.100.202309141235/tools/bin/../lib/gcc/arm-none-eabi/11.3.1/../../../../arm-none-eabi/lib/thumb/v7-m/nofp\libc.a
LOAD D:/Program Files (x86)/STM32CubeIDE_1.11.2/STM32CubeIDE/plugins/com.st.stm32cube.ide.mcu.externaltools.gnu-tools-for-stm32.11.3.rel1.win32_1.1.100.202309141235/tools/bin/../lib/gcc/arm-none-eabi/11.3.1/../../../../arm-none-eabi/lib/thumb/v7-m/nofp\libm.a
LOAD D:/Program Files (x86)/STM32CubeIDE_1.11.2/STM32CubeIDE/plugins/com.st.stm32cube.ide.mcu.externaltools.gnu-tools-for-stm32.11.3.rel1.win32_1.1.100.202309141235/tools/bin/../lib/gcc/arm-none-eabi/11.3.1/thumb/v7-m/nofp\libgcc.a

.comment        0x0000000000000000       0x43
 .comment       0x0000000000000000       0x43 D:/Program Files (x86)/STM32CubeIDE_1.11.2/STM32CubeIDE/plugins/com.st.stm32cube.ide.mcu.externaltools.gnu-tools-for-stm32.11.3.rel1.win32_1.1.100.202309141235/tools/bin/../lib/gcc/arm-none-eabi/11.3.1/thumb/v7-m/nofp/crtbegin.o
                                         0x44 (size before relaxing)
 .comment       0x0000000000000043       0x44 ./Drivers/STM32F1xx_HAL_Driver/Src/stm32f1xx_hal.o
 .comment       0x0000000000000043       0x44 ./Drivers/STM32F1xx_HAL_Driver/Src/stm32f1xx_hal_adc.o
 .comment       0x0000000000000043       0x44 ./Drivers/STM32F1xx_HAL_Driver/Src/stm32f1xx_hal_can.o
 .comment       0x0000000000000043       0x44 ./Drivers/STM32F1xx_HAL_Driver/Src/stm32f1xx_hal_cortex.o
 .comment       0x0000000000000043       0x44 ./Drivers/STM32F1xx_HAL_Driver/Src/stm32f1xx_hal_dma.o
 .comment       0x0000000000000043       0x44 ./Drivers/STM32F1xx_HAL_Driver/Src/stm32f1xx_hal_flash.o
 .comment       0x0000000000000043       0x44 ./Drivers/STM32F1xx_HAL_Driver/Src/stm32f1xx_hal_flash_ex.o
 .comment       0x0000000000000043       0x44 ./Drivers/STM32F1xx_HAL_Driver/Src/stm32f1xx_hal_gpio.o
 .comment       0x0000000000000043       0x44 ./Drivers/STM32F1xx_HAL_Driver/Src/stm32f1xx_hal_rcc.o
 .comment       0x0000000000000043       0x44 ./Drivers/STM32F1xx_HAL_Driver/Src/stm32f1xx_hal_rcc_ex.o
 .comment       0x0000000000000043       0x44 ./Drivers/STM32F1xx_HAL_Driver/Src/stm32f1xx_hal_tim.o
 .comment       0x0000000000000043       0x44 ./Drivers/STM32F1xx_HAL_Driver/Src/stm32f1xx_hal_tim_ex.o
 .comment       0x0000000000000043       0x44 ./Drivers/STM32F1xx_HAL_Driver/Src/stm32f1xx_hal_uart.o
 .comment       0x0000000000000043       0x44 ./Src/FLASH_PAGE_F1.o
 .comment       0x0000000000000043       0x44 ./Src/adc.o
 .comment       0x0000000000000043       0x44 ./Src/calibrate.o
 .comment       0x0000000000000043       0x44 ./Src/can.o
 .comment       0x0000000000000043       0x44 ./Src/control.o
 .comment       0x0000000000000043       0x44 ./Src/dma.o
 .comment       0x0000000000000043       0x44 ./Src/gpio.o
 .comment       0x0000000000000043       0x44 ./Src/main.o
 .comment       0x0000000000000043       0x44 ./Src/power.o
 .comment       0x0000000000000043       0x44 ./Src/steering.o
 .comment       0x0000000000000043       0x44 ./Src/stm32f1xx_hal_msp.o
 .comment       0x0000000000000043       0x44 ./Src/stm32f1xx_it.o
 .comment       0x0000000000000043       0x44 ./Src/system_stm32f1xx.o
 .comment       0x0000000000000043       0x44 ./Src/tim.o
 .comment       0x0000000000000043       0x44 ./Src/timer.o
 .comment       0x0000000000000043       0x44 ./Src/usart.o
 .comment       0x0000000000000043       0x44 ./Src/wheels.o

.debug_info     0x0000000000000000     0xfd04
 .debug_info    0x0000000000000000      0x617 ./Drivers/STM32F1xx_HAL_Driver/Src/stm32f1xx_hal.o
 .debug_info    0x0000000000000617      0xc25 ./Drivers/STM32F1xx_HAL_Driver/Src/stm32f1xx_hal_adc.o
 .debug_info    0x000000000000123c      0xb14 ./Drivers/STM32F1xx_HAL_Driver/Src/stm32f1xx_hal_can.o
 .debug_info    0x0000000000001d50      0xa7c ./Drivers/STM32F1xx_HAL_Driver/Src/stm32f1xx_hal_cortex.o
 .debug_info    0x00000000000027cc      0x6d4 ./Drivers/STM32F1xx_HAL_Driver/Src/stm32f1xx_hal_dma.o
 .debug_info    0x0000000000002ea0      0x4ea ./Drivers/STM32F1xx_HAL_Driver/Src/stm32f1xx_hal_flash.o
 .debug_info    0x000000000000338a      0x77e ./Drivers/STM32F1xx_HAL_Driver/Src/stm32f1xx_hal_flash_ex.o
 .debug_info    0x0000000000003b08      0x5bb ./Drivers/STM32F1xx_HAL_Driver/Src/stm32f1xx_hal_gpio.o
 .debug_info    0x00000000000040c3      0x804 ./Drivers/STM32F1xx_HAL_Driver/Src/stm32f1xx_hal_rcc.o
 .debug_info    0x00000000000048c7      0x3c1 ./Drivers/STM32F1xx_HAL_Driver/Src/stm32f1xx_hal_rcc_ex.o
 .debug_info    0x0000000000004c88     0x21ac ./Drivers/STM32F1xx_HAL_Driver/Src/stm32f1xx_hal_tim.o
 .debug_info    0x0000000000006e34      0xfcd ./Drivers/STM32F1xx_HAL_Driver/Src/stm32f1xx_hal_tim_ex.o
 .debug_info    0x0000000000007e01     0x117e ./Drivers/STM32F1xx_HAL_Driver/Src/stm32f1xx_hal_uart.o
 .debug_info    0x0000000000008f7f      0x4e1 ./Src/FLASH_PAGE_F1.o
 .debug_info    0x0000000000009460      0x7eb ./Src/adc.o
 .debug_info    0x0000000000009c4b      0x323 ./Src/calibrate.o
 .debug_info    0x0000000000009f6e      0xc6b ./Src/can.o
 .debug_info    0x000000000000abd9      0x124 ./Src/control.o
 .debug_info    0x000000000000acfd      0x2d6 ./Src/dma.o
 .debug_info    0x000000000000afd3      0x455 ./Src/gpio.o
 .debug_info    0x000000000000b428     0x15f1 ./Src/main.o
 .debug_info    0x000000000000ca19      0x189 ./Src/power.o
 .debug_info    0x000000000000cba2      0x3e4 ./Src/steering.o
 .debug_info    0x000000000000cf86      0x343 ./Src/stm32f1xx_hal_msp.o
 .debug_info    0x000000000000d2c9      0xbcf ./Src/stm32f1xx_it.o
 .debug_info    0x000000000000de98      0x3f4 ./Src/system_stm32f1xx.o
 .debug_info    0x000000000000e28c      0xe22 ./Src/tim.o
 .debug_info    0x000000000000f0ae      0x22a ./Src/timer.o
 .debug_info    0x000000000000f2d8      0x74d ./Src/usart.o
 .debug_info    0x000000000000fa25      0x2bc ./Src/wheels.o
 .debug_info    0x000000000000fce1       0x23 ./Startup/startup_stm32f103rbtx.o

.debug_abbrev   0x0000000000000000     0x3878
 .debug_abbrev  0x0000000000000000      0x21c ./Drivers/STM32F1xx_HAL_Driver/Src/stm32f1xx_hal.o
 .debug_abbrev  0x000000000000021c      0x224 ./Drivers/STM32F1xx_HAL_Driver/Src/stm32f1xx_hal_adc.o
 .debug_abbrev  0x0000000000000440      0x228 ./Drivers/STM32F1xx_HAL_Driver/Src/stm32f1xx_hal_can.o
 .debug_abbrev  0x0000000000000668      0x2dc ./Drivers/STM32F1xx_HAL_Driver/Src/stm32f1xx_hal_cortex.o
 .debug_abbrev  0x0000000000000944      0x20b ./Drivers/STM32F1xx_HAL_Driver/Src/stm32f1xx_hal_dma.o
 .debug_abbrev  0x0000000000000b4f      0x233 ./Drivers/STM32F1xx_HAL_Driver/Src/stm32f1xx_hal_flash.o
 .debug_abbrev  0x0000000000000d82      0x247 ./Drivers/STM32F1xx_HAL_Driver/Src/stm32f1xx_hal_flash_ex.o
 .debug_abbrev  0x0000000000000fc9      0x1d3 ./Drivers/STM32F1xx_HAL_Driver/Src/stm32f1xx_hal_gpio.o
 .debug_abbrev  0x000000000000119c      0x2bf ./Drivers/STM32F1xx_HAL_Driver/Src/stm32f1xx_hal_rcc.o
 .debug_abbrev  0x000000000000145b      0x188 ./Drivers/STM32F1xx_HAL_Driver/Src/stm32f1xx_hal_rcc_ex.o
 .debug_abbrev  0x00000000000015e3      0x284 ./Drivers/STM32F1xx_HAL_Driver/Src/stm32f1xx_hal_tim.o
 .debug_abbrev  0x0000000000001867      0x25c ./Drivers/STM32F1xx_HAL_Driver/Src/stm32f1xx_hal_tim_ex.o
 .debug_abbrev  0x0000000000001ac3      0x270 ./Drivers/STM32F1xx_HAL_Driver/Src/stm32f1xx_hal_uart.o
 .debug_abbrev  0x0000000000001d33      0x20d ./Src/FLASH_PAGE_F1.o
 .debug_abbrev  0x0000000000001f40      0x1d1 ./Src/adc.o
 .debug_abbrev  0x0000000000002111      0x190 ./Src/calibrate.o
 .debug_abbrev  0x00000000000022a1      0x24f ./Src/can.o
 .debug_abbrev  0x00000000000024f0       0xa0 ./Src/control.o
 .debug_abbrev  0x0000000000002590       0xfc ./Src/dma.o
 .debug_abbrev  0x000000000000268c      0x161 ./Src/gpio.o
 .debug_abbrev  0x00000000000027ed      0x35e ./Src/main.o
 .debug_abbrev  0x0000000000002b4b       0xe2 ./Src/power.o
 .debug_abbrev  0x0000000000002c2d      0x1c2 ./Src/steering.o
 .debug_abbrev  0x0000000000002def      0x111 ./Src/stm32f1xx_hal_msp.o
 .debug_abbrev  0x0000000000002f00      0x205 ./Src/stm32f1xx_it.o
 .debug_abbrev  0x0000000000003105      0x13f ./Src/system_stm32f1xx.o
 .debug_abbrev  0x0000000000003244      0x2a1 ./Src/tim.o
 .debug_abbrev  0x00000000000034e5       0xcd ./Src/timer.o
 .debug_abbrev  0x00000000000035b2      0x1be ./Src/usart.o
 .debug_abbrev  0x0000000000003770       0xf6 ./Src/wheels.o
 .debug_abbrev  0x0000000000003866       0x12 ./Startup/startup_stm32f103rbtx.o

.debug_aranges  0x0000000000000000     0x1050
 .debug_aranges
                0x0000000000000000       0xb8 ./Drivers/STM32F1xx_HAL_Driver/Src/stm32f1xx_hal.o
 .debug_aranges
                0x00000000000000b8       0xf0 ./Drivers/STM32F1xx_HAL_Driver/Src/stm32f1xx_hal_adc.o
 .debug_aranges
                0x00000000000001a8       0xb0 ./Drivers/STM32F1xx_HAL_Driver/Src/stm32f1xx_hal_can.o
 .debug_aranges
                0x0000000000000258      0x100 ./Drivers/STM32F1xx_HAL_Driver/Src/stm32f1xx_hal_cortex.o
 .debug_aranges
                0x0000000000000358       0x80 ./Drivers/STM32F1xx_HAL_Driver/Src/stm32f1xx_hal_dma.o
 .debug_aranges
                0x00000000000003d8       0x88 ./Drivers/STM32F1xx_HAL_Driver/Src/stm32f1xx_hal_flash.o
 .debug_aranges
                0x0000000000000460       0x98 ./Drivers/STM32F1xx_HAL_Driver/Src/stm32f1xx_hal_flash_ex.o
 .debug_aranges
                0x00000000000004f8       0x58 ./Drivers/STM32F1xx_HAL_Driver/Src/stm32f1xx_hal_gpio.o
 .debug_aranges
                0x0000000000000550       0x90 ./Drivers/STM32F1xx_HAL_Driver/Src/stm32f1xx_hal_rcc.o
 .debug_aranges
                0x00000000000005e0       0x30 ./Drivers/STM32F1xx_HAL_Driver/Src/stm32f1xx_hal_rcc_ex.o
 .debug_aranges
                0x0000000000000610      0x368 ./Drivers/STM32F1xx_HAL_Driver/Src/stm32f1xx_hal_tim.o
 .debug_aranges
                0x0000000000000978      0x138 ./Drivers/STM32F1xx_HAL_Driver/Src/stm32f1xx_hal_tim_ex.o
 .debug_aranges
                0x0000000000000ab0      0x1d0 ./Drivers/STM32F1xx_HAL_Driver/Src/stm32f1xx_hal_uart.o
 .debug_aranges
                0x0000000000000c80       0x58 ./Src/FLASH_PAGE_F1.o
 .debug_aranges
                0x0000000000000cd8       0x30 ./Src/adc.o
 .debug_aranges
                0x0000000000000d08       0x28 ./Src/calibrate.o
 .debug_aranges
                0x0000000000000d30       0x58 ./Src/can.o
 .debug_aranges
                0x0000000000000d88       0x20 ./Src/control.o
 .debug_aranges
                0x0000000000000da8       0x20 ./Src/dma.o
 .debug_aranges
                0x0000000000000dc8       0x20 ./Src/gpio.o
 .debug_aranges
                0x0000000000000de8       0x50 ./Src/main.o
 .debug_aranges
                0x0000000000000e38       0x28 ./Src/power.o
 .debug_aranges
                0x0000000000000e60       0x40 ./Src/steering.o
 .debug_aranges
                0x0000000000000ea0       0x20 ./Src/stm32f1xx_hal_msp.o
 .debug_aranges
                0x0000000000000ec0       0x60 ./Src/stm32f1xx_it.o
 .debug_aranges
                0x0000000000000f20       0x28 ./Src/system_stm32f1xx.o
 .debug_aranges
                0x0000000000000f48       0x60 ./Src/tim.o
 .debug_aranges
                0x0000000000000fa8       0x30 ./Src/timer.o
 .debug_aranges
                0x0000000000000fd8       0x30 ./Src/usart.o
 .debug_aranges
                0x0000000000001008       0x20 ./Src/wheels.o
 .debug_aranges
                0x0000000000001028       0x28 ./Startup/startup_stm32f103rbtx.o

.debug_rnglists
                0x0000000000000000      0xc42
 .debug_rnglists
                0x0000000000000000       0x85 ./Drivers/STM32F1xx_HAL_Driver/Src/stm32f1xx_hal.o
 .debug_rnglists
                0x0000000000000085       0xba ./Drivers/STM32F1xx_HAL_Driver/Src/stm32f1xx_hal_adc.o
 .debug_rnglists
                0x000000000000013f       0x8a ./Drivers/STM32F1xx_HAL_Driver/Src/stm32f1xx_hal_can.o
 .debug_rnglists
                0x00000000000001c9       0xbb ./Drivers/STM32F1xx_HAL_Driver/Src/stm32f1xx_hal_cortex.o
 .debug_rnglists
                0x0000000000000284       0x64 ./Drivers/STM32F1xx_HAL_Driver/Src/stm32f1xx_hal_dma.o
 .debug_rnglists
                0x00000000000002e8       0x66 ./Drivers/STM32F1xx_HAL_Driver/Src/stm32f1xx_hal_flash.o
 .debug_rnglists
                0x000000000000034e       0x74 ./Drivers/STM32F1xx_HAL_Driver/Src/stm32f1xx_hal_flash_ex.o
 .debug_rnglists
                0x00000000000003c2       0x3f ./Drivers/STM32F1xx_HAL_Driver/Src/stm32f1xx_hal_gpio.o
 .debug_rnglists
                0x0000000000000401       0x6b ./Drivers/STM32F1xx_HAL_Driver/Src/stm32f1xx_hal_rcc.o
 .debug_rnglists
                0x000000000000046c       0x21 ./Drivers/STM32F1xx_HAL_Driver/Src/stm32f1xx_hal_rcc_ex.o
 .debug_rnglists
                0x000000000000048d      0x2b5 ./Drivers/STM32F1xx_HAL_Driver/Src/stm32f1xx_hal_tim.o
 .debug_rnglists
                0x0000000000000742       0xf8 ./Drivers/STM32F1xx_HAL_Driver/Src/stm32f1xx_hal_tim_ex.o
 .debug_rnglists
                0x000000000000083a      0x16e ./Drivers/STM32F1xx_HAL_Driver/Src/stm32f1xx_hal_uart.o
 .debug_rnglists
                0x00000000000009a8       0x3f ./Src/FLASH_PAGE_F1.o
 .debug_rnglists
                0x00000000000009e7       0x21 ./Src/adc.o
 .debug_rnglists
                0x0000000000000a08       0x1a ./Src/calibrate.o
 .debug_rnglists
                0x0000000000000a22       0x40 ./Src/can.o
 .debug_rnglists
                0x0000000000000a62       0x13 ./Src/control.o
 .debug_rnglists
                0x0000000000000a75       0x13 ./Src/dma.o
 .debug_rnglists
                0x0000000000000a88       0x14 ./Src/gpio.o
 .debug_rnglists
                0x0000000000000a9c       0x3a ./Src/main.o
 .debug_rnglists
                0x0000000000000ad6       0x19 ./Src/power.o
 .debug_rnglists
                0x0000000000000aef       0x2e ./Src/steering.o
 .debug_rnglists
                0x0000000000000b1d       0x14 ./Src/stm32f1xx_hal_msp.o
 .debug_rnglists
                0x0000000000000b31       0x44 ./Src/stm32f1xx_it.o
 .debug_rnglists
                0x0000000000000b75       0x1a ./Src/system_stm32f1xx.o
 .debug_rnglists
                0x0000000000000b8f       0x48 ./Src/tim.o
 .debug_rnglists
                0x0000000000000bd7       0x1f ./Src/timer.o
 .debug_rnglists
                0x0000000000000bf6       0x1f ./Src/usart.o
 .debug_rnglists
                0x0000000000000c15       0x14 ./Src/wheels.o
 .debug_rnglists
                0x0000000000000c29       0x19 ./Startup/startup_stm32f103rbtx.o

.debug_macro    0x0000000000000000    0x191cb
 .debug_macro   0x0000000000000000      0x2c6 ./Drivers/STM32F1xx_HAL_Driver/Src/stm32f1xx_hal.o
 .debug_macro   0x00000000000002c6      0xab4 ./Drivers/STM32F1xx_HAL_Driver/Src/stm32f1xx_hal.o
 .debug_macro   0x0000000000000d7a       0xca ./Drivers/STM32F1xx_HAL_Driver/Src/stm32f1xx_hal.o
 .debug_macro   0x0000000000000e44      0x16f ./Drivers/STM32F1xx_HAL_Driver/Src/stm32f1xx_hal.o
 .debug_macro   0x0000000000000fb3       0x28 ./Drivers/STM32F1xx_HAL_Driver/Src/stm32f1xx_hal.o
 .debug_macro   0x0000000000000fdb       0x22 ./Drivers/STM32F1xx_HAL_Driver/Src/stm32f1xx_hal.o
 .debug_macro   0x0000000000000ffd       0x22 ./Drivers/STM32F1xx_HAL_Driver/Src/stm32f1xx_hal.o
 .debug_macro   0x000000000000101f       0x8e ./Drivers/STM32F1xx_HAL_Driver/Src/stm32f1xx_hal.o
 .debug_macro   0x00000000000010ad       0x51 ./Drivers/STM32F1xx_HAL_Driver/Src/stm32f1xx_hal.o
 .debug_macro   0x00000000000010fe      0x103 ./Drivers/STM32F1xx_HAL_Driver/Src/stm32f1xx_hal.o
 .debug_macro   0x0000000000001201       0x6a ./Drivers/STM32F1xx_HAL_Driver/Src/stm32f1xx_hal.o
 .debug_macro   0x000000000000126b      0x1df ./Drivers/STM32F1xx_HAL_Driver/Src/stm32f1xx_hal.o
 .debug_macro   0x000000000000144a       0x34 ./Drivers/STM32F1xx_HAL_Driver/Src/stm32f1xx_hal.o
 .debug_macro   0x000000000000147e       0x34 ./Drivers/STM32F1xx_HAL_Driver/Src/stm32f1xx_hal.o
 .debug_macro   0x00000000000014b2      0xb8e ./Drivers/STM32F1xx_HAL_Driver/Src/stm32f1xx_hal.o
 .debug_macro   0x0000000000002040     0xe90a ./Drivers/STM32F1xx_HAL_Driver/Src/stm32f1xx_hal.o
 .debug_macro   0x000000000001094a       0x43 ./Drivers/STM32F1xx_HAL_Driver/Src/stm32f1xx_hal.o
 .debug_macro   0x000000000001098d       0x61 ./Drivers/STM32F1xx_HAL_Driver/Src/stm32f1xx_hal.o
 .debug_macro   0x00000000000109ee       0x24 ./Drivers/STM32F1xx_HAL_Driver/Src/stm32f1xx_hal.o
 .debug_macro   0x0000000000010a12       0x43 ./Drivers/STM32F1xx_HAL_Driver/Src/stm32f1xx_hal.o
 .debug_macro   0x0000000000010a55       0x34 ./Drivers/STM32F1xx_HAL_Driver/Src/stm32f1xx_hal.o
 .debug_macro   0x0000000000010a89       0x16 ./Drivers/STM32F1xx_HAL_Driver/Src/stm32f1xx_hal.o
 .debug_macro   0x0000000000010a9f       0x97 ./Drivers/STM32F1xx_HAL_Driver/Src/stm32f1xx_hal.o
 .debug_macro   0x0000000000010b36      0x369 ./Drivers/STM32F1xx_HAL_Driver/Src/stm32f1xx_hal.o
 .debug_macro   0x0000000000010e9f       0xfd ./Drivers/STM32F1xx_HAL_Driver/Src/stm32f1xx_hal.o
 .debug_macro   0x0000000000010f9c       0x10 ./Drivers/STM32F1xx_HAL_Driver/Src/stm32f1xx_hal.o
 .debug_macro   0x0000000000010fac       0x16 ./Drivers/STM32F1xx_HAL_Driver/Src/stm32f1xx_hal.o
 .debug_macro   0x0000000000010fc2       0x43 ./Drivers/STM32F1xx_HAL_Driver/Src/stm32f1xx_hal.o
 .debug_macro   0x0000000000011005       0x34 ./Drivers/STM32F1xx_HAL_Driver/Src/stm32f1xx_hal.o
 .debug_macro   0x0000000000011039       0x10 ./Drivers/STM32F1xx_HAL_Driver/Src/stm32f1xx_hal.o
 .debug_macro   0x0000000000011049       0x58 ./Drivers/STM32F1xx_HAL_Driver/Src/stm32f1xx_hal.o
 .debug_macro   0x00000000000110a1       0x8e ./Drivers/STM32F1xx_HAL_Driver/Src/stm32f1xx_hal.o
 .debug_macro   0x000000000001112f       0x1c ./Drivers/STM32F1xx_HAL_Driver/Src/stm32f1xx_hal.o
 .debug_macro   0x000000000001114b      0x177 ./Drivers/STM32F1xx_HAL_Driver/Src/stm32f1xx_hal.o
 .debug_macro   0x00000000000112c2       0x16 ./Drivers/STM32F1xx_HAL_Driver/Src/stm32f1xx_hal.o
 .debug_macro   0x00000000000112d8       0x16 ./Drivers/STM32F1xx_HAL_Driver/Src/stm32f1xx_hal.o
 .debug_macro   0x00000000000112ee      0x147 ./Drivers/STM32F1xx_HAL_Driver/Src/stm32f1xx_hal.o
 .debug_macro   0x0000000000011435       0x57 ./Drivers/STM32F1xx_HAL_Driver/Src/stm32f1xx_hal.o
 .debug_macro   0x000000000001148c      0x5c2 ./Drivers/STM32F1xx_HAL_Driver/Src/stm32f1xx_hal.o
 .debug_macro   0x0000000000011a4e      0x28b ./Drivers/STM32F1xx_HAL_Driver/Src/stm32f1xx_hal.o
 .debug_macro   0x0000000000011cd9      0x1cb ./Drivers/STM32F1xx_HAL_Driver/Src/stm32f1xx_hal.o
 .debug_macro   0x0000000000011ea4      0x11e ./Drivers/STM32F1xx_HAL_Driver/Src/stm32f1xx_hal.o
 .debug_macro   0x0000000000011fc2      0x197 ./Drivers/STM32F1xx_HAL_Driver/Src/stm32f1xx_hal.o
 .debug_macro   0x0000000000012159       0x27 ./Drivers/STM32F1xx_HAL_Driver/Src/stm32f1xx_hal.o
 .debug_macro   0x0000000000012180      0x1bc ./Drivers/STM32F1xx_HAL_Driver/Src/stm32f1xx_hal.o
 .debug_macro   0x000000000001233c       0x34 ./Drivers/STM32F1xx_HAL_Driver/Src/stm32f1xx_hal.o
 .debug_macro   0x0000000000012370       0x3c ./Drivers/STM32F1xx_HAL_Driver/Src/stm32f1xx_hal.o
 .debug_macro   0x00000000000123ac      0x3a6 ./Drivers/STM32F1xx_HAL_Driver/Src/stm32f1xx_hal.o
 .debug_macro   0x0000000000012752       0x10 ./Drivers/STM32F1xx_HAL_Driver/Src/stm32f1xx_hal.o
 .debug_macro   0x0000000000012762       0x74 ./Drivers/STM32F1xx_HAL_Driver/Src/stm32f1xx_hal.o
 .debug_macro   0x00000000000127d6       0x57 ./Drivers/STM32F1xx_HAL_Driver/Src/stm32f1xx_hal.o
 .debug_macro   0x000000000001282d      0x46a ./Drivers/STM32F1xx_HAL_Driver/Src/stm32f1xx_hal.o
 .debug_macro   0x0000000000012c97      0x1b5 ./Drivers/STM32F1xx_HAL_Driver/Src/stm32f1xx_hal.o
 .debug_macro   0x0000000000012e4c       0x8c ./Drivers/STM32F1xx_HAL_Driver/Src/stm32f1xx_hal.o
 .debug_macro   0x0000000000012ed8      0x242 ./Drivers/STM32F1xx_HAL_Driver/Src/stm32f1xx_hal.o
 .debug_macro   0x000000000001311a      0x143 ./Drivers/STM32F1xx_HAL_Driver/Src/stm32f1xx_hal.o
 .debug_macro   0x000000000001325d      0x84c ./Drivers/STM32F1xx_HAL_Driver/Src/stm32f1xx_hal.o
 .debug_macro   0x0000000000013aa9       0x1f ./Drivers/STM32F1xx_HAL_Driver/Src/stm32f1xx_hal.o
 .debug_macro   0x0000000000013ac8      0x26b ./Drivers/STM32F1xx_HAL_Driver/Src/stm32f1xx_hal.o
 .debug_macro   0x0000000000013d33       0x7c ./Drivers/STM32F1xx_HAL_Driver/Src/stm32f1xx_hal.o
 .debug_macro   0x0000000000013daf      0x2bf ./Drivers/STM32F1xx_HAL_Driver/Src/stm32f1xx_hal_adc.o
 .debug_macro   0x000000000001406e      0x2a9 ./Drivers/STM32F1xx_HAL_Driver/Src/stm32f1xx_hal_can.o
 .debug_macro   0x0000000000014317      0x2a2 ./Drivers/STM32F1xx_HAL_Driver/Src/stm32f1xx_hal_cortex.o
 .debug_macro   0x00000000000145b9      0x2a2 ./Drivers/STM32F1xx_HAL_Driver/Src/stm32f1xx_hal_dma.o
 .debug_macro   0x000000000001485b      0x2a2 ./Drivers/STM32F1xx_HAL_Driver/Src/stm32f1xx_hal_flash.o
 .debug_macro   0x0000000000014afd      0x2b4 ./Drivers/STM32F1xx_HAL_Driver/Src/stm32f1xx_hal_flash_ex.o
 .debug_macro   0x0000000000014db1      0x312 ./Drivers/STM32F1xx_HAL_Driver/Src/stm32f1xx_hal_gpio.o
 .debug_macro   0x00000000000150c3      0x2b4 ./Drivers/STM32F1xx_HAL_Driver/Src/stm32f1xx_hal_rcc.o
 .debug_macro   0x0000000000015377      0x2a2 ./Drivers/STM32F1xx_HAL_Driver/Src/stm32f1xx_hal_rcc_ex.o
 .debug_macro   0x0000000000015619      0x2a3 ./Drivers/STM32F1xx_HAL_Driver/Src/stm32f1xx_hal_tim.o
 .debug_macro   0x00000000000158bc      0x2a2 ./Drivers/STM32F1xx_HAL_Driver/Src/stm32f1xx_hal_tim_ex.o
 .debug_macro   0x0000000000015b5e      0x2a3 ./Drivers/STM32F1xx_HAL_Driver/Src/stm32f1xx_hal_uart.o
 .debug_macro   0x0000000000015e01      0x2dc ./Src/FLASH_PAGE_F1.o
 .debug_macro   0x00000000000160dd       0x16 ./Src/FLASH_PAGE_F1.o
 .debug_macro   0x00000000000160f3       0x35 ./Src/FLASH_PAGE_F1.o
 .debug_macro   0x0000000000016128       0x20 ./Src/FLASH_PAGE_F1.o
 .debug_macro   0x0000000000016148      0x2c0 ./Src/adc.o
 .debug_macro   0x0000000000016408      0x33c ./Src/calibrate.o
 .debug_macro   0x0000000000016744       0x16 ./Src/calibrate.o
 .debug_macro   0x000000000001675a       0x16 ./Src/calibrate.o
 .debug_macro   0x0000000000016770       0x29 ./Src/calibrate.o
 .debug_macro   0x0000000000016799      0x19b ./Src/calibrate.o
 .debug_macro   0x0000000000016934       0x58 ./Src/calibrate.o
 .debug_macro   0x000000000001698c       0x5e ./Src/calibrate.o
 .debug_macro   0x00000000000169ea       0x16 ./Src/calibrate.o
 .debug_macro   0x0000000000016a00       0x10 ./Src/calibrate.o
 .debug_macro   0x0000000000016a10       0x10 ./Src/calibrate.o
 .debug_macro   0x0000000000016a20      0x2bb ./Src/can.o
 .debug_macro   0x0000000000016cdb       0x58 ./Src/can.o
 .debug_macro   0x0000000000016d33      0x324 ./Src/control.o
 .debug_macro   0x0000000000017057      0x2ac ./Src/dma.o
 .debug_macro   0x0000000000017303      0x2ac ./Src/gpio.o
 .debug_macro   0x00000000000175af      0x388 ./Src/main.o
 .debug_macro   0x0000000000017937      0x2ac ./Src/power.o
 .debug_macro   0x0000000000017be3      0x302 ./Src/steering.o
 .debug_macro   0x0000000000017ee5      0x2a2 ./Src/stm32f1xx_hal_msp.o
 .debug_macro   0x0000000000018187      0x2b0 ./Src/stm32f1xx_it.o
 .debug_macro   0x0000000000018437      0x2a8 ./Src/system_stm32f1xx.o
 .debug_macro   0x00000000000186df      0x2b6 ./Src/tim.o
 .debug_macro   0x0000000000018995      0x2bf ./Src/timer.o
 .debug_macro   0x0000000000018c54      0x2b6 ./Src/usart.o
 .debug_macro   0x0000000000018f0a      0x2b1 ./Src/wheels.o
 .debug_macro   0x00000000000191bb       0x10 ./Src/wheels.o

.debug_line     0x0000000000000000    0x1abae
 .debug_line    0x0000000000000000      0xc1f ./Drivers/STM32F1xx_HAL_Driver/Src/stm32f1xx_hal.o
 .debug_line    0x0000000000000c1f     0x12f9 ./Drivers/STM32F1xx_HAL_Driver/Src/stm32f1xx_hal_adc.o
 .debug_line    0x0000000000001f18     0x1694 ./Drivers/STM32F1xx_HAL_Driver/Src/stm32f1xx_hal_can.o
 .debug_line    0x00000000000035ac      0xe7b ./Drivers/STM32F1xx_HAL_Driver/Src/stm32f1xx_hal_cortex.o
 .debug_line    0x0000000000004427     0x10f7 ./Drivers/STM32F1xx_HAL_Driver/Src/stm32f1xx_hal_dma.o
 .debug_line    0x000000000000551e      0xd88 ./Drivers/STM32F1xx_HAL_Driver/Src/stm32f1xx_hal_flash.o
 .debug_line    0x00000000000062a6      0xe66 ./Drivers/STM32F1xx_HAL_Driver/Src/stm32f1xx_hal_flash_ex.o
 .debug_line    0x000000000000710c      0xd4e ./Drivers/STM32F1xx_HAL_Driver/Src/stm32f1xx_hal_gpio.o
 .debug_line    0x0000000000007e5a     0x1015 ./Drivers/STM32F1xx_HAL_Driver/Src/stm32f1xx_hal_rcc.o
 .debug_line    0x0000000000008e6f      0xbed ./Drivers/STM32F1xx_HAL_Driver/Src/stm32f1xx_hal_rcc_ex.o
 .debug_line    0x0000000000009a5c     0x28be ./Drivers/STM32F1xx_HAL_Driver/Src/stm32f1xx_hal_tim.o
 .debug_line    0x000000000000c31a     0x13f1 ./Drivers/STM32F1xx_HAL_Driver/Src/stm32f1xx_hal_tim_ex.o
 .debug_line    0x000000000000d70b     0x1a31 ./Drivers/STM32F1xx_HAL_Driver/Src/stm32f1xx_hal_uart.o
 .debug_line    0x000000000000f13c      0xc2b ./Src/FLASH_PAGE_F1.o
 .debug_line    0x000000000000fd67      0xadc ./Src/adc.o
 .debug_line    0x0000000000010843      0xb1d ./Src/calibrate.o
 .debug_line    0x0000000000011360      0xbca ./Src/can.o
 .debug_line    0x0000000000011f2a      0xa6e ./Src/control.o
 .debug_line    0x0000000000012998      0x9ef ./Src/dma.o
 .debug_line    0x0000000000013387      0xa38 ./Src/gpio.o
 .debug_line    0x0000000000013dbf      0xd40 ./Src/main.o
 .debug_line    0x0000000000014aff      0xa08 ./Src/power.o
 .debug_line    0x0000000000015507      0xb73 ./Src/steering.o
 .debug_line    0x000000000001607a      0x9fb ./Src/stm32f1xx_hal_msp.o
 .debug_line    0x0000000000016a75      0xae1 ./Src/stm32f1xx_it.o
 .debug_line    0x0000000000017556      0xa99 ./Src/system_stm32f1xx.o
 .debug_line    0x0000000000017fef      0xc77 ./Src/tim.o
 .debug_line    0x0000000000018c66      0xa36 ./Src/timer.o
 .debug_line    0x000000000001969c      0xa5e ./Src/usart.o
 .debug_line    0x000000000001a0fa      0xa39 ./Src/wheels.o
 .debug_line    0x000000000001ab33       0x7b ./Startup/startup_stm32f103rbtx.o

.debug_str      0x0000000000000000    0x7ab62
 .debug_str     0x0000000000000000    0x75b52 ./Drivers/STM32F1xx_HAL_Driver/Src/stm32f1xx_hal.o
                                      0x75e82 (size before relaxing)
 .debug_str     0x0000000000075b52      0x6b2 ./Drivers/STM32F1xx_HAL_Driver/Src/stm32f1xx_hal_adc.o
                                      0x75ee7 (size before relaxing)
 .debug_str     0x0000000000076204      0x521 ./Drivers/STM32F1xx_HAL_Driver/Src/stm32f1xx_hal_can.o
                                      0x75d81 (size before relaxing)
 .debug_str     0x0000000000076725      0x2af ./Drivers/STM32F1xx_HAL_Driver/Src/stm32f1xx_hal_cortex.o
                                      0x75e97 (size before relaxing)
 .debug_str     0x00000000000769d4      0x21b ./Drivers/STM32F1xx_HAL_Driver/Src/stm32f1xx_hal_dma.o
                                      0x75bd7 (size before relaxing)
 .debug_str     0x0000000000076bef      0x29b ./Drivers/STM32F1xx_HAL_Driver/Src/stm32f1xx_hal_flash.o
                                      0x75b09 (size before relaxing)
 .debug_str     0x0000000000076e8a      0x34f ./Drivers/STM32F1xx_HAL_Driver/Src/stm32f1xx_hal_flash_ex.o
                                      0x75cb7 (size before relaxing)