../Drivers/BSP/common/iks01a2.c:546:16:platform_read_lps22hb	24	static
../Drivers/BSP/common/iks01a2.c:583:16:platform_read_hts221	24	static
../Drivers/BSP/common/iks01a2.c:503:16:platform_read_lsm303agr	24	static
../Drivers/BSP/common/iks01a2.c:460:16:platform_read_lsm6dsl	24	static
../Drivers/BSP/common/iks01a2.c:528:16:platform_write_lps22hb	24	static
../Drivers/BSP/common/iks01a2.c:564:16:platform_write_hts221	24	static
../Drivers/BSP/common/iks01a2.c:478:16:platform_write_lsm303agr	24	static
../Drivers/BSP/common/iks01a2.c:442:16:platform_write_lsm6dsl	24	static
../Drivers/BSP/common/iks01a2.c:82:7:linear_interpolation	0	static
../Drivers/BSP/common/iks01a2.c:93:10:IKS01A2_Init	32	static
../Drivers/BSP/common/iks01a2.c:257:10:IKS01A2_GetAcceleration	24	static
../Drivers/BSP/common/iks01a2.c:283:10:IKS01A2_GetRotation	24	static
../Drivers/BSP/common/iks01a2.c:334:10:IKS01A2_GetMagnetic	24	static
../Drivers/BSP/common/iks01a2.c:360:10:IKS01A2_GetHumidity	24	static
../Drivers/BSP/common/iks01a2.c:392:10:IKS01A2_GetTemperature	24	static
../Drivers/BSP/common/iks01a2.c:416:10:IKS01A2_GetPressure	24	static
