Archive member included to satisfy reference by file (symbol)

/opt/st/stm32cubeide_1.14.0/plugins/com.st.stm32cube.ide.mcu.externaltools.gnu-tools-for-stm32.11.3.rel1.linux64_1.1.100.202309141235/tools/bin/../lib/gcc/arm-none-eabi/11.3.1/../../../../arm-none-eabi/lib/thumb/v7e-m+fp/hard/libc_nano.a(libc_a-atoi.o)
                              ./Core/App/app.o (atoi)
/opt/st/stm32cubeide_1.14.0/plugins/com.st.stm32cube.ide.mcu.externaltools.gnu-tools-for-stm32.11.3.rel1.linux64_1.1.100.202309141235/tools/bin/../lib/gcc/arm-none-eabi/11.3.1/../../../../arm-none-eabi/lib/thumb/v7e-m+fp/hard/libc_nano.a(libc_a-exit.o)
                              /opt/st/stm32cubeide_1.14.0/plugins/com.st.stm32cube.ide.mcu.externaltools.gnu-tools-for-stm32.11.3.rel1.linux64_1.1.100.202309141235/tools/bin/../lib/gcc/arm-none-eabi/11.3.1/../../../../arm-none-eabi/lib/thumb/v7e-m+fp/hard/crt0.o (exit)
/opt/st/stm32cubeide_1.14.0/plugins/com.st.stm32cube.ide.mcu.externaltools.gnu-tools-for-stm32.11.3.rel1.linux64_1.1.100.202309141235/tools/bin/../lib/gcc/arm-none-eabi/11.3.1/../../../../arm-none-eabi/lib/thumb/v7e-m+fp/hard/libc_nano.a(libc_a-strtol.o)
                              /opt/st/stm32cubeide_1.14.0/plugins/com.st.stm32cube.ide.mcu.externaltools.gnu-tools-for-stm32.11.3.rel1.linux64_1.1.100.202309141235/tools/bin/../lib/gcc/arm-none-eabi/11.3.1/../../../../arm-none-eabi/lib/thumb/v7e-m+fp/hard/libc_nano.a(libc_a-atoi.o) (_strtol_r)
/opt/st/stm32cubeide_1.14.0/plugins/com.st.stm32cube.ide.mcu.externaltools.gnu-tools-for-stm32.11.3.rel1.linux64_1.1.100.202309141235/tools/bin/../lib/gcc/arm-none-eabi/11.3.1/../../../../arm-none-eabi/lib/thumb/v7e-m+fp/hard/libc_nano.a(libc_a-ctype_.o)
                              /opt/st/stm32cubeide_1.14.0/plugins/com.st.stm32cube.ide.mcu.externaltools.gnu-tools-for-stm32.11.3.rel1.linux64_1.1.100.202309141235/tools/bin/../lib/gcc/arm-none-eabi/11.3.1/../../../../arm-none-eabi/lib/thumb/v7e-m+fp/hard/libc_nano.a(libc_a-strtol.o) (_ctype_)
/opt/st/stm32cubeide_1.14.0/plugins/com.st.stm32cube.ide.mcu.externaltools.gnu-tools-for-stm32.11.3.rel1.linux64_1.1.100.202309141235/tools/bin/../lib/gcc/arm-none-eabi/11.3.1/../../../../arm-none-eabi/lib/thumb/v7e-m+fp/hard/libc_nano.a(libc_a-findfp.o)
                              /opt/st/stm32cubeide_1.14.0/plugins/com.st.stm32cube.ide.mcu.externaltools.gnu-tools-for-stm32.11.3.rel1.linux64_1.1.100.202309141235/tools/bin/../lib/gcc/arm-none-eabi/11.3.1/../../../../arm-none-eabi/lib/thumb/v7e-m+fp/hard/libc_nano.a(libc_a-exit.o) (__stdio_exit_handler)
/opt/st/stm32cubeide_1.14.0/plugins/com.st.stm32cube.ide.mcu.externaltools.gnu-tools-for-stm32.11.3.rel1.linux64_1.1.100.202309141235/tools/bin/../lib/gcc/arm-none-eabi/11.3.1/../../../../arm-none-eabi/lib/thumb/v7e-m+fp/hard/libc_nano.a(libc_a-fwalk.o)
                              /opt/st/stm32cubeide_1.14.0/plugins/com.st.stm32cube.ide.mcu.externaltools.gnu-tools-for-stm32.11.3.rel1.linux64_1.1.100.202309141235/tools/bin/../lib/gcc/arm-none-eabi/11.3.1/../../../../arm-none-eabi/lib/thumb/v7e-m+fp/hard/libc_nano.a(libc_a-findfp.o) (_fwalk_sglue)
/opt/st/stm32cubeide_1.14.0/plugins/com.st.stm32cube.ide.mcu.externaltools.gnu-tools-for-stm32.11.3.rel1.linux64_1.1.100.202309141235/tools/bin/../lib/gcc/arm-none-eabi/11.3.1/../../../../arm-none-eabi/lib/thumb/v7e-m+fp/hard/libc_nano.a(libc_a-sprintf.o)
                              ./Core/App/app.o (sprintf)
/opt/st/stm32cubeide_1.14.0/plugins/com.st.stm32cube.ide.mcu.externaltools.gnu-tools-for-stm32.11.3.rel1.linux64_1.1.100.202309141235/tools/bin/../lib/gcc/arm-none-eabi/11.3.1/../../../../arm-none-eabi/lib/thumb/v7e-m+fp/hard/libc_nano.a(libc_a-stdio.o)
                              /opt/st/stm32cubeide_1.14.0/plugins/com.st.stm32cube.ide.mcu.externaltools.gnu-tools-for-stm32.11.3.rel1.linux64_1.1.100.202309141235/tools/bin/../lib/gcc/arm-none-eabi/11.3.1/../../../../arm-none-eabi/lib/thumb/v7e-m+fp/hard/libc_nano.a(libc_a-findfp.o) (__sread)
/opt/st/stm32cubeide_1.14.0/plugins/com.st.stm32cube.ide.mcu.externaltools.gnu-tools-for-stm32.11.3.rel1.linux64_1.1.100.202309141235/tools/bin/../lib/gcc/arm-none-eabi/11.3.1/../../../../arm-none-eabi/lib/thumb/v7e-m+fp/hard/libc_nano.a(libc_a-memset.o)
                              /opt/st/stm32cubeide_1.14.0/plugins/com.st.stm32cube.ide.mcu.externaltools.gnu-tools-for-stm32.11.3.rel1.linux64_1.1.100.202309141235/tools/bin/../lib/gcc/arm-none-eabi/11.3.1/../../../../arm-none-eabi/lib/thumb/v7e-m+fp/hard/crt0.o (memset)
/opt/st/stm32cubeide_1.14.0/plugins/com.st.stm32cube.ide.mcu.externaltools.gnu-tools-for-stm32.11.3.rel1.linux64_1.1.100.202309141235/tools/bin/../lib/gcc/arm-none-eabi/11.3.1/../../../../arm-none-eabi/lib/thumb/v7e-m+fp/hard/libc_nano.a(libc_a-strtok.o)
                              ./Core/App/app.o (strtok)
[...]
Memory Configuration

Name             Origin             Length             Attributes
RAM              0x0000000020000000 0x0000000000018000 xrw
RAM2             0x0000000010000000 0x0000000000008000 xrw
FLASH            0x0000000008000000 0x0000000000100000 xr
*default*        0x0000000000000000 0xffffffffffffffff

Linker script and memory map

LOAD /opt/st/stm32cubeide_1.14.0/plugins/com.st.stm32cube.ide.mcu.externaltools.gnu-tools-for-stm32.11.3.rel1.linux64_1.1.100.202309141235/tools/bin/../lib/gcc/arm-none-eabi/11.3.1/thumb/v7e-m+fp/hard/crti.o
LOAD /opt/st/stm32cubeide_1.14.0/plugins/com.st.stm32cube.ide.mcu.externaltools.gnu-tools-for-stm32.11.3.rel1.linux64_1.1.100.202309141235/tools/bin/../lib/gcc/arm-none-eabi/11.3.1/thumb/v7e-m+fp/hard/crtbegin.o
LOAD /opt/st/stm32cubeide_1.14.0/plugins/com.st.stm32cube.ide.mcu.externaltools.gnu-tools-for-stm32.11.3.rel1.linux64_1.1.100.202309141235/tools/bin/../lib/gcc/arm-none-eabi/11.3.1/../../../../arm-none-eabi/lib/thumb/v7e-m+fp/hard/crt0.o
LOAD ./Core/App/app.o
LOAD ./Core/Src/freertos.o
LOAD ./Core/Src/main.o
LOAD ./Core/Src/stm32l4xx_hal_msp.o
LOAD ./Core/Src/stm32l4xx_it.o
LOAD ./Core/Src/syscalls.o
LOAD ./Core/Src/sysmem.o
LOAD ./Core/Src/system_stm32l4xx.o
LOAD ./Core/Startup/startup_stm32l476rgtx.o
LOAD ./Drivers/STM32L4xx_HAL_Driver/Src/stm32l4xx_hal.o
LOAD ./Drivers/STM32L4xx_HAL_Driver/Src/stm32l4xx_hal_adc.o
LOAD ./Drivers/STM32L4xx_HAL_Driver/Src/stm32l4xx_hal_adc_ex.o
LOAD ./Drivers/STM32L4xx_HAL_Driver/Src/stm32l4xx_hal_cortex.o
LOAD ./Drivers/STM32L4xx_HAL_Driver/Src/stm32l4xx_hal_dma.o
LOAD ./Drivers/STM32L4xx_HAL_Driver/Src/stm32l4xx_hal_dma_ex.o
LOAD ./Drivers/STM32L4xx_HAL_Driver/Src/stm32l4xx_hal_exti.o
LOAD ./Drivers/STM32L4xx_HAL_Driver/Src/stm32l4xx_hal_flash.o
LOAD ./Drivers/STM32L4xx_HAL_Driver/Src/stm32l4xx_hal_flash_ex.o
LOAD ./Drivers/STM32L4xx_HAL_Driver/Src/stm32l4xx_hal_flash_ramfunc.o
LOAD ./Drivers/STM32L4xx_HAL_Driver/Src/stm32l4xx_hal_gpio.o
LOAD ./Drivers/STM32L4xx_HAL_Driver/Src/stm32l4xx_hal_i2c.o
LOAD ./Drivers/STM32L4xx_HAL_Driver/Src/stm32l4xx_hal_i2c_ex.o
LOAD ./Drivers/STM32L4xx_HAL_Driver/Src/stm32l4xx_hal_pwr.o
LOAD ./Drivers/STM32L4xx_HAL_Driver/Src/stm32l4xx_hal_pwr_ex.o
LOAD ./Drivers/STM32L4xx_HAL_Driver/Src/stm32l4xx_hal_rcc.o
LOAD ./Drivers/STM32L4xx_HAL_Driver/Src/stm32l4xx_hal_rcc_ex.o
LOAD ./Drivers/STM32L4xx_HAL_Driver/Src/stm32l4xx_hal_tim.o
LOAD ./Drivers/STM32L4xx_HAL_Driver/Src/stm32l4xx_hal_tim_ex.o
LOAD ./Drivers/STM32L4xx_HAL_Driver/Src/stm32l4xx_hal_uart.o
LOAD ./Drivers/STM32L4xx_HAL_Driver/Src/stm32l4xx_hal_uart_ex.o
LOAD ./Middlewares/Third_Party/FreeRTOS/Source/CMSIS_RTOS_V2/cmsis_os2.o
LOAD ./Middlewares/Third_Party/FreeRTOS/Source/croutine.o
LOAD ./Middlewares/Third_Party/FreeRTOS/Source/event_groups.o
LOAD ./Middlewares/Third_Party/FreeRTOS/Source/list.o
LOAD ./Middlewares/Third_Party/FreeRTOS/Source/queue.o
LOAD ./Middlewares/Third_Party/FreeRTOS/Source/stream_buffer.o
LOAD ./Middlewares/Third_Party/FreeRTOS/Source/tasks.o
LOAD ./Middlewares/Third_Party/FreeRTOS/Source/timers.o
LOAD ./Middlewares/Third_Party/FreeRTOS/Source/portable/GCC/ARM_CM4F/port.o
LOAD ./Middlewares/Third_Party/FreeRTOS/Source/portable/MemMang/heap_4.o
START GROUP
LOAD /opt/st/stm32cubeide_1.14.0/plugins/com.st.stm32cube.ide.mcu.externaltools.gnu-tools-for-stm32.11.3.rel1.linux64_1.1.100.202309141235/tools/bin/../lib/gcc/arm-none-eabi/11.3.1/../../../../arm-none-eabi/lib/thumb/v7e-m+fp/hard/libc_nano.a
LOAD /opt/st/stm32cubeide_1.14.0/plugins/com.st.stm32cube.ide.mcu.externaltools.gnu-tools-for-stm32.11.3.rel1.linux64_1.1.100.202309141235/tools/bin/../lib/gcc/arm-none-eabi/11.3.1/../../../../arm-none-eabi/lib/thumb/v7e-m+fp/hard/libm.a
END GROUP
START GROUP
LOAD /opt/st/stm32cubeide_1.14.0/plugins/com.st.stm32cube.ide.mcu.externaltools.gnu-tools-for-stm32.11.3.rel1.linux64_1.1.100.202309141235/tools/bin/../lib/gcc/arm-none-eabi/11.3.1/thumb/v7e-m+fp/hard/libgcc.a
LOAD /opt/st/stm32cubeide_1.14.0/plugins/com.st.stm32cube.ide.mcu.externaltools.gnu-tools-for-stm32.11.3.rel1.linux64_1.1.100.202309141235/tools/bin/../lib/gcc/arm-none-eabi/11.3.1/../../../../arm-none-eabi/lib/thumb/v7e-m+fp/hard/libc_nano.a
END GROUP
START GROUP
LOAD /opt/st/stm32cubeide_1.14.0/plugins/com.st.stm32cube.ide.mcu.externaltools.gnu-tools-for-stm32.11.3.rel1.linux64_1.1.100.202309141235/tools/bin/../lib/gcc/arm-none-eabi/11.3.1/thumb/v7e-m+fp/hard/libgcc.a
LOAD /opt/st/stm32cubeide_1.14.0/plugins/com.st.stm32cube.ide.mcu.externaltools.gnu-tools-for-stm32.11.3.rel1.linux64_1.1.100.202309141235/tools/bin/../lib/gcc/arm-none-eabi/11.3.1/../../../../arm-none-eabi/lib/thumb/v7e-m+fp/hard/libc_nano.a
LOAD /opt/st/stm32cubeide_1.14.0/plugins/com.st.stm32cube.ide.mcu.externaltools.gnu-tools-for-stm32.11.3.rel1.linux64_1.1.100.202309141235/tools/bin/../lib/gcc/arm-none-eabi/11.3.1/../../../../arm-none-eabi/lib/thumb/v7e-m+fp/hard/libnosys.a
END GROUP
START GROUP
LOAD /opt/st/stm32cubeide_1.14.0/plugins/com.st.stm32cube.ide.mcu.externaltools.gnu-tools-for-stm32.11.3.rel1.linux64_1.1.100.202309141235/tools/bin/../lib/gcc/arm-none-eabi/11.3.1/thumb/v7e-m+fp/hard/libgcc.a
LOAD /opt/st/stm32cubeide_1.14.0/plugins/com.st.stm32cube.ide.mcu.externaltools.gnu-tools-for-stm32.11.3.rel1.linux64_1.1.100.202309141235/tools/bin/../lib/gcc/arm-none-eabi/11.3.1/../../../../arm-none-eabi/lib/thumb/v7e-m+fp/hard/libc_nano.a
LOAD /opt/st/stm32cubeide_1.14.0/plugins/com.st.stm32cube.ide.mcu.externaltools.gnu-tools-for-stm32.11.3.rel1.linux64_1.1.100.202309141235/tools/bin/../lib/gcc/arm-none-eabi/11.3.1/../../../../arm-none-eabi/lib/thumb/v7e-m+fp/hard/libnosys.a
END GROUP
LOAD /opt/st/stm32cubeide_1.14.0/plugins/com.st.stm32cube.ide.mcu.externaltools.gnu-tools-for-stm32.11.3.rel1.linux64_1.1.100.202309141235/tools/bin/../lib/gcc/arm-none-eabi/11.3.1/thumb/v7e-m+fp/hard/crtend.o
LOAD /opt/st/stm32cubeide_1.14.0/plugins/com.st.stm32cube.ide.mcu.externaltools.gnu-tools-for-stm32.11.3.rel1.linux64_1.1.100.202309141235/tools/bin/../lib/gcc/arm-none-eabi/11.3.1/thumb/v7e-m+fp/hard/crtn.o
                0x0000000020018000                _estack = (ORIGIN (RAM) + LENGTH (RAM))
                0x0000000000000200                _Min_Heap_Size = 0x200
                0x0000000000000400                _Min_Stack_Size = 0x400

.isr_vector     0x0000000008000000      0x188
                0x0000000008000000                . = ALIGN (0x4)
 *(.isr_vector)
 .isr_vector    0x0000000008000000      0x188 ./Core/Startup/startup_stm32l476rgtx.o
                0x0000000008000000                g_pfnVectors
                0x0000000008000188                . = ALIGN (0x4)

.text           0x0000000008000190     0xb9ec
                0x0000000008000190                . = ALIGN (0x4)
 *(.text)
 .text          0x0000000008000190       0x40 /opt/st/stm32cubeide_1.14.0/plugins/com.st.stm32cube.ide.mcu.externaltools.gnu-tools-for-stm32.11.3.rel1.linux64_1.1.100.202309141235/tools/bin/../lib/gcc/arm-none-eabi/11.3.1/thumb/v7e-m+fp/hard/crtbegin.o
 .text          0x00000000080001d0       0x14 /opt/st/stm32cubeide_1.14.0/plugins/com.st.stm32cube.ide.mcu.externaltools.gnu-tools-for-stm32.11.3.rel1.linux64_1.1.100.202309141235/tools/bin/../lib/gcc/arm-none-eabi/11.3.1/../../../../arm-none-eabi/lib/thumb/v7e-m+fp/hard/libc_nano.a(libc_a-strcmp.o)
                0x00000000080001d0                strcmp
 .text          0x00000000080001e4       0x10 /opt/st/stm32cubeide_1.14.0/plugins/com.st.stm32cube.ide.mcu.externaltools.gnu-tools-for-stm32.11.3.rel1.linux64_1.1.100.202309141235/tools/bin/../lib/gcc/arm-none-eabi/11.3.1/../../../../arm-none-eabi/lib/thumb/v7e-m+fp/hard/libc_nano.a(libc_a-strlen.o)
                0x00000000080001e4                strlen
 *fill*         0x00000000080001f4        0xc 
 .text          0x0000000008000200       0xa0 /opt/st/stm32cubeide_1.14.0/plugins/com.st.stm32cube.ide.mcu.externaltools.gnu-tools-for-stm32.11.3.rel1.linux64_1.1.100.202309141235/tools/bin/../lib/gcc/arm-none-eabi/11.3.1/../../../../arm-none-eabi/lib/thumb/v7e-m+fp/hard/libc_nano.a(libc_a-memchr.o)
                0x0000000008000200                memchr
 .text          0x00000000080002a0      0x378 /opt/st/stm32cubeide_1.14.0/plugins/com.st.stm32cube.ide.mcu.externaltools.gnu-tools-for-stm32.11.3.rel1.linux64_1.1.100.202309141235/tools/bin/../lib/gcc/arm-none-eabi/11.3.1/thumb/v7e-m+fp/hard/libgcc.a(_arm_addsubdf3.o)
                0x00000000080002a0                __aeabi_drsub
                0x00000000080002a8                __aeabi_dsub
                0x00000000080002a8                __subdf3
                0x00000000080002ac                __adddf3
                0x00000000080002ac                __aeabi_dadd
                0x0000000008000524                __aeabi_ui2d
                0x0000000008000524                __floatunsidf
                0x0000000008000544                __floatsidf
                0x0000000008000544                __aeabi_i2d
                0x0000000008000568                __extendsfdf2
                0x0000000008000568                __aeabi_f2d
                0x00000000080005ac                __aeabi_ul2d
                0x00000000080005ac                __floatundidf
                0x00000000080005bc                __floatdidf
                0x00000000080005bc                __aeabi_l2d
 .text          0x0000000008000618      0x424 /opt/st/stm32cubeide_1.14.0/plugins/com.st.stm32cube.ide.mcu.externaltools.gnu-tools-for-stm32.11.3.rel1.linux64_1.1.100.202309141235/tools/bin/../lib/gcc/arm-none-eabi/11.3.1/thumb/v7e-m+fp/hard/libgcc.a(_arm_muldivdf3.o)
                0x0000000008000618                __aeabi_dmul
                0x0000000008000618                __muldf3
                0x000000000800086c                __aeabi_ddiv
                0x000000000800086c                __divdf3
 .text          0x0000000008000a3c       0x40 /opt/st/stm32cubeide_1.14.0/plugins/com.st.stm32cube.ide.mcu.externaltools.gnu-tools-for-stm32.11.3.rel1.linux64_1.1.100.202309141235/tools/bin/../lib/gcc/arm-none-eabi/11.3.1/thumb/v7e-m+fp/hard/libgcc.a(_arm_fixunsdfsi.o)
                0x0000000008000a3c                __fixunsdfsi
                0x0000000008000a3c                __aeabi_d2uiz
 .text          0x0000000008000a7c       0x30 /opt/st/stm32cubeide_1.14.0/plugins/com.st.stm32cube.ide.mcu.externaltools.gnu-tools-for-stm32.11.3.rel1.linux64_1.1.100.202309141235/tools/bin/../lib/gcc/arm-none-eabi/11.3.1/thumb/v7e-m+fp/hard/libgcc.a(_aeabi_uldivmod.o)
                0x0000000008000a7c                __aeabi_uldivmod
 .text          0x0000000008000aac      0x2c8 /opt/st/stm32cubeide_1.14.0/plugins/com.st.stm32cube.ide.mcu.externaltools.gnu-tools-for-stm32.11.3.rel1.linux64_1.1.100.202309141235/tools/bin/../lib/gcc/arm-none-eabi/11.3.1/thumb/v7e-m+fp/hard/libgcc.a(_udivmoddi4.o)
                0x0000000008000aac                __udivmoddi4
 .text          0x0000000008000d74        0x4 /opt/st/stm32cubeide_1.14.0/plugins/com.st.stm32cube.ide.mcu.externaltools.gnu-tools-for-stm32.11.3.rel1.linux64_1.1.100.202309141235/tools/bin/../lib/gcc/arm-none-eabi/11.3.1/thumb/v7e-m+fp/hard/libgcc.a(_dvmd_tls.o)
                0x0000000008000d74                __aeabi_ldiv0
                0x0000000008000d74                __aeabi_idiv0
 *(.text*)
 .text.msToTicks
                0x0000000008000d78       0x2a ./Core/App/app.o
                0x0000000008000d78                msToTicks
 *fill*         0x0000000008000da2        0x2 
 .text.reading_analog_ir_sensor1
                0x0000000008000da4       0x74 ./Core/App/app.o
                0x0000000008000da4                reading_analog_ir_sensor1
 .text.reading_analog_ir_sensor3
                0x0000000008000e18       0x74 ./Core/App/app.o
                0x0000000008000e18                reading_analog_ir_sensor3
 .text.reading_analog_smoke_sensor1
                0x0000000008000e8c       0x74 ./Core/App/app.o
                0x0000000008000e8c                reading_analog_smoke_sensor1
 .text.reading_analog_smoke_sensor2
                0x0000000008000f00       0x74 ./Core/App/app.o
                0x0000000008000f00                reading_analog_smoke_sensor2
 .text.reading_digital_sensor
                0x0000000008000f74       0x32 ./Core/App/app.o
                0x0000000008000f74                reading_digital_sensor
 *fill*         0x0000000008000fa6        0x2 
 .text.reading_sensor_values
                0x0000000008000fa8       0x60 ./Core/App/app.o
                0x0000000008000fa8                reading_sensor_values
 .text.wait_for_frame
                0x0000000008001008       0x4c ./Core/App/app.o
                0x0000000008001008                wait_for_frame
 .text.sending_data_uart
                0x0000000008001054       0xac ./Core/App/app.o
                0x0000000008001054                sending_data_uart
 .text.receiving_data_uart
                0x0000000008001100      0x12c ./Core/App/app.o
                0x0000000008001100                receiving_data_uart
 *fill*         0x000000000800122c        0x4 
 .text.update_CCR_timer_PWM
                0x0000000008001230       0xe0 ./Core/App/app.o
                0x0000000008001230                update_CCR_timer_PWM
 .text.main     0x0000000008001310       0xa4 ./Core/Src/main.o
                0x0000000008001310                main
 .text.SystemClock_Config
                0x00000000080013b4       0xa2 ./Core/Src/main.o
                0x00000000080013b4                SystemClock_Config
 *fill*         0x0000000008001456        0x2 
 .text.MX_ADC1_Init
                0x0000000008001458       0xec ./Core/Src/main.o
 .text.MX_TIM1_Init
                0x0000000008001544      0x120 ./Core/Src/main.o
 .text.MX_TIM3_Init
                0x0000000008001664       0xf0 ./Core/Src/main.o
 .text.MX_USART2_UART_Init
                0x0000000008001754       0x60 ./Core/Src/main.o
 .text.MX_GPIO_Init
                0x00000000080017b4      0x114 ./Core/Src/main.o
 .text.StartDefaultTask
                0x00000000080018c8       0x10 ./Core/Src/main.o
                0x00000000080018c8                StartDefaultTask
 .text.Error_Handler
                0x00000000080018d8        0xa ./Core/Src/main.o
                0x00000000080018d8                Error_Handler
 *fill*         0x00000000080018e2        0x2 
 .text.HAL_MspInit
                0x00000000080018e4       0x50 ./Core/Src/stm32l4xx_hal_msp.o
                0x00000000080018e4                HAL_MspInit
 .text.HAL_ADC_MspInit
                0x0000000008001934      0x10c ./Core/Src/stm32l4xx_hal_msp.o
                0x0000000008001934                HAL_ADC_MspInit
 .text.HAL_TIM_OC_MspInit
                0x0000000008001a40       0x40 ./Core/Src/stm32l4xx_hal_msp.o
                0x0000000008001a40                HAL_TIM_OC_MspInit
 .text.HAL_TIM_Base_MspInit
                0x0000000008001a80       0x40 ./Core/Src/stm32l4xx_hal_msp.o
                0x0000000008001a80                HAL_TIM_Base_MspInit
 .text.HAL_TIM_MspPostInit
                0x0000000008001ac0       0xb8 ./Core/Src/stm32l4xx_hal_msp.o
                0x0000000008001ac0                HAL_TIM_MspPostInit
 .text.HAL_UART_MspInit
                0x0000000008001b78       0xb8 ./Core/Src/stm32l4xx_hal_msp.o
                0x0000000008001b78                HAL_UART_MspInit
 .text.NMI_Handler
                0x0000000008001c30        0x6 ./Core/Src/stm32l4xx_it.o
                0x0000000008001c30                NMI_Handler
 .text.HardFault_Handler
                0x0000000008001c36        0x6 ./Core/Src/stm32l4xx_it.o
                0x0000000008001c36                HardFault_Handler
 .text.MemManage_Handler
                0x0000000008001c3c        0x6 ./Core/Src/stm32l4xx_it.o
                0x0000000008001c3c                MemManage_Handler
 .text.BusFault_Handler
                0x0000000008001c42        0x6 ./Core/Src/stm32l4xx_it.o
                0x0000000008001c42                BusFault_Handler
 .text.UsageFault_Handler
                0x0000000008001c48        0x6 ./Core/Src/stm32l4xx_it.o
                0x0000000008001c48                UsageFault_Handler
 .text.DebugMon_Handler
                0x0000000008001c4e        0xe ./Core/Src/stm32l4xx_it.o
                0x0000000008001c4e                DebugMon_Handler
 .text.SysTick_Handler
                0x0000000008001c5c       0x1a ./Core/Src/stm32l4xx_it.o
                0x0000000008001c5c                SysTick_Handler
 .text._getpid  0x0000000008001c76       0x10 ./Core/Src/syscalls.o
                0x0000000008001c76                _getpid
 .text._kill    0x0000000008001c86       0x20 ./Core/Src/syscalls.o
                0x0000000008001c86                _kill
 .text._exit    0x0000000008001ca6       0x14 ./Core/Src/syscalls.o
                0x0000000008001ca6                _exit
 .text._read    0x0000000008001cba       0x3a ./Core/Src/syscalls.o
                0x0000000008001cba                _read
 .text._write   0x0000000008001cf4       0x38 ./Core/Src/syscalls.o
                0x0000000008001cf4                _write
 .text._close   0x0000000008001d2c       0x18 ./Core/Src/syscalls.o
                0x0000000008001d2c                _close
 .text._fstat   0x0000000008001d44       0x20 ./Core/Src/syscalls.o
                0x0000000008001d44                _fstat
 .text._isatty  0x0000000008001d64       0x16 ./Core/Src/syscalls.o
                0x0000000008001d64                _isatty
 .text._lseek   0x0000000008001d7a       0x1a ./Core/Src/syscalls.o
                0x0000000008001d7a                _lseek
 .text._sbrk    0x0000000008001d94       0x6c ./Core/Src/sysmem.o
                0x0000000008001d94                _sbrk
 .text.SystemInit
                0x0000000008001e00       0x24 ./Core/Src/system_stm32l4xx.o
                0x0000000008001e00                SystemInit
 .text.Reset_Handler
                0x0000000008001e24       0x50 ./Core/Startup/startup_stm32l476rgtx.o
                0x0000000008001e24                Reset_Handler
 .text.Default_Handler
                0x0000000008001e74        0x2 ./Core/Startup/startup_stm32l476rgtx.o
                0x0000000008001e74                RTC_Alarm_IRQHandler
                0x0000000008001e74                EXTI2_IRQHandler
                0x0000000008001e74                TIM8_TRG_COM_IRQHandler
                0x0000000008001e74                TIM8_CC_IRQHandler
                0x0000000008001e74                TIM1_CC_IRQHandler
                0x0000000008001e74                TSC_IRQHandler
                0x0000000008001e74                TAMP_STAMP_IRQHandler
                0x0000000008001e74                EXTI3_IRQHandler
                0x0000000008001e74                LPTIM2_IRQHandler
                0x0000000008001e74                DFSDM1_FLT1_IRQHandler
                0x0000000008001e74                I2C3_ER_IRQHandler
                0x0000000008001e74                DFSDM1_FLT2_IRQHandler
                0x0000000008001e74                EXTI0_IRQHandler
                0x0000000008001e74                I2C2_EV_IRQHandler
                0x0000000008001e74                CAN1_RX0_IRQHandler
                0x0000000008001e74                FPU_IRQHandler
                0x0000000008001e74                TIM1_UP_TIM16_IRQHandler
                0x0000000008001e74                ADC1_2_IRQHandler
                0x0000000008001e74                SPI1_IRQHandler
                0x0000000008001e74                TIM6_DAC_IRQHandler
                0x0000000008001e74                TIM8_UP_IRQHandler
                0x0000000008001e74                DMA2_Channel2_IRQHandler
                0x0000000008001e74                DMA1_Channel4_IRQHandler
                0x0000000008001e74                SAI2_IRQHandler
                0x0000000008001e74                DFSDM1_FLT3_IRQHandler
                0x0000000008001e74                USART3_IRQHandler
                0x0000000008001e74                DMA1_Channel7_IRQHandler
                0x0000000008001e74                CAN1_RX1_IRQHandler
                0x0000000008001e74                LCD_IRQHandler
                0x0000000008001e74                UART5_IRQHandler
                0x0000000008001e74                ADC3_IRQHandler
                0x0000000008001e74                TIM4_IRQHandler
                0x0000000008001e74                DMA2_Channel1_IRQHandler
                0x0000000008001e74                QUADSPI_IRQHandler
                0x0000000008001e74                I2C1_EV_IRQHandler
                0x0000000008001e74                DMA1_Channel6_IRQHandler
                0x0000000008001e74                UART4_IRQHandler
                0x0000000008001e74                DMA2_Channel4_IRQHandler
                0x0000000008001e74                TIM3_IRQHandler
                0x0000000008001e74                RCC_IRQHandler
                0x0000000008001e74                DMA1_Channel1_IRQHandler
                0x0000000008001e74                Default_Handler
                0x0000000008001e74                DMA2_Channel7_IRQHandler
                0x0000000008001e74                EXTI15_10_IRQHandler
                0x0000000008001e74                TIM7_IRQHandler
                0x0000000008001e74                SDMMC1_IRQHandler
                0x0000000008001e74                TIM5_IRQHandler
                0x0000000008001e74                I2C3_EV_IRQHandler
                0x0000000008001e74                EXTI9_5_IRQHandler
                0x0000000008001e74                RTC_WKUP_IRQHandler
                0x0000000008001e74                PVD_PVM_IRQHandler
                0x0000000008001e74                SPI2_IRQHandler
                0x0000000008001e74                CAN1_TX_IRQHandler
                0x0000000008001e74                DMA2_Channel5_IRQHandler
                0x0000000008001e74                DMA1_Channel5_IRQHandler
                0x0000000008001e74                EXTI4_IRQHandler
                0x0000000008001e74                RNG_IRQHandler
                0x0000000008001e74                TIM1_TRG_COM_TIM17_IRQHandler
                0x0000000008001e74                DMA1_Channel3_IRQHandler
                0x0000000008001e74                COMP_IRQHandler
                0x0000000008001e74                WWDG_IRQHandler
                0x0000000008001e74                LPUART1_IRQHandler
                0x0000000008001e74                DMA2_Channel6_IRQHandler
                0x0000000008001e74                TIM2_IRQHandler
                0x0000000008001e74                EXTI1_IRQHandler
                0x0000000008001e74                USART2_IRQHandler
                0x0000000008001e74                DFSDM1_FLT0_IRQHandler
                0x0000000008001e74                I2C2_ER_IRQHandler
                0x0000000008001e74                DMA1_Channel2_IRQHandler
                0x0000000008001e74                TIM8_BRK_IRQHandler
                0x0000000008001e74                CAN1_SCE_IRQHandler
                0x0000000008001e74                FLASH_IRQHandler
                0x0000000008001e74                USART1_IRQHandler
                0x0000000008001e74                OTG_FS_IRQHandler
                0x0000000008001e74                SPI3_IRQHandler
                0x0000000008001e74                I2C1_ER_IRQHandler
                0x0000000008001e74                FMC_IRQHandler
                0x0000000008001e74                SWPMI1_IRQHandler
                0x0000000008001e74                LPTIM1_IRQHandler
                0x0000000008001e74                SAI1_IRQHandler
                0x0000000008001e74                DMA2_Channel3_IRQHandler
                0x0000000008001e74                TIM1_BRK_TIM15_IRQHandler
 *fill*         0x0000000008001e76        0x2 
 .text.HAL_Init
                0x0000000008001e78       0x40 ./Drivers/STM32L4xx_HAL_Driver/Src/stm32l4xx_hal.o
                0x0000000008001e78                HAL_Init
 .text.HAL_InitTick
                0x0000000008001eb8       0x78 ./Drivers/STM32L4xx_HAL_Driver/Src/stm32l4xx_hal.o
                0x0000000008001eb8                HAL_InitTick
 .text.HAL_IncTick
                0x0000000008001f30       0x28 ./Drivers/STM32L4xx_HAL_Driver/Src/stm32l4xx_hal.o
                0x0000000008001f30                HAL_IncTick
 .text.HAL_GetTick
                0x0000000008001f58       0x18 ./Drivers/STM32L4xx_HAL_Driver/Src/stm32l4xx_hal.o
                0x0000000008001f58                HAL_GetTick
 .text.LL_ADC_SetCommonClock
                0x0000000008001f70       0x26 ./Drivers/STM32L4xx_HAL_Driver/Src/stm32l4xx_hal_adc.o
 .text.LL_ADC_SetCommonPathInternalCh
                0x0000000008001f96       0x26 ./Drivers/STM32L4xx_HAL_Driver/Src/stm32l4xx_hal_adc.o
 .text.LL_ADC_GetCommonPathInternalCh
                0x0000000008001fbc       0x1c ./Drivers/STM32L4xx_HAL_Driver/Src/stm32l4xx_hal_adc.o
 .text.LL_ADC_SetOffset
                0x0000000008001fd8       0x48 ./Drivers/STM32L4xx_HAL_Driver/Src/stm32l4xx_hal_adc.o
 .text.LL_ADC_GetOffsetChannel
                0x0000000008002020       0x2c ./Drivers/STM32L4xx_HAL_Driver/Src/stm32l4xx_hal_adc.o
 .text.LL_ADC_SetOffsetState
                0x000000000800204c       0x36 ./Drivers/STM32L4xx_HAL_Driver/Src/stm32l4xx_hal_adc.o
 .text.LL_ADC_REG_IsTriggerSourceSWStart
                0x0000000008002082       0x26 ./Drivers/STM32L4xx_HAL_Driver/Src/stm32l4xx_hal_adc.o
 .text.LL_ADC_REG_SetSequencerRanks
                0x00000000080020a8       0x58 ./Drivers/STM32L4xx_HAL_Driver/Src/stm32l4xx_hal_adc.o
 .text.LL_ADC_SetChannelSamplingTime
                0x0000000008002100       0x56 ./Drivers/STM32L4xx_HAL_Driver/Src/stm32l4xx_hal_adc.o
 *fill*         0x0000000008002156        0x2 
 .text.LL_ADC_SetChannelSingleDiff
                0x0000000008002158       0x48 ./Drivers/STM32L4xx_HAL_Driver/Src/stm32l4xx_hal_adc.o
 .text.LL_ADC_GetMultimode
                0x00000000080021a0       0x1c ./Drivers/STM32L4xx_HAL_Driver/Src/stm32l4xx_hal_adc.o
 .text.LL_ADC_GetMultiDMATransfer
                0x00000000080021bc       0x1c ./Drivers/STM32L4xx_HAL_Driver/Src/stm32l4xx_hal_adc.o
 .text.LL_ADC_DisableDeepPowerDown
                0x00000000080021d8       0x24 ./Drivers/STM32L4xx_HAL_Driver/Src/stm32l4xx_hal_adc.o
 .text.LL_ADC_IsDeepPowerDownEnabled
                0x00000000080021fc       0x28 ./Drivers/STM32L4xx_HAL_Driver/Src/stm32l4xx_hal_adc.o
 .text.LL_ADC_EnableInternalRegulator
                0x0000000008002224       0x28 ./Drivers/STM32L4xx_HAL_Driver/Src/stm32l4xx_hal_adc.o
 .text.LL_ADC_IsInternalRegulatorEnabled
                0x000000000800224c       0x28 ./Drivers/STM32L4xx_HAL_Driver/Src/stm32l4xx_hal_adc.o
 .text.LL_ADC_Enable
                0x0000000008002274       0x28 ./Drivers/STM32L4xx_HAL_Driver/Src/stm32l4xx_hal_adc.o
 .text.LL_ADC_Disable
                0x000000000800229c       0x28 ./Drivers/STM32L4xx_HAL_Driver/Src/stm32l4xx_hal_adc.o
 .text.LL_ADC_IsEnabled
                0x00000000080022c4       0x26 ./Drivers/STM32L4xx_HAL_Driver/Src/stm32l4xx_hal_adc.o
 .text.LL_ADC_IsDisableOngoing
                0x00000000080022ea       0x26 ./Drivers/STM32L4xx_HAL_Driver/Src/stm32l4xx_hal_adc.o
 .text.LL_ADC_REG_StartConversion
                0x0000000008002310       0x28 ./Drivers/STM32L4xx_HAL_Driver/Src/stm32l4xx_hal_adc.o
 .text.LL_ADC_REG_StopConversion
                0x0000000008002338       0x28 ./Drivers/STM32L4xx_HAL_Driver/Src/stm32l4xx_hal_adc.o
 .text.LL_ADC_REG_IsConversionOngoing
                0x0000000008002360       0x26 ./Drivers/STM32L4xx_HAL_Driver/Src/stm32l4xx_hal_adc.o
 .text.LL_ADC_INJ_StopConversion
                0x0000000008002386       0x28 ./Drivers/STM32L4xx_HAL_Driver/Src/stm32l4xx_hal_adc.o
 .text.LL_ADC_INJ_IsConversionOngoing
                0x00000000080023ae       0x26 ./Drivers/STM32L4xx_HAL_Driver/Src/stm32l4xx_hal_adc.o
 .text.HAL_ADC_Init
                0x00000000080023d4      0x2a0 ./Drivers/STM32L4xx_HAL_Driver/Src/stm32l4xx_hal_adc.o
                0x00000000080023d4                HAL_ADC_Init
 .text.HAL_ADC_Start
                0x0000000008002674      0x174 ./Drivers/STM32L4xx_HAL_Driver/Src/stm32l4xx_hal_adc.o
                0x0000000008002674                HAL_ADC_Start
 .text.HAL_ADC_Stop
                0x00000000080027e8       0x66 ./Drivers/STM32L4xx_HAL_Driver/Src/stm32l4xx_hal_adc.o
                0x00000000080027e8                HAL_ADC_Stop
 *fill*         0x000000000800284e        0x2 
 .text.HAL_ADC_PollForConversion
                0x0000000008002850      0x1b0 ./Drivers/STM32L4xx_HAL_Driver/Src/stm32l4xx_hal_adc.o
                0x0000000008002850                HAL_ADC_PollForConversion
 .text.HAL_ADC_GetValue
                0x0000000008002a00       0x1a ./Drivers/STM32L4xx_HAL_Driver/Src/stm32l4xx_hal_adc.o
                0x0000000008002a00                HAL_ADC_GetValue
 *fill*         0x0000000008002a1a        0x2 
 .text.HAL_ADC_ConfigChannel
                0x0000000008002a1c      0x7e4 ./Drivers/STM32L4xx_HAL_Driver/Src/stm32l4xx_hal_adc.o
                0x0000000008002a1c                HAL_ADC_ConfigChannel
 .text.ADC_ConversionStop
                0x0000000008003200      0x178 ./Drivers/STM32L4xx_HAL_Driver/Src/stm32l4xx_hal_adc.o
                0x0000000008003200                ADC_ConversionStop
 .text.ADC_Enable
                0x0000000008003378      0x10c ./Drivers/STM32L4xx_HAL_Driver/Src/stm32l4xx_hal_adc.o
                0x0000000008003378                ADC_Enable
 .text.ADC_Disable
                0x0000000008003484       0xbe ./Drivers/STM32L4xx_HAL_Driver/Src/stm32l4xx_hal_adc.o
                0x0000000008003484                ADC_Disable
 .text.LL_ADC_IsEnabled
                0x0000000008003542       0x26 ./Drivers/STM32L4xx_HAL_Driver/Src/stm32l4xx_hal_adc_ex.o
 .text.LL_ADC_REG_IsConversionOngoing
                0x0000000008003568       0x26 ./Drivers/STM32L4xx_HAL_Driver/Src/stm32l4xx_hal_adc_ex.o
 *fill*         0x000000000800358e        0x2 
 .text.HAL_ADCEx_MultiModeConfigChannel
                0x0000000008003590      0x160 ./Drivers/STM32L4xx_HAL_Driver/Src/stm32l4xx_hal_adc_ex.o
                0x0000000008003590                HAL_ADCEx_MultiModeConfigChannel
 .text.__NVIC_SetPriorityGrouping
                0x00000000080036f0       0x48 ./Drivers/STM32L4xx_HAL_Driver/Src/stm32l4xx_hal_cortex.o
 .text.__NVIC_GetPriorityGrouping
                0x0000000008003738       0x1c ./Drivers/STM32L4xx_HAL_Driver/Src/stm32l4xx_hal_cortex.o
 .text.__NVIC_SetPriority
                0x0000000008003754       0x54 ./Drivers/STM32L4xx_HAL_Driver/Src/stm32l4xx_hal_cortex.o
 .text.NVIC_EncodePriority
                0x00000000080037a8       0x66 ./Drivers/STM32L4xx_HAL_Driver/Src/stm32l4xx_hal_cortex.o
 *fill*         0x000000000800380e        0x2 
 .text.SysTick_Config
                0x0000000008003810       0x44 ./Drivers/STM32L4xx_HAL_Driver/Src/stm32l4xx_hal_cortex.o
 .text.HAL_NVIC_SetPriorityGrouping
                0x0000000008003854       0x16 ./Drivers/STM32L4xx_HAL_Driver/Src/stm32l4xx_hal_cortex.o
                0x0000000008003854                HAL_NVIC_SetPriorityGrouping
 .text.HAL_NVIC_SetPriority
                0x000000000800386a       0x38 ./Drivers/STM32L4xx_HAL_Driver/Src/stm32l4xx_hal_cortex.o
                0x000000000800386a                HAL_NVIC_SetPriority
 .text.HAL_SYSTICK_Config
                0x00000000080038a2       0x18 ./Drivers/STM32L4xx_HAL_Driver/Src/stm32l4xx_hal_cortex.o
                0x00000000080038a2                HAL_SYSTICK_Config
 *fill*         0x00000000080038ba        0x2 
 .text.HAL_GPIO_Init
                0x00000000080038bc      0x354 ./Drivers/STM32L4xx_HAL_Driver/Src/stm32l4xx_hal_gpio.o
                0x00000000080038bc                HAL_GPIO_Init
 .text.HAL_GPIO_ReadPin
                0x0000000008003c10       0x30 ./Drivers/STM32L4xx_HAL_Driver/Src/stm32l4xx_hal_gpio.o
                0x0000000008003c10                HAL_GPIO_ReadPin
 .text.HAL_GPIO_WritePin
                0x0000000008003c40       0x30 ./Drivers/STM32L4xx_HAL_Driver/Src/stm32l4xx_hal_gpio.o
                0x0000000008003c40                HAL_GPIO_WritePin
 .text.HAL_PWREx_GetVoltageRange
                0x0000000008003c70       0x1c ./Drivers/STM32L4xx_HAL_Driver/Src/stm32l4xx_hal_pwr_ex.o
                0x0000000008003c70                HAL_PWREx_GetVoltageRange
 .text.HAL_PWREx_ControlVoltageScaling
                0x0000000008003c8c       0xac ./Drivers/STM32L4xx_HAL_Driver/Src/stm32l4xx_hal_pwr_ex.o
                0x0000000008003c8c                HAL_PWREx_ControlVoltageScaling
 .text.HAL_RCC_OscConfig
                0x0000000008003d38      0x7b8 ./Drivers/STM32L4xx_HAL_Driver/Src/stm32l4xx_hal_rcc.o
                0x0000000008003d38                HAL_RCC_OscConfig
 .text.HAL_RCC_ClockConfig
                0x00000000080044f0      0x200 ./Drivers/STM32L4xx_HAL_Driver/Src/stm32l4xx_hal_rcc.o
                0x00000000080044f0                HAL_RCC_ClockConfig
 .text.HAL_RCC_GetSysClockFreq
                0x00000000080046f0      0x118 ./Drivers/STM32L4xx_HAL_Driver/Src/stm32l4xx_hal_rcc.o
                0x00000000080046f0                HAL_RCC_GetSysClockFreq
 .text.HAL_RCC_GetHCLKFreq
                0x0000000008004808       0x18 ./Drivers/STM32L4xx_HAL_Driver/Src/stm32l4xx_hal_rcc.o
                0x0000000008004808                HAL_RCC_GetHCLKFreq
 .text.HAL_RCC_GetPCLK1Freq
                0x0000000008004820       0x2c ./Drivers/STM32L4xx_HAL_Driver/Src/stm32l4xx_hal_rcc.o
                0x0000000008004820                HAL_RCC_GetPCLK1Freq
 .text.HAL_RCC_GetPCLK2Freq
                0x000000000800484c       0x2c ./Drivers/STM32L4xx_HAL_Driver/Src/stm32l4xx_hal_rcc.o
                0x000000000800484c                HAL_RCC_GetPCLK2Freq
 .text.RCC_SetFlashLatencyFromMSIRange
                0x0000000008004878       0xc0 ./Drivers/STM32L4xx_HAL_Driver/Src/stm32l4xx_hal_rcc.o
 .text.HAL_RCCEx_PeriphCLKConfig
                0x0000000008004938      0x5d4 ./Drivers/STM32L4xx_HAL_Driver/Src/stm32l4xx_hal_rcc_ex.o
                0x0000000008004938                HAL_RCCEx_PeriphCLKConfig
 .text.RCCEx_PLLSAI1_Config
                0x0000000008004f0c      0x1e8 ./Drivers/STM32L4xx_HAL_Driver/Src/stm32l4xx_hal_rcc_ex.o
 .text.RCCEx_PLLSAI2_Config
                0x00000000080050f4      0x1bc ./Drivers/STM32L4xx_HAL_Driver/Src/stm32l4xx_hal_rcc_ex.o
 .text.HAL_TIM_Base_Init
                0x00000000080052b0       0xae ./Drivers/STM32L4xx_HAL_Driver/Src/stm32l4xx_hal_tim.o
                0x00000000080052b0                HAL_TIM_Base_Init
 .text.HAL_TIM_OC_Init
                0x000000000800535e       0xae ./Drivers/STM32L4xx_HAL_Driver/Src/stm32l4xx_hal_tim.o
                0x000000000800535e                HAL_TIM_OC_Init
 .text.HAL_TIM_PWM_Init
                0x000000000800540c       0xae ./Drivers/STM32L4xx_HAL_Driver/Src/stm32l4xx_hal_tim.o
                0x000000000800540c                HAL_TIM_PWM_Init
 .text.HAL_TIM_PWM_MspInit
                0x00000000080054ba       0x14 ./Drivers/STM32L4xx_HAL_Driver/Src/stm32l4xx_hal_tim.o
                0x00000000080054ba                HAL_TIM_PWM_MspInit
 *fill*         0x00000000080054ce        0x2 
 .text.HAL_TIM_PWM_Start
                0x00000000080054d0      0x20c ./Drivers/STM32L4xx_HAL_Driver/Src/stm32l4xx_hal_tim.o
                0x00000000080054d0                HAL_TIM_PWM_Start
 .text.HAL_TIM_OC_ConfigChannel
                0x00000000080056dc       0xf4 ./Drivers/STM32L4xx_HAL_Driver/Src/stm32l4xx_hal_tim.o
                0x00000000080056dc                HAL_TIM_OC_ConfigChannel
 .text.HAL_TIM_PWM_ConfigChannel
                0x00000000080057d0      0x228 ./Drivers/STM32L4xx_HAL_Driver/Src/stm32l4xx_hal_tim.o
                0x00000000080057d0                HAL_TIM_PWM_ConfigChannel
 .text.HAL_TIM_ConfigClockSource
                0x00000000080059f8      0x192 ./Drivers/STM32L4xx_HAL_Driver/Src/stm32l4xx_hal_tim.o
                0x00000000080059f8                HAL_TIM_ConfigClockSource
 *fill*         0x0000000008005b8a        0x2 
 .text.TIM_Base_SetConfig
                0x0000000008005b8c      0x134 ./Drivers/STM32L4xx_HAL_Driver/Src/stm32l4xx_hal_tim.o
                0x0000000008005b8c                TIM_Base_SetConfig
 .text.TIM_OC1_SetConfig
                0x0000000008005cc0      0x120 ./Drivers/STM32L4xx_HAL_Driver/Src/stm32l4xx_hal_tim.o
 .text.TIM_OC2_SetConfig
                0x0000000008005de0      0x114 ./Drivers/STM32L4xx_HAL_Driver/Src/stm32l4xx_hal_tim.o
                0x0000000008005de0                TIM_OC2_SetConfig
 .text.TIM_OC3_SetConfig
                0x0000000008005ef4      0x110 ./Drivers/STM32L4xx_HAL_Driver/Src/stm32l4xx_hal_tim.o
 .text.TIM_OC4_SetConfig
                0x0000000008006004       0xd4 ./Drivers/STM32L4xx_HAL_Driver/Src/stm32l4xx_hal_tim.o
 .text.TIM_OC5_SetConfig
                0x00000000080060d8       0xc8 ./Drivers/STM32L4xx_HAL_Driver/Src/stm32l4xx_hal_tim.o
 .text.TIM_OC6_SetConfig
                0x00000000080061a0       0xcc ./Drivers/STM32L4xx_HAL_Driver/Src/stm32l4xx_hal_tim.o
 .text.TIM_TI1_ConfigInputStage
                0x000000000800626c       0x5e ./Drivers/STM32L4xx_HAL_Driver/Src/stm32l4xx_hal_tim.o
 .text.TIM_TI2_ConfigInputStage
                0x00000000080062ca       0x60 ./Drivers/STM32L4xx_HAL_Driver/Src/stm32l4xx_hal_tim.o
 .text.TIM_ITRx_SetConfig
                0x000000000800632a       0x36 ./Drivers/STM32L4xx_HAL_Driver/Src/stm32l4xx_hal_tim.o
 .text.TIM_ETR_SetConfig
                0x0000000008006360       0x40 ./Drivers/STM32L4xx_HAL_Driver/Src/stm32l4xx_hal_tim.o
                0x0000000008006360                TIM_ETR_SetConfig
 .text.TIM_CCxChannelCmd
                0x00000000080063a0       0x4a ./Drivers/STM32L4xx_HAL_Driver/Src/stm32l4xx_hal_tim.o
                0x00000000080063a0                TIM_CCxChannelCmd
 *fill*         0x00000000080063ea        0x2 
 .text.HAL_TIMEx_MasterConfigSynchronization
                0x00000000080063ec      0x110 ./Drivers/STM32L4xx_HAL_Driver/Src/stm32l4xx_hal_tim_ex.o
                0x00000000080063ec                HAL_TIMEx_MasterConfigSynchronization
 .text.HAL_TIMEx_ConfigBreakDeadTime
                0x00000000080064fc       0xfc ./Drivers/STM32L4xx_HAL_Driver/Src/stm32l4xx_hal_tim_ex.o
                0x00000000080064fc                HAL_TIMEx_ConfigBreakDeadTime
 .text.HAL_UART_Init
                0x00000000080065f8       0x9c ./Drivers/STM32L4xx_HAL_Driver/Src/stm32l4xx_hal_uart.o
                0x00000000080065f8                HAL_UART_Init
 .text.HAL_UART_Transmit
                0x0000000008006694      0x114 ./Drivers/STM32L4xx_HAL_Driver/Src/stm32l4xx_hal_uart.o
                0x0000000008006694                HAL_UART_Transmit
 .text.HAL_UART_Receive
                0x00000000080067a8      0x192 ./Drivers/STM32L4xx_HAL_Driver/Src/stm32l4xx_hal_uart.o
                0x00000000080067a8                HAL_UART_Receive
 *fill*         0x000000000800693a        0x2 
 .text.UART_SetConfig
                0x000000000800693c      0x570 ./Drivers/STM32L4xx_HAL_Driver/Src/stm32l4xx_hal_uart.o
                0x000000000800693c                UART_SetConfig
 .text.UART_AdvFeatureConfig
                0x0000000008006eac      0x144 ./Drivers/STM32L4xx_HAL_Driver/Src/stm32l4xx_hal_uart.o
                0x0000000008006eac                UART_AdvFeatureConfig
 .text.UART_CheckIdleState
                0x0000000008006ff0      0x150 ./Drivers/STM32L4xx_HAL_Driver/Src/stm32l4xx_hal_uart.o
                0x0000000008006ff0                UART_CheckIdleState
 .text.UART_WaitOnFlagUntilTimeout
                0x0000000008007140       0xce ./Drivers/STM32L4xx_HAL_Driver/Src/stm32l4xx_hal_uart.o
                0x0000000008007140                UART_WaitOnFlagUntilTimeout
 .text.UART_EndRxTransfer
                0x000000000800720e       0xc8 ./Drivers/STM32L4xx_HAL_Driver/Src/stm32l4xx_hal_uart.o
 *fill*         0x00000000080072d6        0x2 
 .text.__NVIC_SetPriority
                0x00000000080072d8       0x54 ./Middlewares/Third_Party/FreeRTOS/Source/CMSIS_RTOS_V2/cmsis_os2.o
 .text.SVC_Setup
                0x000000000800732c       0x12 ./Middlewares/Third_Party/FreeRTOS/Source/CMSIS_RTOS_V2/cmsis_os2.o
 *fill*         0x000000000800733e        0x2 
 .text.osKernelInitialize
                0x0000000008007340       0x48 ./Middlewares/Third_Party/FreeRTOS/Source/CMSIS_RTOS_V2/cmsis_os2.o
                0x0000000008007340                osKernelInitialize
 .text.osKernelStart
                0x0000000008007388       0x4c ./Middlewares/Third_Party/FreeRTOS/Source/CMSIS_RTOS_V2/cmsis_os2.o
                0x0000000008007388                osKernelStart
 .text.osKernelGetTickCount
                0x00000000080073d4       0x2a ./Middlewares/Third_Party/FreeRTOS/Source/CMSIS_RTOS_V2/cmsis_os2.o
                0x00000000080073d4                osKernelGetTickCount
 .text.osThreadNew
                0x00000000080073fe      0x124 ./Middlewares/Third_Party/FreeRTOS/Source/CMSIS_RTOS_V2/cmsis_os2.o
                0x00000000080073fe                osThreadNew
 .text.osDelay  0x0000000008007522       0x36 ./Middlewares/Third_Party/FreeRTOS/Source/CMSIS_RTOS_V2/cmsis_os2.o
                0x0000000008007522                osDelay
 .text.osMutexNew
                0x0000000008007558      0x10c ./Middlewares/Third_Party/FreeRTOS/Source/CMSIS_RTOS_V2/cmsis_os2.o
                0x0000000008007558                osMutexNew
 .text.osMutexAcquire
                0x0000000008007664       0x96 ./Middlewares/Third_Party/FreeRTOS/Source/CMSIS_RTOS_V2/cmsis_os2.o
                0x0000000008007664                osMutexAcquire
 .text.osMutexRelease
                0x00000000080076fa       0x7a ./Middlewares/Third_Party/FreeRTOS/Source/CMSIS_RTOS_V2/cmsis_os2.o
                0x00000000080076fa                osMutexRelease
 .text.vApplicationGetIdleTaskMemory
                0x0000000008007774       0x34 ./Middlewares/Third_Party/FreeRTOS/Source/CMSIS_RTOS_V2/cmsis_os2.o
                0x0000000008007774                vApplicationGetIdleTaskMemory
 .text.vApplicationGetTimerTaskMemory
                0x00000000080077a8       0x34 ./Middlewares/Third_Party/FreeRTOS/Source/CMSIS_RTOS_V2/cmsis_os2.o
                0x00000000080077a8                vApplicationGetTimerTaskMemory
 .text.vListInitialise
                0x00000000080077dc       0x40 ./Middlewares/Third_Party/FreeRTOS/Source/list.o
                0x00000000080077dc                vListInitialise
 .text.vListInitialiseItem
                0x000000000800781c       0x1a ./Middlewares/Third_Party/FreeRTOS/Source/list.o
                0x000000000800781c                vListInitialiseItem
 .text.vListInsertEnd
                0x0000000008007836       0x48 ./Middlewares/Third_Party/FreeRTOS/Source/list.o
                0x0000000008007836                vListInsertEnd
 .text.vListInsert
                0x000000000800787e       0x72 ./Middlewares/Third_Party/FreeRTOS/Source/list.o
                0x000000000800787e                vListInsert
 .text.uxListRemove
                0x00000000080078f0       0x54 ./Middlewares/Third_Party/FreeRTOS/Source/list.o
                0x00000000080078f0                uxListRemove
 .text.xQueueGenericReset
                0x0000000008007944       0xd0 ./Middlewares/Third_Party/FreeRTOS/Source/queue.o
                0x0000000008007944                xQueueGenericReset
 .text.xQueueGenericCreateStatic
                0x0000000008007a14       0xf0 ./Middlewares/Third_Party/FreeRTOS/Source/queue.o
                0x0000000008007a14                xQueueGenericCreateStatic
 .text.xQueueGenericCreate
                0x0000000008007b04       0x74 ./Middlewares/Third_Party/FreeRTOS/Source/queue.o
                0x0000000008007b04                xQueueGenericCreate
 .text.prvInitialiseNewQueue
                0x0000000008007b78       0x46 ./Middlewares/Third_Party/FreeRTOS/Source/queue.o
 .text.prvInitialiseMutex
                0x0000000008007bbe       0x34 ./Middlewares/Third_Party/FreeRTOS/Source/queue.o
 .text.xQueueCreateMutex
                0x0000000008007bf2       0x30 ./Middlewares/Third_Party/FreeRTOS/Source/queue.o
                0x0000000008007bf2                xQueueCreateMutex
 .text.xQueueCreateMutexStatic
                0x0000000008007c22       0x36 ./Middlewares/Third_Party/FreeRTOS/Source/queue.o
                0x0000000008007c22                xQueueCreateMutexStatic
 .text.xQueueGiveMutexRecursive
                0x0000000008007c58       0x68 ./Middlewares/Third_Party/FreeRTOS/Source/queue.o
                0x0000000008007c58                xQueueGiveMutexRecursive
 .text.xQueueTakeMutexRecursive
                0x0000000008007cc0       0x6c ./Middlewares/Third_Party/FreeRTOS/Source/queue.o
                0x0000000008007cc0                xQueueTakeMutexRecursive
 .text.xQueueGenericSend
                0x0000000008007d2c      0x1fc ./Middlewares/Third_Party/FreeRTOS/Source/queue.o
                0x0000000008007d2c                xQueueGenericSend
 .text.xQueueGenericSendFromISR
                0x0000000008007f28      0x136 ./Middlewares/Third_Party/FreeRTOS/Source/queue.o
                0x0000000008007f28                xQueueGenericSendFromISR
 *fill*         0x000000000800805e        0x2 
 .text.xQueueReceive
                0x0000000008008060      0x1c0 ./Middlewares/Third_Party/FreeRTOS/Source/queue.o
                0x0000000008008060                xQueueReceive
 .text.xQueueSemaphoreTake
                0x0000000008008220      0x218 ./Middlewares/Third_Party/FreeRTOS/Source/queue.o
                0x0000000008008220                xQueueSemaphoreTake
 .text.prvGetDisinheritPriorityAfterTimeout
                0x0000000008008438       0x30 ./Middlewares/Third_Party/FreeRTOS/Source/queue.o
 .text.prvCopyDataToQueue
                0x0000000008008468       0xd4 ./Middlewares/Third_Party/FreeRTOS/Source/queue.o
 .text.prvCopyDataFromQueue
                0x000000000800853c       0x4c ./Middlewares/Third_Party/FreeRTOS/Source/queue.o
 .text.prvUnlockQueue
                0x0000000008008588       0xa4 ./Middlewares/Third_Party/FreeRTOS/Source/queue.o
 .text.prvIsQueueEmpty
                0x000000000800862c       0x2c ./Middlewares/Third_Party/FreeRTOS/Source/queue.o
 .text.prvIsQueueFull
                0x0000000008008658       0x30 ./Middlewares/Third_Party/FreeRTOS/Source/queue.o
 .text.vQueueAddToRegistry
                0x0000000008008688       0x54 ./Middlewares/Third_Party/FreeRTOS/Source/queue.o
                0x0000000008008688                vQueueAddToRegistry
 .text.vQueueWaitForMessageRestricted
                0x00000000080086dc       0x68 ./Middlewares/Third_Party/FreeRTOS/Source/queue.o
                0x00000000080086dc                vQueueWaitForMessageRestricted
 .text.xTaskCreateStatic
                0x0000000008008744       0xba ./Middlewares/Third_Party/FreeRTOS/Source/tasks.o
                0x0000000008008744                xTaskCreateStatic
 .text.xTaskCreate
                0x00000000080087fe       0x8a ./Middlewares/Third_Party/FreeRTOS/Source/tasks.o
                0x00000000080087fe                xTaskCreate
 .text.prvInitialiseNewTask
                0x0000000008008888      0x11e ./Middlewares/Third_Party/FreeRTOS/Source/tasks.o
 *fill*         0x00000000080089a6        0x2 
 .text.prvAddNewTaskToReadyList
                0x00000000080089a8       0xe0 ./Middlewares/Third_Party/FreeRTOS/Source/tasks.o
 .text.vTaskDelay
                0x0000000008008a88       0x68 ./Middlewares/Third_Party/FreeRTOS/Source/tasks.o
                0x0000000008008a88                vTaskDelay
 .text.vTaskStartScheduler
                0x0000000008008af0       0xcc ./Middlewares/Third_Party/FreeRTOS/Source/tasks.o
                0x0000000008008af0                vTaskStartScheduler
 .text.vTaskSuspendAll
                0x0000000008008bbc       0x1c ./Middlewares/Third_Party/FreeRTOS/Source/tasks.o
                0x0000000008008bbc                vTaskSuspendAll
 .text.xTaskResumeAll
                0x0000000008008bd8      0x13c ./Middlewares/Third_Party/FreeRTOS/Source/tasks.o
                0x0000000008008bd8                xTaskResumeAll
 .text.xTaskGetTickCount
                0x0000000008008d14       0x20 ./Middlewares/Third_Party/FreeRTOS/Source/tasks.o
                0x0000000008008d14                xTaskGetTickCount
 .text.xTaskGetTickCountFromISR
                0x0000000008008d34       0x24 ./Middlewares/Third_Party/FreeRTOS/Source/tasks.o
                0x0000000008008d34                xTaskGetTickCountFromISR
 .text.xTaskIncrementTick
                0x0000000008008d58      0x174 ./Middlewares/Third_Party/FreeRTOS/Source/tasks.o
                0x0000000008008d58                xTaskIncrementTick
 .text.vTaskSwitchContext
                0x0000000008008ecc       0xbc ./Middlewares/Third_Party/FreeRTOS/Source/tasks.o
                0x0000000008008ecc                vTaskSwitchContext
 .text.vTaskPlaceOnEventList
                0x0000000008008f88       0x48 ./Middlewares/Third_Party/FreeRTOS/Source/tasks.o
                0x0000000008008f88                vTaskPlaceOnEventList
 .text.vTaskPlaceOnEventListRestricted
                0x0000000008008fd0       0x58 ./Middlewares/Third_Party/FreeRTOS/Source/tasks.o
                0x0000000008008fd0                vTaskPlaceOnEventListRestricted
 .text.xTaskRemoveFromEventList
                0x0000000008009028       0xc8 ./Middlewares/Third_Party/FreeRTOS/Source/tasks.o
                0x0000000008009028                xTaskRemoveFromEventList
 .text.vTaskInternalSetTimeOutState
                0x00000000080090f0       0x2c ./Middlewares/Third_Party/FreeRTOS/Source/tasks.o
                0x00000000080090f0                vTaskInternalSetTimeOutState
 .text.xTaskCheckForTimeOut
                0x000000000800911c       0xc4 ./Middlewares/Third_Party/FreeRTOS/Source/tasks.o
                0x000000000800911c                xTaskCheckForTimeOut
 .text.vTaskMissedYield
                0x00000000080091e0       0x18 ./Middlewares/Third_Party/FreeRTOS/Source/tasks.o
                0x00000000080091e0                vTaskMissedYield
 .text.prvIdleTask
                0x00000000080091f8       0x30 ./Middlewares/Third_Party/FreeRTOS/Source/tasks.o
 .text.prvInitialiseTaskLists
                0x0000000008009228       0x80 ./Middlewares/Third_Party/FreeRTOS/Source/tasks.o
 .text.prvCheckTasksWaitingTermination
                0x00000000080092a8       0x5c ./Middlewares/Third_Party/FreeRTOS/Source/tasks.o
 .text.prvDeleteTCB
                0x0000000008009304       0x5e ./Middlewares/Third_Party/FreeRTOS/Source/tasks.o
 *fill*         0x0000000008009362        0x2 
 .text.prvResetNextTaskUnblockTime
                0x0000000008009364       0x40 ./Middlewares/Third_Party/FreeRTOS/Source/tasks.o
 .text.xTaskGetCurrentTaskHandle
                0x00000000080093a4       0x20 ./Middlewares/Third_Party/FreeRTOS/Source/tasks.o
                0x00000000080093a4                xTaskGetCurrentTaskHandle
 .text.xTaskGetSchedulerState
                0x00000000080093c4       0x3c ./Middlewares/Third_Party/FreeRTOS/Source/tasks.o
                0x00000000080093c4                xTaskGetSchedulerState
 .text.xTaskPriorityInherit
                0x0000000008009400       0xd0 ./Middlewares/Third_Party/FreeRTOS/Source/tasks.o
                0x0000000008009400                xTaskPriorityInherit
 .text.xTaskPriorityDisinherit
                0x00000000080094d0       0xdc ./Middlewares/Third_Party/FreeRTOS/Source/tasks.o
                0x00000000080094d0                xTaskPriorityDisinherit
 .text.vTaskPriorityDisinheritAfterTimeout
                0x00000000080095ac      0x104 ./Middlewares/Third_Party/FreeRTOS/Source/tasks.o
                0x00000000080095ac                vTaskPriorityDisinheritAfterTimeout
 .text.pvTaskIncrementMutexHeldCount
                0x00000000080096b0       0x28 ./Middlewares/Third_Party/FreeRTOS/Source/tasks.o
                0x00000000080096b0                pvTaskIncrementMutexHeldCount
 .text.prvAddCurrentTaskToDelayedList
                0x00000000080096d8       0xa8 ./Middlewares/Third_Party/FreeRTOS/Source/tasks.o
 .text.xTimerCreateTimerTask
                0x0000000008009780       0x90 ./Middlewares/Third_Party/FreeRTOS/Source/timers.o
                0x0000000008009780                xTimerCreateTimerTask
 .text.xTimerGenericCommand
                0x0000000008009810       0x9c ./Middlewares/Third_Party/FreeRTOS/Source/timers.o
                0x0000000008009810                xTimerGenericCommand
 .text.prvProcessExpiredTimer
                0x00000000080098ac       0x98 ./Middlewares/Third_Party/FreeRTOS/Source/timers.o
 .text.prvTimerTask
                0x0000000008009944       0x24 ./Middlewares/Third_Party/FreeRTOS/Source/timers.o
 .text.prvProcessTimerOrBlockTask
                0x0000000008009968       0x9c ./Middlewares/Third_Party/FreeRTOS/Source/timers.o
 .text.prvGetNextExpireTime
                0x0000000008009a04       0x48 ./Middlewares/Third_Party/FreeRTOS/Source/timers.o
 .text.prvSampleTimeNow
                0x0000000008009a4c       0x40 ./Middlewares/Third_Party/FreeRTOS/Source/timers.o
 .text.prvInsertTimerInActiveList
                0x0000000008009a8c       0x84 ./Middlewares/Third_Party/FreeRTOS/Source/timers.o
 .text.prvProcessReceivedCommands
                0x0000000008009b10      0x1c4 ./Middlewares/Third_Party/FreeRTOS/Source/timers.o
 .text.prvSwitchTimerLists
                0x0000000008009cd4       0xc8 ./Middlewares/Third_Party/FreeRTOS/Source/timers.o
 .text.prvCheckForValidListAndQueue
                0x0000000008009d9c       0x80 ./Middlewares/Third_Party/FreeRTOS/Source/timers.o
 .text.pxPortInitialiseStack
                0x0000000008009e1c       0x68 ./Middlewares/Third_Party/FreeRTOS/Source/portable/GCC/ARM_CM4F/port.o
                0x0000000008009e1c                pxPortInitialiseStack
 .text.prvTaskExitError
                0x0000000008009e84       0x58 ./Middlewares/Third_Party/FreeRTOS/Source/portable/GCC/ARM_CM4F/port.o
 *fill*         0x0000000008009edc        0x4 
 .text.SVC_Handler
                0x0000000008009ee0       0x28 ./Middlewares/Third_Party/FreeRTOS/Source/portable/GCC/ARM_CM4F/port.o
                0x0000000008009ee0                SVC_Handler
 .text.prvPortStartFirstTask
                0x0000000008009f08       0x28 ./Middlewares/Third_Party/FreeRTOS/Source/portable/GCC/ARM_CM4F/port.o
 .text.xPortStartScheduler
                0x0000000008009f30      0x144 ./Middlewares/Third_Party/FreeRTOS/Source/portable/GCC/ARM_CM4F/port.o
                0x0000000008009f30                xPortStartScheduler
 .text.vPortEnterCritical
                0x000000000800a074       0x60 ./Middlewares/Third_Party/FreeRTOS/Source/portable/GCC/ARM_CM4F/port.o
                0x000000000800a074                vPortEnterCritical
 .text.vPortExitCritical
                0x000000000800a0d4       0x54 ./Middlewares/Third_Party/FreeRTOS/Source/portable/GCC/ARM_CM4F/port.o
                0x000000000800a0d4                vPortExitCritical
 *fill*         0x000000000800a128        0x8 
 .text.PendSV_Handler
                0x000000000800a130       0x68 ./Middlewares/Third_Party/FreeRTOS/Source/portable/GCC/ARM_CM4F/port.o
                0x000000000800a130                PendSV_Handler
 .text.xPortSysTickHandler
                0x000000000800a198       0x44 ./Middlewares/Third_Party/FreeRTOS/Source/portable/GCC/ARM_CM4F/port.o
                0x000000000800a198                xPortSysTickHandler
 .text.vPortSetupTimerInterrupt
                0x000000000800a1dc       0x48 ./Middlewares/Third_Party/FreeRTOS/Source/portable/GCC/ARM_CM4F/port.o
                0x000000000800a1dc                vPortSetupTimerInterrupt
 .text.vPortEnableVFP
                0x000000000800a224       0x14 ./Middlewares/Third_Party/FreeRTOS/Source/portable/GCC/ARM_CM4F/port.o
 .text.vPortValidateInterruptPriority
                0x000000000800a238       0x80 ./Middlewares/Third_Party/FreeRTOS/Source/portable/GCC/ARM_CM4F/port.o
                0x000000000800a238                vPortValidateInterruptPriority
 .text.pvPortMalloc
                0x000000000800a2b8      0x198 ./Middlewares/Third_Party/FreeRTOS/Source/portable/MemMang/heap_4.o
                0x000000000800a2b8                pvPortMalloc
 .text.vPortFree
                0x000000000800a450       0xc4 ./Middlewares/Third_Party/FreeRTOS/Source/portable/MemMang/heap_4.o
                0x000000000800a450                vPortFree
 .text.prvHeapInit
                0x000000000800a514       0xc4 ./Middlewares/Third_Party/FreeRTOS/Source/portable/MemMang/heap_4.o
 .text.prvInsertBlockIntoFreeList
                0x000000000800a5d8       0xb4 ./Middlewares/Third_Party/FreeRTOS/Source/portable/MemMang/heap_4.o
 .text.atoi     0x000000000800a68c        0x8 /opt/st/stm32cubeide_1.14.0/plugins/com.st.stm32cube.ide.mcu.externaltools.gnu-tools-for-stm32.11.3.rel1.linux64_1.1.100.202309141235/tools/bin/../lib/gcc/arm-none-eabi/11.3.1/../../../../arm-none-eabi/lib/thumb/v7e-m+fp/hard/libc_nano.a(libc_a-atoi.o)
                0x000000000800a68c                atoi
 .text._strtol_l.constprop.0
                0x000000000800a694      0x104 /opt/st/stm32cubeide_1.14.0/plugins/com.st.stm32cube.ide.mcu.externaltools.gnu-tools-for-stm32.11.3.rel1.linux64_1.1.100.202309141235/tools/bin/../lib/gcc/arm-none-eabi/11.3.1/../../../../arm-none-eabi/lib/thumb/v7e-m+fp/hard/libc_nano.a(libc_a-strtol.o)
 .text.strtol   0x000000000800a798       0x14 /opt/st/stm32cubeide_1.14.0/plugins/com.st.stm32cube.ide.mcu.externaltools.gnu-tools-for-stm32.11.3.rel1.linux64_1.1.100.202309141235/tools/bin/../lib/gcc/arm-none-eabi/11.3.1/../../../../arm-none-eabi/lib/thumb/v7e-m+fp/hard/libc_nano.a(libc_a-strtol.o)
                0x000000000800a798                strtol
 .text.std      0x000000000800a7ac       0x6c /opt/st/stm32cubeide_1.14.0/plugins/com.st.stm32cube.ide.mcu.externaltools.gnu-tools-for-stm32.11.3.rel1.linux64_1.1.100.202309141235/tools/bin/../lib/gcc/arm-none-eabi/11.3.1/../../../../arm-none-eabi/lib/thumb/v7e-m+fp/hard/libc_nano.a(libc_a-findfp.o)
 .text.stdio_exit_handler
                0x000000000800a818       0x18 /opt/st/stm32cubeide_1.14.0/plugins/com.st.stm32cube.ide.mcu.externaltools.gnu-tools-for-stm32.11.3.rel1.linux64_1.1.100.202309141235/tools/bin/../lib/gcc/arm-none-eabi/11.3.1/../../../../arm-none-eabi/lib/thumb/v7e-m+fp/hard/libc_nano.a(libc_a-findfp.o)
 .text.cleanup_stdio
                0x000000000800a830       0x40 /opt/st/stm32cubeide_1.14.0/plugins/com.st.stm32cube.ide.mcu.externaltools.gnu-tools-for-stm32.11.3.rel1.linux64_1.1.100.202309141235/tools/bin/../lib/gcc/arm-none-eabi/11.3.1/../../../../arm-none-eabi/lib/thumb/v7e-m+fp/hard/libc_nano.a(libc_a-findfp.o)
 .text.global_stdio_init.part.0
                0x000000000800a870       0x3c /opt/st/stm32cubeide_1.14.0/plugins/com.st.stm32cube.ide.mcu.externaltools.gnu-tools-for-stm32.11.3.rel1.linux64_1.1.100.202309141235/tools/bin/../lib/gcc/arm-none-eabi/11.3.1/../../../../arm-none-eabi/lib/thumb/v7e-m+fp/hard/libc_nano.a(libc_a-findfp.o)
 .text.__sfp_lock_acquire
                0x000000000800a8ac        0xc /opt/st/stm32cubeide_1.14.0/plugins/com.st.stm32cube.ide.mcu.externaltools.gnu-tools-for-stm32.11.3.rel1.linux64_1.1.100.202309141235/tools/bin/../lib/gcc/arm-none-eabi/11.3.1/../../../../arm-none-eabi/lib/thumb/v7e-m+fp/hard/libc_nano.a(libc_a-findfp.o)
                0x000000000800a8ac                __sfp_lock_acquire
 .text.__sfp_lock_release
                0x000000000800a8b8        0xc /opt/st/stm32cubeide_1.14.0/plugins/com.st.stm32cube.ide.mcu.externaltools.gnu-tools-for-stm32.11.3.rel1.linux64_1.1.100.202309141235/tools/bin/../lib/gcc/arm-none-eabi/11.3.1/../../../../arm-none-eabi/lib/thumb/v7e-m+fp/hard/libc_nano.a(libc_a-findfp.o)
                0x000000000800a8b8                __sfp_lock_release
 .text.__sinit  0x000000000800a8c4       0x30 /opt/st/stm32cubeide_1.14.0/plugins/com.st.stm32cube.ide.mcu.externaltools.gnu-tools-for-stm32.11.3.rel1.linux64_1.1.100.202309141235/tools/bin/../lib/gcc/arm-none-eabi/11.3.1/../../../../arm-none-eabi/lib/thumb/v7e-m+fp/hard/libc_nano.a(libc_a-findfp.o)
                0x000000000800a8c4                __sinit
 .text._fwalk_sglue
                0x000000000800a8f4       0x3c /opt/st/stm32cubeide_1.14.0/plugins/com.st.stm32cube.ide.mcu.externaltools.gnu-tools-for-stm32.11.3.rel1.linux64_1.1.100.202309141235/tools/bin/../lib/gcc/arm-none-eabi/11.3.1/../../../../arm-none-eabi/lib/thumb/v7e-m+fp/hard/libc_nano.a(libc_a-fwalk.o)
                0x000000000800a8f4                _fwalk_sglue
 .text.sprintf  0x000000000800a930       0x40 /opt/st/stm32cubeide_1.14.0/plugins/com.st.stm32cube.ide.mcu.externaltools.gnu-tools-for-stm32.11.3.rel1.linux64_1.1.100.202309141235/tools/bin/../lib/gcc/arm-none-eabi/11.3.1/../../../../arm-none-eabi/lib/thumb/v7e-m+fp/hard/libc_nano.a(libc_a-sprintf.o)
                0x000000000800a930                sprintf
                0x000000000800a930                siprintf
 .text.__sread  0x000000000800a970       0x22 /opt/st/stm32cubeide_1.14.0/plugins/com.st.stm32cube.ide.mcu.externaltools.gnu-tools-for-stm32.11.3.rel1.linux64_1.1.100.202309141235/tools/bin/../lib/gcc/arm-none-eabi/11.3.1/../../../../arm-none-eabi/lib/thumb/v7e-m+fp/hard/libc_nano.a(libc_a-stdio.o)
                0x000000000800a970                __sread
 .text.__swrite
                0x000000000800a992       0x38 /opt/st/stm32cubeide_1.14.0/plugins/com.st.stm32cube.ide.mcu.externaltools.gnu-tools-for-stm32.11.3.rel1.linux64_1.1.100.202309141235/tools/bin/../lib/gcc/arm-none-eabi/11.3.1/../../../../arm-none-eabi/lib/thumb/v7e-m+fp/hard/libc_nano.a(libc_a-stdio.o)
                0x000000000800a992                __swrite
 .text.__sseek  0x000000000800a9ca       0x24 /opt/st/stm32cubeide_1.14.0/plugins/com.st.stm32cube.ide.mcu.externaltools.gnu-tools-for-stm32.11.3.rel1.linux64_1.1.100.202309141235/tools/bin/../lib/gcc/arm-none-eabi/11.3.1/../../../../arm-none-eabi/lib/thumb/v7e-m+fp/hard/libc_nano.a(libc_a-stdio.o)
                0x000000000800a9ca                __sseek
 .text.__sclose
                0x000000000800a9ee        0x8 /opt/st/stm32cubeide_1.14.0/plugins/com.st.stm32cube.ide.mcu.externaltools.gnu-tools-for-stm32.11.3.rel1.linux64_1.1.100.202309141235/tools/bin/../lib/gcc/arm-none-eabi/11.3.1/../../../../arm-none-eabi/lib/thumb/v7e-m+fp/hard/libc_nano.a(libc_a-stdio.o)
                0x000000000800a9ee                __sclose
 .text.memset   0x000000000800a9f6       0x10 /opt/st/stm32cubeide_1.14.0/plugins/com.st.stm32cube.ide.mcu.externaltools.gnu-tools-for-stm32.11.3.rel1.linux64_1.1.100.202309141235/tools/bin/../lib/gcc/arm-none-eabi/11.3.1/../../../../arm-none-eabi/lib/thumb/v7e-m+fp/hard/libc_nano.a(libc_a-memset.o)
                0x000000000800a9f6                memset
 *fill*         0x000000000800aa06        0x2 
 .text.strtok   0x000000000800aa08       0x68 /opt/st/stm32cubeide_1.14.0/plugins/com.st.stm32cube.ide.mcu.externaltools.gnu-tools-for-stm32.11.3.rel1.linux64_1.1.100.202309141235/tools/bin/../lib/gcc/arm-none-eabi/11.3.1/../../../../arm-none-eabi/lib/thumb/v7e-m+fp/hard/libc_nano.a(libc_a-strtok.o)
                0x000000000800aa08                strtok
 .text.__strtok_r
                0x000000000800aa70       0x50 /opt/st/stm32cubeide_1.14.0/plugins/com.st.stm32cube.ide.mcu.externaltools.gnu-tools-for-stm32.11.3.rel1.linux64_1.1.100.202309141235/tools/bin/../lib/gcc/arm-none-eabi/11.3.1/../../../../arm-none-eabi/lib/thumb/v7e-m+fp/hard/libc_nano.a(libc_a-strtok_r.o)
                0x000000000800aa70                __strtok_r
 .text._close_r
                0x000000000800aac0       0x20 /opt/st/stm32cubeide_1.14.0/plugins/com.st.stm32cube.ide.mcu.externaltools.gnu-tools-for-stm32.11.3.rel1.linux64_1.1.100.202309141235/tools/bin/../lib/gcc/arm-none-eabi/11.3.1/../../../../arm-none-eabi/lib/thumb/v7e-m+fp/hard/libc_nano.a(libc_a-closer.o)
                0x000000000800aac0                _close_r
 .text._lseek_r
                0x000000000800aae0       0x24 /opt/st/stm32cubeide_1.14.0/plugins/com.st.stm32cube.ide.mcu.externaltools.gnu-tools-for-stm32.11.3.rel1.linux64_1.1.100.202309141235/tools/bin/../lib/gcc/arm-none-eabi/11.3.1/../../../../arm-none-eabi/lib/thumb/v7e-m+fp/hard/libc_nano.a(libc_a-lseekr.o)
                0x000000000800aae0                _lseek_r
 .text._read_r  0x000000000800ab04       0x24 /opt/st/stm32cubeide_1.14.0/plugins/com.st.stm32cube.ide.mcu.externaltools.gnu-tools-for-stm32.11.3.rel1.linux64_1.1.100.202309141235/tools/bin/../lib/gcc/arm-none-eabi/11.3.1/../../../../arm-none-eabi/lib/thumb/v7e-m+fp/hard/libc_nano.a(libc_a-readr.o)
                0x000000000800ab04                _read_r
 .text._write_r
                0x000000000800ab28       0x24 /opt/st/stm32cubeide_1.14.0/plugins/com.st.stm32cube.ide.mcu.externaltools.gnu-tools-for-stm32.11.3.rel1.linux64_1.1.100.202309141235/tools/bin/../lib/gcc/arm-none-eabi/11.3.1/../../../../arm-none-eabi/lib/thumb/v7e-m+fp/hard/libc_nano.a(libc_a-writer.o)
                0x000000000800ab28                _write_r
 .text.__errno  0x000000000800ab4c        0xc /opt/st/stm32cubeide_1.14.0/plugins/com.st.stm32cube.ide.mcu.externaltools.gnu-tools-for-stm32.11.3.rel1.linux64_1.1.100.202309141235/tools/bin/../lib/gcc/arm-none-eabi/11.3.1/../../../../arm-none-eabi/lib/thumb/v7e-m+fp/hard/libc_nano.a(libc_a-errno.o)
                0x000000000800ab4c                __errno
 .text.__libc_init_array
                0x000000000800ab58       0x48 /opt/st/stm32cubeide_1.14.0/plugins/com.st.stm32cube.ide.mcu.externaltools.gnu-tools-for-stm32.11.3.rel1.linux64_1.1.100.202309141235/tools/bin/../lib/gcc/arm-none-eabi/11.3.1/../../../../arm-none-eabi/lib/thumb/v7e-m+fp/hard/libc_nano.a(libc_a-init.o)
                0x000000000800ab58                __libc_init_array
 .text.__retarget_lock_init_recursive
                0x000000000800aba0        0x2 /opt/st/stm32cubeide_1.14.0/plugins/com.st.stm32cube.ide.mcu.externaltools.gnu-tools-for-stm32.11.3.rel1.linux64_1.1.100.202309141235/tools/bin/../lib/gcc/arm-none-eabi/11.3.1/../../../../arm-none-eabi/lib/thumb/v7e-m+fp/hard/libc_nano.a(libc_a-lock.o)
                0x000000000800aba0                __retarget_lock_init_recursive
 .text.__retarget_lock_acquire_recursive
                0x000000000800aba2        0x2 /opt/st/stm32cubeide_1.14.0/plugins/com.st.stm32cube.ide.mcu.externaltools.gnu-tools-for-stm32.11.3.rel1.linux64_1.1.100.202309141235/tools/bin/../lib/gcc/arm-none-eabi/11.3.1/../../../../arm-none-eabi/lib/thumb/v7e-m+fp/hard/libc_nano.a(libc_a-lock.o)
                0x000000000800aba2                __retarget_lock_acquire_recursive
 .text.__retarget_lock_release_recursive
                0x000000000800aba4        0x2 /opt/st/stm32cubeide_1.14.0/plugins/com.st.stm32cube.ide.mcu.externaltools.gnu-tools-for-stm32.11.3.rel1.linux64_1.1.100.202309141235/tools/bin/../lib/gcc/arm-none-eabi/11.3.1/../../../../arm-none-eabi/lib/thumb/v7e-m+fp/hard/libc_nano.a(libc_a-lock.o)
                0x000000000800aba4                __retarget_lock_release_recursive
 .text.memcpy   0x000000000800aba6       0x1c /opt/st/stm32cubeide_1.14.0/plugins/com.st.stm32cube.ide.mcu.externaltools.gnu-tools-for-stm32.11.3.rel1.linux64_1.1.100.202309141235/tools/bin/../lib/gcc/arm-none-eabi/11.3.1/../../../../arm-none-eabi/lib/thumb/v7e-m+fp/hard/libc_nano.a(libc_a-memcpy-stub.o)
                0x000000000800aba6                memcpy
 *fill*         0x000000000800abc2        0x2 
 .text.__assert_func
                0x000000000800abc4       0x3c /opt/st/stm32cubeide_1.14.0/plugins/com.st.stm32cube.ide.mcu.externaltools.gnu-tools-for-stm32.11.3.rel1.linux64_1.1.100.202309141235/tools/bin/../lib/gcc/arm-none-eabi/11.3.1/../../../../arm-none-eabi/lib/thumb/v7e-m+fp/hard/libc_nano.a(libc_a-assert.o)
                0x000000000800abc4                __assert_func
 .text._free_r  0x000000000800ac00       0x98 /opt/st/stm32cubeide_1.14.0/plugins/com.st.stm32cube.ide.mcu.externaltools.gnu-tools-for-stm32.11.3.rel1.linux64_1.1.100.202309141235/tools/bin/../lib/gcc/arm-none-eabi/11.3.1/../../../../arm-none-eabi/lib/thumb/v7e-m+fp/hard/libc_nano.a(libc_a-freer.o)
                0x000000000800ac00                _free_r
 .text.malloc   0x000000000800ac98       0x10 /opt/st/stm32cubeide_1.14.0/plugins/com.st.stm32cube.ide.mcu.externaltools.gnu-tools-for-stm32.11.3.rel1.linux64_1.1.100.202309141235/tools/bin/../lib/gcc/arm-none-eabi/11.3.1/../../../../arm-none-eabi/lib/thumb/v7e-m+fp/hard/libc_nano.a(libc_a-malloc.o)
                0x000000000800ac98                malloc
 .text.sbrk_aligned
                0x000000000800aca8       0x40 /opt/st/stm32cubeide_1.14.0/plugins/com.st.stm32cube.ide.mcu.externaltools.gnu-tools-for-stm32.11.3.rel1.linux64_1.1.100.202309141235/tools/bin/../lib/gcc/arm-none-eabi/11.3.1/../../../../arm-none-eabi/lib/thumb/v7e-m+fp/hard/libc_nano.a(libc_a-mallocr.o)
 .text._malloc_r
                0x000000000800ace8      0x100 /opt/st/stm32cubeide_1.14.0/plugins/com.st.stm32cube.ide.mcu.externaltools.gnu-tools-for-stm32.11.3.rel1.linux64_1.1.100.202309141235/tools/bin/../lib/gcc/arm-none-eabi/11.3.1/../../../../arm-none-eabi/lib/thumb/v7e-m+fp/hard/libc_nano.a(libc_a-mallocr.o)
                0x000000000800ace8                _malloc_r
 .text.__malloc_lock
                0x000000000800ade8        0xc /opt/st/stm32cubeide_1.14.0/plugins/com.st.stm32cube.ide.mcu.externaltools.gnu-tools-for-stm32.11.3.rel1.linux64_1.1.100.202309141235/tools/bin/../lib/gcc/arm-none-eabi/11.3.1/../../../../arm-none-eabi/lib/thumb/v7e-m+fp/hard/libc_nano.a(libc_a-mlock.o)
                0x000000000800ade8                __malloc_lock
 .text.__malloc_unlock
                0x000000000800adf4        0xc /opt/st/stm32cubeide_1.14.0/plugins/com.st.stm32cube.ide.mcu.externaltools.gnu-tools-for-stm32.11.3.rel1.linux64_1.1.100.202309141235/tools/bin/../lib/gcc/arm-none-eabi/11.3.1/../../../../arm-none-eabi/lib/thumb/v7e-m+fp/hard/libc_nano.a(libc_a-mlock.o)
                0x000000000800adf4                __malloc_unlock
 .text.__ssputs_r
                0x000000000800ae00       0xb4 /opt/st/stm32cubeide_1.14.0/plugins/com.st.stm32cube.ide.mcu.externaltools.gnu-tools-for-stm32.11.3.rel1.linux64_1.1.100.202309141235/tools/bin/../lib/gcc/arm-none-eabi/11.3.1/../../../../arm-none-eabi/lib/thumb/v7e-m+fp/hard/libc_nano.a(libc_a-nano-svfprintf.o)
                0x000000000800ae00                __ssputs_r
 .text._svfprintf_r
                0x000000000800aeb4      0x1fc /opt/st/stm32cubeide_1.14.0/plugins/com.st.stm32cube.ide.mcu.externaltools.gnu-tools-for-stm32.11.3.rel1.linux64_1.1.100.202309141235/tools/bin/../lib/gcc/arm-none-eabi/11.3.1/../../../../arm-none-eabi/lib/thumb/v7e-m+fp/hard/libc_nano.a(libc_a-nano-svfprintf.o)
                0x000000000800aeb4                _svfprintf_r
                0x000000000800aeb4                _svfiprintf_r
 .text._printf_common
                0x000000000800b0b0       0xda /opt/st/stm32cubeide_1.14.0/plugins/com.st.stm32cube.ide.mcu.externaltools.gnu-tools-for-stm32.11.3.rel1.linux64_1.1.100.202309141235/tools/bin/../lib/gcc/arm-none-eabi/11.3.1/../../../../arm-none-eabi/lib/thumb/v7e-m+fp/hard/libc_nano.a(libc_a-nano-vfprintf_i.o)
                0x000000000800b0b0                _printf_common
 *fill*         0x000000000800b18a        0x2 
 .text._printf_i
                0x000000000800b18c      0x244 /opt/st/stm32cubeide_1.14.0/plugins/com.st.stm32cube.ide.mcu.externaltools.gnu-tools-for-stm32.11.3.rel1.linux64_1.1.100.202309141235/tools/bin/../lib/gcc/arm-none-eabi/11.3.1/../../../../arm-none-eabi/lib/thumb/v7e-m+fp/hard/libc_nano.a(libc_a-nano-vfprintf_i.o)
                0x000000000800b18c                _printf_i
 .text.__sflush_r
                0x000000000800b3d0      0x10c /opt/st/stm32cubeide_1.14.0/plugins/com.st.stm32cube.ide.mcu.externaltools.gnu-tools-for-stm32.11.3.rel1.linux64_1.1.100.202309141235/tools/bin/../lib/gcc/arm-none-eabi/11.3.1/../../../../arm-none-eabi/lib/thumb/v7e-m+fp/hard/libc_nano.a(libc_a-fflush.o)
                0x000000000800b3d0                __sflush_r
 .text._fflush_r
                0x000000000800b4dc       0x50 /opt/st/stm32cubeide_1.14.0/plugins/com.st.stm32cube.ide.mcu.externaltools.gnu-tools-for-stm32.11.3.rel1.linux64_1.1.100.202309141235/tools/bin/../lib/gcc/arm-none-eabi/11.3.1/../../../../arm-none-eabi/lib/thumb/v7e-m+fp/hard/libc_nano.a(libc_a-fflush.o)
                0x000000000800b4dc                _fflush_r
 .text.fprintf  0x000000000800b52c       0x24 /opt/st/stm32cubeide_1.14.0/plugins/com.st.stm32cube.ide.mcu.externaltools.gnu-tools-for-stm32.11.3.rel1.linux64_1.1.100.202309141235/tools/bin/../lib/gcc/arm-none-eabi/11.3.1/../../../../arm-none-eabi/lib/thumb/v7e-m+fp/hard/libc_nano.a(libc_a-fprintf.o)
                0x000000000800b52c                fprintf
                0x000000000800b52c                fiprintf
 .text.memmove  0x000000000800b550       0x34 /opt/st/stm32cubeide_1.14.0/plugins/com.st.stm32cube.ide.mcu.externaltools.gnu-tools-for-stm32.11.3.rel1.linux64_1.1.100.202309141235/tools/bin/../lib/gcc/arm-none-eabi/11.3.1/../../../../arm-none-eabi/lib/thumb/v7e-m+fp/hard/libc_nano.a(libc_a-memmove.o)
                0x000000000800b550                memmove
 .text._sbrk_r  0x000000000800b584       0x20 /opt/st/stm32cubeide_1.14.0/plugins/com.st.stm32cube.ide.mcu.externaltools.gnu-tools-for-stm32.11.3.rel1.linux64_1.1.100.202309141235/tools/bin/../lib/gcc/arm-none-eabi/11.3.1/../../../../arm-none-eabi/lib/thumb/v7e-m+fp/hard/libc_nano.a(libc_a-sbrkr.o)
                0x000000000800b584                _sbrk_r
 .text.abort    0x000000000800b5a4        0xe /opt/st/stm32cubeide_1.14.0/plugins/com.st.stm32cube.ide.mcu.externaltools.gnu-tools-for-stm32.11.3.rel1.linux64_1.1.100.202309141235/tools/bin/../lib/gcc/arm-none-eabi/11.3.1/../../../../arm-none-eabi/lib/thumb/v7e-m+fp/hard/libc_nano.a(libc_a-abort.o)
                0x000000000800b5a4                abort
 .text._realloc_r
                0x000000000800b5b2       0x5e /opt/st/stm32cubeide_1.14.0/plugins/com.st.stm32cube.ide.mcu.externaltools.gnu-tools-for-stm32.11.3.rel1.linux64_1.1.100.202309141235/tools/bin/../lib/gcc/arm-none-eabi/11.3.1/../../../../arm-none-eabi/lib/thumb/v7e-m+fp/hard/libc_nano.a(libc_a-reallocr.o)
                0x000000000800b5b2                _realloc_r
 .text.__sfputc_r
                0x000000000800b610       0x2e /opt/st/stm32cubeide_1.14.0/plugins/com.st.stm32cube.ide.mcu.externaltools.gnu-tools-for-stm32.11.3.rel1.linux64_1.1.100.202309141235/tools/bin/../lib/gcc/arm-none-eabi/11.3.1/../../../../arm-none-eabi/lib/thumb/v7e-m+fp/hard/libc_nano.a(libc_a-nano-vfprintf.o)
 .text.__sfputs_r
                0x000000000800b63e       0x24 /opt/st/stm32cubeide_1.14.0/plugins/com.st.stm32cube.ide.mcu.externaltools.gnu-tools-for-stm32.11.3.rel1.linux64_1.1.100.202309141235/tools/bin/../lib/gcc/arm-none-eabi/11.3.1/../../../../arm-none-eabi/lib/thumb/v7e-m+fp/hard/libc_nano.a(libc_a-nano-vfprintf.o)
                0x000000000800b63e                __sfputs_r
 *fill*         0x000000000800b662        0x2 
 .text._vfprintf_r
                0x000000000800b664      0x234 /opt/st/stm32cubeide_1.14.0/plugins/com.st.stm32cube.ide.mcu.externaltools.gnu-tools-for-stm32.11.3.rel1.linux64_1.1.100.202309141235/tools/bin/../lib/gcc/arm-none-eabi/11.3.1/../../../../arm-none-eabi/lib/thumb/v7e-m+fp/hard/libc_nano.a(libc_a-nano-vfprintf.o)
                0x000000000800b664                _vfiprintf_r
                0x000000000800b664                _vfprintf_r
 .text.__swbuf_r
                0x000000000800b898       0x7a /opt/st/stm32cubeide_1.14.0/plugins/com.st.stm32cube.ide.mcu.externaltools.gnu-tools-for-stm32.11.3.rel1.linux64_1.1.100.202309141235/tools/bin/../lib/gcc/arm-none-eabi/11.3.1/../../../../arm-none-eabi/lib/thumb/v7e-m+fp/hard/libc_nano.a(libc_a-wbuf.o)
                0x000000000800b898                __swbuf_r
 *fill*         0x000000000800b912        0x2 
 .text.__swsetup_r
                0x000000000800b914       0xb0 /opt/st/stm32cubeide_1.14.0/plugins/com.st.stm32cube.ide.mcu.externaltools.gnu-tools-for-stm32.11.3.rel1.linux64_1.1.100.202309141235/tools/bin/../lib/gcc/arm-none-eabi/11.3.1/../../../../arm-none-eabi/lib/thumb/v7e-m+fp/hard/libc_nano.a(libc_a-wsetup.o)
                0x000000000800b914                __swsetup_r
 .text._raise_r
                0x000000000800b9c4       0x50 /opt/st/stm32cubeide_1.14.0/plugins/com.st.stm32cube.ide.mcu.externaltools.gnu-tools-for-stm32.11.3.rel1.linux64_1.1.100.202309141235/tools/bin/../lib/gcc/arm-none-eabi/11.3.1/../../../../arm-none-eabi/lib/thumb/v7e-m+fp/hard/libc_nano.a(libc_a-signal.o)
                0x000000000800b9c4                _raise_r
 .text.raise    0x000000000800ba14       0x10 /opt/st/stm32cubeide_1.14.0/plugins/com.st.stm32cube.ide.mcu.externaltools.gnu-tools-for-stm32.11.3.rel1.linux64_1.1.100.202309141235/tools/bin/../lib/gcc/arm-none-eabi/11.3.1/../../../../arm-none-eabi/lib/thumb/v7e-m+fp/hard/libc_nano.a(libc_a-signal.o)
                0x000000000800ba14                raise
 .text._kill_r  0x000000000800ba24       0x24 /opt/st/stm32cubeide_1.14.0/plugins/com.st.stm32cube.ide.mcu.externaltools.gnu-tools-for-stm32.11.3.rel1.linux64_1.1.100.202309141235/tools/bin/../lib/gcc/arm-none-eabi/11.3.1/../../../../arm-none-eabi/lib/thumb/v7e-m+fp/hard/libc_nano.a(libc_a-signalr.o)
                0x000000000800ba24                _kill_r
 .text._getpid_r
                0x000000000800ba48        0x4 /opt/st/stm32cubeide_1.14.0/plugins/com.st.stm32cube.ide.mcu.externaltools.gnu-tools-for-stm32.11.3.rel1.linux64_1.1.100.202309141235/tools/bin/../lib/gcc/arm-none-eabi/11.3.1/../../../../arm-none-eabi/lib/thumb/v7e-m+fp/hard/libc_nano.a(libc_a-signalr.o)
                0x000000000800ba48                _getpid_r
 .text._malloc_usable_size_r
                0x000000000800ba4c       0x10 /opt/st/stm32cubeide_1.14.0/plugins/com.st.stm32cube.ide.mcu.externaltools.gnu-tools-for-stm32.11.3.rel1.linux64_1.1.100.202309141235/tools/bin/../lib/gcc/arm-none-eabi/11.3.1/../../../../arm-none-eabi/lib/thumb/v7e-m+fp/hard/libc_nano.a(libc_a-msizer.o)
                0x000000000800ba4c                _malloc_usable_size_r
 .text.__swhatbuf_r
                0x000000000800ba5c       0x4c /opt/st/stm32cubeide_1.14.0/plugins/com.st.stm32cube.ide.mcu.externaltools.gnu-tools-for-stm32.11.3.rel1.linux64_1.1.100.202309141235/tools/bin/../lib/gcc/arm-none-eabi/11.3.1/../../../../arm-none-eabi/lib/thumb/v7e-m+fp/hard/libc_nano.a(libc_a-makebuf.o)
                0x000000000800ba5c                __swhatbuf_r
 .text.__smakebuf_r
                0x000000000800baa8       0x78 /opt/st/stm32cubeide_1.14.0/plugins/com.st.stm32cube.ide.mcu.externaltools.gnu-tools-for-stm32.11.3.rel1.linux64_1.1.100.202309141235/tools/bin/../lib/gcc/arm-none-eabi/11.3.1/../../../../arm-none-eabi/lib/thumb/v7e-m+fp/hard/libc_nano.a(libc_a-makebuf.o)
                0x000000000800baa8                __smakebuf_r
 .text._fstat_r
                0x000000000800bb20       0x24 /opt/st/stm32cubeide_1.14.0/plugins/com.st.stm32cube.ide.mcu.externaltools.gnu-tools-for-stm32.11.3.rel1.linux64_1.1.100.202309141235/tools/bin/../lib/gcc/arm-none-eabi/11.3.1/../../../../arm-none-eabi/lib/thumb/v7e-m+fp/hard/libc_nano.a(libc_a-fstatr.o)
                0x000000000800bb20                _fstat_r
 .text._isatty_r
                0x000000000800bb44       0x20 /opt/st/stm32cubeide_1.14.0/plugins/com.st.stm32cube.ide.mcu.externaltools.gnu-tools-for-stm32.11.3.rel1.linux64_1.1.100.202309141235/tools/bin/../lib/gcc/arm-none-eabi/11.3.1/../../../../arm-none-eabi/lib/thumb/v7e-m+fp/hard/libc_nano.a(libc_a-isattyr.o)
                0x000000000800bb44                _isatty_r
 *(.glue_7)
 .glue_7        0x000000000800bb64        0x0 linker stubs
 *(.glue_7t)
 .glue_7t       0x000000000800bb64        0x0 linker stubs
 *(.eh_frame)
 .eh_frame      0x000000000800bb64        0x0 /opt/st/stm32cubeide_1.14.0/plugins/com.st.stm32cube.ide.mcu.externaltools.gnu-tools-for-stm32.11.3.rel1.linux64_1.1.100.202309141235/tools/bin/../lib/gcc/arm-none-eabi/11.3.1/thumb/v7e-m+fp/hard/crtbegin.o
 *(.init)
 .init          0x000000000800bb64        0x4 /opt/st/stm32cubeide_1.14.0/plugins/com.st.stm32cube.ide.mcu.externaltools.gnu-tools-for-stm32.11.3.rel1.linux64_1.1.100.202309141235/tools/bin/../lib/gcc/arm-none-eabi/11.3.1/thumb/v7e-m+fp/hard/crti.o
                0x000000000800bb64                _init
 .init          0x000000000800bb68        0x8 /opt/st/stm32cubeide_1.14.0/plugins/com.st.stm32cube.ide.mcu.externaltools.gnu-tools-for-stm32.11.3.rel1.linux64_1.1.100.202309141235/tools/bin/../lib/gcc/arm-none-eabi/11.3.1/thumb/v7e-m+fp/hard/crtn.o
 *(.fini)
 .fini          0x000000000800bb70        0x4 /opt/st/stm32cubeide_1.14.0/plugins/com.st.stm32cube.ide.mcu.externaltools.gnu-tools-for-stm32.11.3.rel1.linux64_1.1.100.202309141235/tools/bin/../lib/gcc/arm-none-eabi/11.3.1/thumb/v7e-m+fp/hard/crti.o
                0x000000000800bb70                _fini
 .fini          0x000000000800bb74        0x8 /opt/st/stm32cubeide_1.14.0/plugins/com.st.stm32cube.ide.mcu.externaltools.gnu-tools-for-stm32.11.3.rel1.linux64_1.1.100.202309141235/tools/bin/../lib/gcc/arm-none-eabi/11.3.1/thumb/v7e-m+fp/hard/crtn.o
                0x000000000800bb7c                . = ALIGN (0x4)
                0x000000000800bb7c                _etext = .

.vfp11_veneer   0x000000000800bb7c        0x0
 .vfp11_veneer  0x000000000800bb7c        0x0 linker stubs

.v4_bx          0x000000000800bb7c        0x0
 .v4_bx         0x000000000800bb7c        0x0 linker stubs

.iplt           0x000000000800bb7c        0x0
 .iplt          0x000000000800bb7c        0x0 /opt/st/stm32cubeide_1.14.0/plugins/com.st.stm32cube.ide.mcu.externaltools.gnu-tools-for-stm32.11.3.rel1.linux64_1.1.100.202309141235/tools/bin/../lib/gcc/arm-none-eabi/11.3.1/thumb/v7e-m+fp/hard/crtbegin.o

.rodata         0x000000000800bb7c      0x30c
                0x000000000800bb7c                . = ALIGN (0x4)
 *(.rodata)
 .rodata        0x000000000800bb7c       0x72 ./Core/App/app.o
 *fill*         0x000000000800bbee        0x2 
 .rodata        0x000000000800bbf0        0xc ./Core/Src/main.o
 .rodata        0x000000000800bbfc        0x5 ./Middlewares/Third_Party/FreeRTOS/Source/tasks.o
 *fill*         0x000000000800bc01        0x3 
 .rodata        0x000000000800bc04        0xd ./Middlewares/Third_Party/FreeRTOS/Source/timers.o
 *(.rodata*)
 *fill*         0x000000000800bc11        0x3 
 .rodata.senderTask_attributes
                0x000000000800bc14       0x24 ./Core/App/app.o
                0x000000000800bc14                senderTask_attributes
 .rodata.defaultTask_attributes
                0x000000000800bc38       0x24 ./Core/Src/main.o
                0x000000000800bc38                defaultTask_attributes
 .rodata.AHBPrescTable
                0x000000000800bc5c       0x10 ./Core/Src/system_stm32l4xx.o
                0x000000000800bc5c                AHBPrescTable
 .rodata.APBPrescTable
                0x000000000800bc6c        0x8 ./Core/Src/system_stm32l4xx.o
                0x000000000800bc6c                APBPrescTable
 .rodata.MSIRangeTable
                0x000000000800bc74       0x30 ./Core/Src/system_stm32l4xx.o
                0x000000000800bc74                MSIRangeTable
 .rodata._ctype_
                0x000000000800bca4      0x101 /opt/st/stm32cubeide_1.14.0/plugins/com.st.stm32cube.ide.mcu.externaltools.gnu-tools-for-stm32.11.3.rel1.linux64_1.1.100.202309141235/tools/bin/../lib/gcc/arm-none-eabi/11.3.1/../../../../arm-none-eabi/lib/thumb/v7e-m+fp/hard/libc_nano.a(libc_a-ctype_.o)
                0x000000000800bca4                _ctype_
 .rodata.strtok.str1.1
                0x000000000800bda5       0x71 /opt/st/stm32cubeide_1.14.0/plugins/com.st.stm32cube.ide.mcu.externaltools.gnu-tools-for-stm32.11.3.rel1.linux64_1.1.100.202309141235/tools/bin/../lib/gcc/arm-none-eabi/11.3.1/../../../../arm-none-eabi/lib/thumb/v7e-m+fp/hard/libc_nano.a(libc_a-strtok.o)
 .rodata.__assert_func.str1.1
                0x000000000800be16       0x3c /opt/st/stm32cubeide_1.14.0/plugins/com.st.stm32cube.ide.mcu.externaltools.gnu-tools-for-stm32.11.3.rel1.linux64_1.1.100.202309141235/tools/bin/../lib/gcc/arm-none-eabi/11.3.1/../../../../arm-none-eabi/lib/thumb/v7e-m+fp/hard/libc_nano.a(libc_a-assert.o)
                                         0x3d (size before relaxing)
 .rodata._svfprintf_r.str1.1
                0x000000000800be52       0x11 /opt/st/stm32cubeide_1.14.0/plugins/com.st.stm32cube.ide.mcu.externaltools.gnu-tools-for-stm32.11.3.rel1.linux64_1.1.100.202309141235/tools/bin/../lib/gcc/arm-none-eabi/11.3.1/../../../../arm-none-eabi/lib/thumb/v7e-m+fp/hard/libc_nano.a(libc_a-nano-svfprintf.o)
 .rodata._printf_i.str1.1
                0x000000000800be63       0x22 /opt/st/stm32cubeide_1.14.0/plugins/com.st.stm32cube.ide.mcu.externaltools.gnu-tools-for-stm32.11.3.rel1.linux64_1.1.100.202309141235/tools/bin/../lib/gcc/arm-none-eabi/11.3.1/../../../../arm-none-eabi/lib/thumb/v7e-m+fp/hard/libc_nano.a(libc_a-nano-vfprintf_i.o)
 .rodata._vfprintf_r.str1.1
                0x000000000800be85       0x11 /opt/st/stm32cubeide_1.14.0/plugins/com.st.stm32cube.ide.mcu.externaltools.gnu-tools-for-stm32.11.3.rel1.linux64_1.1.100.202309141235/tools/bin/../lib/gcc/arm-none-eabi/11.3.1/../../../../arm-none-eabi/lib/thumb/v7e-m+fp/hard/libc_nano.a(libc_a-nano-vfprintf.o)
                0x000000000800be98                . = ALIGN (0x4)
 *fill*         0x000000000800be85        0x3 

.ARM.extab      0x000000000800be88        0x0
                0x000000000800be88                . = ALIGN (0x4)
 *(.ARM.extab* .gnu.linkonce.armextab.*)
                0x000000000800be88                . = ALIGN (0x4)

.ARM            0x000000000800be88        0x8
                0x000000000800be88                . = ALIGN (0x4)
                0x000000000800be88                __exidx_start = .
 *(.ARM.exidx*)
 .ARM.exidx     0x000000000800be88        0x8 /opt/st/stm32cubeide_1.14.0/plugins/com.st.stm32cube.ide.mcu.externaltools.gnu-tools-for-stm32.11.3.rel1.linux64_1.1.100.202309141235/tools/bin/../lib/gcc/arm-none-eabi/11.3.1/thumb/v7e-m+fp/hard/libgcc.a(_udivmoddi4.o)
                0x000000000800be90                __exidx_end = .
                0x000000000800be90                . = ALIGN (0x4)

.rel.dyn        0x000000000800be90        0x0
 .rel.iplt      0x000000000800be90        0x0 /opt/st/stm32cubeide_1.14.0/plugins/com.st.stm32cube.ide.mcu.externaltools.gnu-tools-for-stm32.11.3.rel1.linux64_1.1.100.202309141235/tools/bin/../lib/gcc/arm-none-eabi/11.3.1/thumb/v7e-m+fp/hard/crtbegin.o

.preinit_array  0x000000000800be90        0x0
                0x000000000800be90                . = ALIGN (0x4)
                0x000000000800be90                PROVIDE (__preinit_array_start = .)
 *(.preinit_array*)
                0x000000000800be90                PROVIDE (__preinit_array_end = .)
                0x000000000800be90                . = ALIGN (0x4)

.init_array     0x000000000800be90        0x4
                0x000000000800be90                . = ALIGN (0x4)
                0x000000000800be90                PROVIDE (__init_array_start = .)
 *(SORT_BY_NAME(.init_array.*))
 *(.init_array*)
 .init_array    0x000000000800be90        0x4 /opt/st/stm32cubeide_1.14.0/plugins/com.st.stm32cube.ide.mcu.externaltools.gnu-tools-for-stm32.11.3.rel1.linux64_1.1.100.202309141235/tools/bin/../lib/gcc/arm-none-eabi/11.3.1/thumb/v7e-m+fp/hard/crtbegin.o
                0x000000000800be94                PROVIDE (__init_array_end = .)
                0x000000000800be94                . = ALIGN (0x4)

.fini_array     0x000000000800be94        0x4
                0x000000000800be94                . = ALIGN (0x4)
                [!provide]                        PROVIDE (__fini_array_start = .)
 *(SORT_BY_NAME(.fini_array.*))
 *(.fini_array*)
 .fini_array    0x000000000800be94        0x4 /opt/st/stm32cubeide_1.14.0/plugins/com.st.stm32cube.ide.mcu.externaltools.gnu-tools-for-stm32.11.3.rel1.linux64_1.1.100.202309141235/tools/bin/../lib/gcc/arm-none-eabi/11.3.1/thumb/v7e-m+fp/hard/crtbegin.o
                [!provide]                        PROVIDE (__fini_array_end = .)
                0x000000000800be98                . = ALIGN (0x4)
                0x000000000800be98                _sidata = LOADADDR (.data)

.data           0x0000000020000000       0x6c load address 0x000000000800be98
                0x0000000020000000                . = ALIGN (0x4)
                0x0000000020000000                _sdata = .
 *(.data)
 *(.data*)
 .data.SystemCoreClock
                0x0000000020000000        0x4 ./Core/Src/system_stm32l4xx.o
                0x0000000020000000                SystemCoreClock
 .data.uwTickPrio
                0x0000000020000004        0x4 ./Drivers/STM32L4xx_HAL_Driver/Src/stm32l4xx_hal.o
                0x0000000020000004                uwTickPrio
 .data.uwTickFreq
                0x0000000020000008        0x1 ./Drivers/STM32L4xx_HAL_Driver/Src/stm32l4xx_hal.o
                0x0000000020000008                uwTickFreq
 *fill*         0x0000000020000009        0x3 
 .data.uxCriticalNesting
                0x000000002000000c        0x4 ./Middlewares/Third_Party/FreeRTOS/Source/portable/GCC/ARM_CM4F/port.o
 .data.__sglue  0x0000000020000010        0xc /opt/st/stm32cubeide_1.14.0/plugins/com.st.stm32cube.ide.mcu.externaltools.gnu-tools-for-stm32.11.3.rel1.linux64_1.1.100.202309141235/tools/bin/../lib/gcc/arm-none-eabi/11.3.1/../../../../arm-none-eabi/lib/thumb/v7e-m+fp/hard/libc_nano.a(libc_a-findfp.o)
                0x0000000020000010                __sglue
 .data._impure_data
                0x000000002000001c       0x4c /opt/st/stm32cubeide_1.14.0/plugins/com.st.stm32cube.ide.mcu.externaltools.gnu-tools-for-stm32.11.3.rel1.linux64_1.1.100.202309141235/tools/bin/../lib/gcc/arm-none-eabi/11.3.1/../../../../arm-none-eabi/lib/thumb/v7e-m+fp/hard/libc_nano.a(libc_a-impure.o)
                0x000000002000001c                _impure_data
 .data._impure_ptr
                0x0000000020000068        0x4 /opt/st/stm32cubeide_1.14.0/plugins/com.st.stm32cube.ide.mcu.externaltools.gnu-tools-for-stm32.11.3.rel1.linux64_1.1.100.202309141235/tools/bin/../lib/gcc/arm-none-eabi/11.3.1/../../../../arm-none-eabi/lib/thumb/v7e-m+fp/hard/libc_nano.a(libc_a-impure.o)
                0x0000000020000068                _impure_ptr
 *(.RamFunc)
 *(.RamFunc*)
                0x000000002000006c                . = ALIGN (0x4)
                0x000000002000006c                _edata = .

.igot.plt       0x000000002000006c        0x0 load address 0x000000000800bf04
 .igot.plt      0x000000002000006c        0x0 /opt/st/stm32cubeide_1.14.0/plugins/com.st.stm32cube.ide.mcu.externaltools.gnu-tools-for-stm32.11.3.rel1.linux64_1.1.100.202309141235/tools/bin/../lib/gcc/arm-none-eabi/11.3.1/thumb/v7e-m+fp/hard/crtbegin.o
                0x000000002000006c                . = ALIGN (0x4)

.bss            0x000000002000006c     0x1c18 load address 0x000000000800bf04
                0x000000002000006c                _sbss = .
                0x000000002000006c                __bss_start__ = _sbss
 *(.bss)
 .bss           0x000000002000006c       0x1c /opt/st/stm32cubeide_1.14.0/plugins/com.st.stm32cube.ide.mcu.externaltools.gnu-tools-for-stm32.11.3.rel1.linux64_1.1.100.202309141235/tools/bin/../lib/gcc/arm-none-eabi/11.3.1/thumb/v7e-m+fp/hard/crtbegin.o
 *(.bss*)
 .bss.ir_sensor1
                0x0000000020000088        0x2 ./Core/App/app.o
                0x0000000020000088                ir_sensor1
 .bss.ir_sensor2
                0x000000002000008a        0x2 ./Core/App/app.o
                0x000000002000008a                ir_sensor2
 .bss.ir_sensor3
                0x000000002000008c        0x2 ./Core/App/app.o
                0x000000002000008c                ir_sensor3
 .bss.ir_sensor4
                0x000000002000008e        0x2 ./Core/App/app.o
                0x000000002000008e                ir_sensor4
 .bss.smoke_sensor1
                0x0000000020000090        0x2 ./Core/App/app.o
                0x0000000020000090                smoke_sensor1
 .bss.smoke_sensor2
                0x0000000020000092        0x2 ./Core/App/app.o
                0x0000000020000092                smoke_sensor2
 .bss.uartMutex
                0x0000000020000094        0x4 ./Core/App/app.o
                0x0000000020000094                uartMutex
 .bss.senderThreadId
                0x0000000020000098        0x4 ./Core/App/app.o
                0x0000000020000098                senderThreadId
 .bss.receiverThreadId
                0x000000002000009c        0x4 ./Core/App/app.o
                0x000000002000009c                receiverThreadId
 .bss.hadc1     0x00000000200000a0       0x64 ./Core/Src/main.o
                0x00000000200000a0                hadc1
 .bss.htim1     0x0000000020000104       0x4c ./Core/Src/main.o
                0x0000000020000104                htim1
 .bss.htim3     0x0000000020000150       0x4c ./Core/Src/main.o
                0x0000000020000150                htim3
 .bss.huart2    0x000000002000019c       0x88 ./Core/Src/main.o
                0x000000002000019c                huart2
 .bss.defaultTaskHandle
                0x0000000020000224        0x4 ./Core/Src/main.o
                0x0000000020000224                defaultTaskHandle
 .bss.__sbrk_heap_end
                0x0000000020000228        0x4 ./Core/Src/sysmem.o
 .bss.uwTick    0x000000002000022c        0x4 ./Drivers/STM32L4xx_HAL_Driver/Src/stm32l4xx_hal.o
                0x000000002000022c                uwTick
 .bss.KernelState
                0x0000000020000230        0x4 ./Middlewares/Third_Party/FreeRTOS/Source/CMSIS_RTOS_V2/cmsis_os2.o
 .bss.Idle_TCB.3
                0x0000000020000234       0x5c ./Middlewares/Third_Party/FreeRTOS/Source/CMSIS_RTOS_V2/cmsis_os2.o
 .bss.Idle_Stack.2
                0x0000000020000290      0x200 ./Middlewares/Third_Party/FreeRTOS/Source/CMSIS_RTOS_V2/cmsis_os2.o
 .bss.Timer_TCB.1
                0x0000000020000490       0x5c ./Middlewares/Third_Party/FreeRTOS/Source/CMSIS_RTOS_V2/cmsis_os2.o
 .bss.Timer_Stack.0
                0x00000000200004ec      0x400 ./Middlewares/Third_Party/FreeRTOS/Source/CMSIS_RTOS_V2/cmsis_os2.o
 .bss.xQueueRegistry
                0x00000000200008ec       0x40 ./Middlewares/Third_Party/FreeRTOS/Source/queue.o