../Core/Src/main.c:86:5:main	8	static
../Core/Src/main.c:177:6:SystemClock_Config	96	static
../Core/Src/main.c:226:6:PeriphCommonClock_Config	144	static
../Core/Src/main.c:252:13:MX_ADC1_Init	48	static
../Core/Src/main.c:319:13:MX_ADC2_Init	32	static
../Core/Src/main.c:377:13:MX_TIM1_Init	96	static
../Core/Src/main.c:447:13:MX_USART2_UART_Init	8	static
../Core/Src/main.c:482:13:MX_GPIO_Init	40	static
../Core/Src/main.c:546:6:StartDefaultTask	16	static
../Core/Src/main.c:561:6:Error_Handler	4	static,ignoring_inline_asm
