../Core/Src/main.c:88:5:main	8	static
../Core/Src/main.c:183:6:SystemClock_Config	96	static
../Core/Src/main.c:232:6:PeriphCommonClock_Config	144	static
../Core/Src/main.c:258:13:MX_ADC1_Init	48	static
../Core/Src/main.c:325:13:MX_ADC2_Init	32	static
../Core/Src/main.c:383:13:MX_TIM1_Init	96	static
../Core/Src/main.c:453:13:MX_TIM3_Init	64	static
../Core/Src/main.c:512:13:MX_USART2_UART_Init	8	static
../Core/Src/main.c:547:13:MX_GPIO_Init	40	static
../Core/Src/main.c:611:6:StartDefaultTask	16	static
../Core/Src/main.c:626:6:Error_Handler	4	static,ignoring_inline_asm
