09:36:55 **** Incremental Build of configuration Debug for project VigiWheels_Fire_Detection ****
make -j8 all 
arm-none-eabi-size  VigiWheels_Fire_Detection.elf 
   text	   data	    bss	    dec	    hex	filename
  43504	    116	   8756	  52376	   cc98	VigiWheels_Fire_Detection.elf
Finished building: default.size.stdout
 
09:37:25 **** Incremental Build of configuration Debug for project VigiWheels_Fire_Detection ****
make -j8 all 
arm-none-eabi-size  VigiWheels_Fire_Detection.elf 
   text	   data	    bss	    dec	    hex	filename
  43504	    116	   8756	  52376	   cc98	VigiWheels_Fire_Detection.elf
Finished building: default.size.stdout
 
10:30:36 **** Incremental Build of configuration Debug for project VigiWheels_Fire_Detection ****
make -j8 all 
arm-none-eabi-size  VigiWheels_Fire_Detection.elf 
   text	   data	    bss	    dec	    hex	filename
  43504	    116	   8756	  52376	   cc98	VigiWheels_Fire_Detection.elf
Finished building: default.size.stdout
 
10:30:56 **** Incremental Build of configuration Debug for project VigiWheels_Fire_Detection ****
make -j8 all 
arm-none-eabi-size  VigiWheels_Fire_Detection.elf 
   text	   data	    bss	    dec	    hex	filename
  43504	    116	   8756	  52376	   cc98	VigiWheels_Fire_Detection.elf
Finished building: default.size.stdout
 
10:31:19 **** Incremental Build of configuration Debug for project VigiWheels_Fire_Detection ****
make -j8 all 
arm-none-eabi-size  VigiWheels_Fire_Detection.elf 
   text	   data	    bss	    dec	    hex	filename
  43504	    116	   8756	  52376	   cc98	VigiWheels_Fire_Detection.elf
Finished building: default.size.stdout
 
